******************************************************************************
             TMS320C2000 Linker PC v22.6.1                     
******************************************************************************
>> Linked Fri Apr 17 10:10:21 2026

OUTPUT FILE NAME:   <adc_ex2_soc_epwm.out>
ENTRY POINT SYMBOL: "code_start"  address: 00082000


MEMORY CONFIGURATION

         name            origin    length      used     unused   attr    fill
----------------------  --------  ---------  --------  --------  ----  --------
  BOOT_RSVD             00000002   00000126  00000000  00000126  RWIX
  RAMM0                 00000128   000002d8  00000000  000002d8  RWIX
  RAMM1                 00000400   00000400  00000200  00000200  RWIX
  CLATOCPURAM           00001480   00000080  00000000  00000080  RWIX
  CPUTOCLARAM           00001500   00000080  00000000  00000080  RWIX
  CLATODMARAM           00001680   00000080  00000000  00000080  RWIX
  DMATOCLARAM           00001700   00000080  00000000  00000080  RWIX
  RAMLS0                00008000   00000800  00000000  00000800  RWIX
  RAMLS1                00008800   00000800  00000000  00000800  RWIX
  RAMLS2                00009000   00001000  00000588  00000a78  RWIX
  RAMLS4                0000a000   00000800  00000000  00000800  RWIX
  RAMLS5                0000a800   00000800  00000102  000006fe  RWIX
  RAMLS6                0000b000   00000800  00000000  00000800  RWIX
  RAMLS7                0000b800   00000800  00000000  00000800  RWIX
  RAMGS0                0000c000   00002000  00001200  00000e00  RWIX
  RAMGS1                0000e000   00002000  00001815  000007eb  RWIX
  RAMGS2                00010000   00002000  00001200  00000e00  RWIX
  RAMGS3                00012000   00001300  00000000  00001300  RWIX
  RAMLS89               00013300   00004d00  00002a06  000022fa  RWIX
  BEGIN                 00082000   00000002  00000002  00000000  RWIX
  FLASH_BANK0           00082002   0001dffe  00003946  0001a6b8  RWIX
  FLASH_BANK1           000a0000   00020000  00000000  00020000  RWIX
  FLASH_BANK2           000c0000   00020000  00000000  00020000  RWIX
  FLASH_BANK3           000e0000   00020000  00000000  00020000  RWIX
  FLASH_BANK4           00100000   00008000  00000000  00008000  RWIX
  RESET                 003fffc0   00000002  00000000  00000002  RWIX


SECTION ALLOCATION MAP

 output                                  attributes/
section   page    origin      length       input sections
--------  ----  ----------  ----------   ----------------
codestart 
*          0    00082000    00000002     
                  00082000    00000002     f28p55x_codestartbranch.obj (codestart)

.cinit     0    000858a8    000000b0     
                  000858a8    00000045     (.cinit..data.load) [load image, compression = lzss]
                  000858ed    00000001     --HOLE-- [fill = 0]
                  000858ee    00000006     (__TI_handler_table)
                  000858f4    00000004     (.cinit..bss.1.load) [load image, compression = zero_init]
                  000858f8    00000004     (.cinit..bss.2.load) [load image, compression = zero_init]
                  000858fc    00000004     (.cinit..bss.3.load) [load image, compression = zero_init]
                  00085900    00000004     (.cinit..bss.4.load) [load image, compression = zero_init]
                  00085904    00000004     (.cinit..bss.5.load) [load image, compression = zero_init]
                  00085908    00000004     (.cinit..bss.6.load) [load image, compression = zero_init]
                  0008590c    00000004     (.cinit.RFFTdata1.load) [load image, compression = zero_init]
                  00085910    00000004     (.cinit.RFFTdata2.load) [load image, compression = zero_init]
                  00085914    00000004     (.cinit.RFFTdata3.load) [load image, compression = zero_init]
                  00085918    00000004     (.cinit.RFFTdata4.load) [load image, compression = zero_init]
                  0008591c    00000004     (.cinit.ramgs3.load) [load image, compression = zero_init]
                  00085920    00000004     (.cinit.ramgs4.load) [load image, compression = zero_init]
                  00085924    00000034     (__TI_cinit_table)

.reset     0    003fffc0    00000000     DSECT

.stack     0    00000400    00000200     UNINITIALIZED
                  00000400    00000200     --HOLE--

.init_array 
*          0    00082008    00000000     UNINITIALIZED

FPUmathTables 
*          0    00008000    00000000     UNINITIALIZED

.data      0    0000a800    00000102     UNINITIALIZED
                  0000a800    0000003d     can_isr.obj (.data)
                  0000a83d    00000001     --HOLE--
                  0000a83e    00000002     rts2800_fpu32_eabi.lib : _lock.c.obj (.data:_lock)
                  0000a840    00000030     voltage_rx.obj (.data)
                  0000a870    00000010     driverlib.lib : mcan.obj (.data:objSize)
                  0000a880    00000022     can_bu.obj (.data)
                  0000a8a2    00000020     driverlib.lib : mcan.obj (.data:dataSize)
                  0000a8c2    0000001e     adc_ex2_soc_epwm.obj (.data)
                  0000a8e0    0000000c     pdu_manager.obj (.data)
                  0000a8ec    00000008     ct_dma.obj (.data)
                  0000a8f4    00000006     rts2800_fpu32_eabi.lib : exit.c.obj (.data)
                  0000a8fa    00000005     fw_update_bu.obj (.data)
                  0000a8ff    00000001     --HOLE--
                  0000a900    00000002     rts2800_fpu32_eabi.lib : _lock.c.obj (.data:_unlock)

.const     0    00082590    0000076a     
                  00082590    00000200     fw_update_bu.obj (.const:fwCrc32Table)
                  00082790    00000154     adc_ex2_soc_epwm.obj (.const:.string)
                  000828e4    0000009b     driverlib.lib : flash.obj (.const:.string)
                  0008297f    00000001     --HOLE-- [fill = 0]
                  00082980    0000009a                   : sysctl.obj (.const:.string)
                  00082a1a    00000098                   : gpio.obj (.const:.string)
                  00082ab2    00000088     thd_adc_driver.obj (.const:.string)
                  00082b3a    00000087     ct_dma.obj (.const:.string)
                  00082bc1    00000001     --HOLE-- [fill = 0]
                  00082bc2    00000059     device.obj (.const:.string)
                  00082c1b    00000001     --HOLE-- [fill = 0]
                  00082c1c    0000004c     driverlib.lib : mcan.obj (.const:.string)
                  00082c68    0000004b                   : pga.obj (.const:.string)
                  00082cb3    00000001     --HOLE-- [fill = 0]
                  00082cb4    00000044     can_bu.obj (.const:.string)
                  00082cf8    00000002     metrology_background.obj (.const)

.bss.1     0    0000e000    00001236     UNINITIALIZED
                  0000e000    00000800     fw_update_bu.obj (.bss:fwRing)
                  0000e800    00000692     metro.obj (.bss)
                  0000ee92    00000200     adc_ex2_soc_epwm.obj (.bss:RFFTTwiddleCoef)
                  0000f092    000001a4     can_bu.obj (.bss:g_rxMsg)

.bss.2     0    0000f240    0000041a     UNINITIALIZED
                  0000f240    00000108     voltage_rx.obj (.bss)
                  0000f348    00000100     voltage_rx.obj (.bss:g_BPhaseVoltageBuffer)
                  0000f448    00000100     voltage_rx.obj (.bss:g_RPhaseVoltageBuffer)
                  0000f548    00000100     voltage_rx.obj (.bss:g_YPhaseVoltageBuffer)
                  0000f648    00000012     metro.obj (.bss:ADCResults)

.bss.3     0    0000f680    000000d6     UNINITIALIZED
                  0000f680    000000d6     adc_ex2_soc_epwm.obj (.bss)

.bss.4     0    0000f780    00000062     UNINITIALIZED
                  0000f780    00000062     fw_update_bu.obj (.bss)

.bss.5     0    0000f800    0000008d     UNINITIALIZED
                  0000f800    0000004d     pdu_manager.obj (.bss)
                  0000f84d    00000040     voltage_rx.obj (.bss:g_debugFrame1Data)

RFFTdata3 
*          0    00013300    00000100     UNINITIALIZED
                  00013300    00000100     adc_ex2_soc_epwm.obj (RFFTdata3)

RFFTdata1 
*          0    00013400    00000200     UNINITIALIZED
                  00013400    00000200     adc_ex2_soc_epwm.obj (RFFTdata1)

RFFTdata4 
*          0    00013600    00000200     UNINITIALIZED
                  00013600    00000200     adc_ex2_soc_epwm.obj (RFFTdata4)

RFFTdata2 
*          0    00013800    00000102     UNINITIALIZED
                  00013800    00000102     adc_ex2_soc_epwm.obj (RFFTdata2)

.TI.ramfunc 
*          0    00082008    00000588     RUN ADDR = 00009000
                  00082008    000002c3     adc_ex2_soc_epwm.obj (.TI.ramfunc:adcA1ISR)
                  000822cb    000000c6     fw_update_bu.obj (.TI.ramfunc:buFw_writeBootFlag)
                  00082391    0000005a     fw_update_bu.obj (.TI.ramfunc:buFw_writePayloadToFlash)
                  000823eb    00000043     fw_update_bu.obj (.TI.ramfunc:buFw_eraseStagingBank)
                  0008242e    00000038     adc_ex2_soc_epwm.obj (.TI.ramfunc:dmaCh1ISR)
                  00082466    00000038     adc_ex2_soc_epwm.obj (.TI.ramfunc:dmaCh2ISR)
                  0008249e    00000036     driverlib.lib : flash.obj (.TI.ramfunc:Flash_initModule)
                  000824d4    00000025     flash_module.obj (.TI.ramfunc:FlashAPI_init)
                  000824f9    00000022     driverlib.lib : flash.obj (.TI.ramfunc:Flash_setWaitstates)
                  0008251b    00000018                   : flash.obj (.TI.ramfunc:Flash_disableCache)
                  00082533    00000017                   : flash.obj (.TI.ramfunc:Flash_disablePrefetch)
                  0008254a    00000016                   : flash.obj (.TI.ramfunc:Flash_enableCache)
                  00082560    00000016                   : flash.obj (.TI.ramfunc:Flash_enableECC)
                  00082576    00000016                   : flash.obj (.TI.ramfunc:Flash_enablePrefetch)
                  0008258c    00000004                   : sysctl.obj (.TI.ramfunc)

ramgs3     0    0000c000    00001200     UNINITIALIZED
                  0000c000    00001200     ct_dma.obj (ramgs3)

ramgs4     0    00010000    00001200     UNINITIALIZED
                  00010000    00001200     ct_dma.obj (ramgs4)

.bss.6     0    00013940    00002404     UNINITIALIZED
                  00013940    00002404     thd_adc_driver.obj (.bss)

.text      0    00082d00    00002ba4     
                  00082d00    000001df     can_bu.obj (.text:MCANConfig)
                  00082edf    000001cd     can_isr.obj (.text:MCANIntr1ISR)
                  000830ac    000001c2     driverlib.lib : mcan.obj (.text:MCAN_msgRAMConfig)
                  0008326e    00000189     FAPI_F28P55x_EABI_v4.00.00.lib : Program.obj (.text:Fapi_issueProgrammingCommand)
                  000833f7    0000017a                                    : Init.obj (.text:Fapi_initializeAPI)
                  00083571    00000123     driverlib.lib : sysctl.obj (.text:SysCtl_setClock)
                  00083694    00000122                   : mcan.obj (.text:MCAN_writeMsg)
                  000837b6    00000107                   : mcan.obj (.text:MCAN_readMsg)
                  000838bd    000000fe                   : sysctl.obj (.text:SysCtl_isPLLValid)
                  000839bb    000000f0                   : mcan.obj (.text:MCAN_init)
                  00083aab    000000eb                   : gpio.obj (.text:GPIO_setAnalogMode)
                  00083b96    000000d8     device.obj (.text:Device_enableAllPeripherals)
                  00083c6e    000000d4     voltage_rx.obj (.text:VoltageRx_processFrame)
                  00083d42    000000d2     can_bu.obj (.text:CAN_sendCalibrationGains)
                  00083e14    000000cf     device.obj (.text:Device_init)
                  00083ee3    000000b9     driverlib.lib : mcan.obj (.text:MCAN_setBitTime)
                  00083f9c    000000b8     metro.obj (.text:get_debugData)
                  00084054    00000098     driverlib.lib : mcan.obj (.text:MCAN_readMsgRam)
                  000840ec    00000091     metrology_background.obj (.text:Metrology_perSampleProcessing)
                  0008417d    00000078     driverlib.lib : mcan.obj (.text:MCAN_getRxFIFOStatus)
                  000841f5    00000075     adc_ex2_soc_epwm.obj (.text:cpuTimer0ISR)
                  0008426a    00000073     driverlib.lib : sysctl.obj (.text:DCC_setCounterSeeds)
                  000842dd    00000072                   : mcan.obj (.text:MCAN_getProtocolStatus)
                  0008434f    00000071     fw_update_bu.obj (.text:buFw_handleHeader)
                  000843c0    0000006c     fw_update_bu.obj (.text:BU_Fw_process)
                  0008442c    00000065     driverlib.lib : sysctl.obj (.text:SysCtl_getClock)
                  00084491    00000062     voltage_rx.obj (.text:VoltageRx_interruptHandler)
                  000844f3    0000005f     can_bu.obj (.text:canTxWaitComplete)
                  00084552    0000005b     fw_update_bu.obj (.text:buFw_sendResponse)
                  000845ad    0000005a     driverlib.lib : mcan.obj (.text:MCAN_writeRxFIFOAck)
                  00084607    00000058     can_bu.obj (.text:CAN_sendCalibFrameAck)
                  0008465f    00000057     driverlib.lib : mcan.obj (.text:MCAN_writeMsgRam)
                  000846b6    00000052                   : gpio.obj (.text:GPIO_setPadConfig)
                  00084708    00000051     adc_ex2_soc_epwm.obj (.text:sendAppHeartbeat)
                  00084759    0000004f     driverlib.lib : mcan.obj (.text:MCAN_addStdMsgIDFilter)
                  000847a8    0000004f     can_bu.obj (.text:canTxTryRecover)
                  000847f7    0000004e     can_bu.obj (.text:initDIPSwitchGPIO)
                  00084845    0000004d     fw_update_bu.obj (.text:buFw_calculateCRC32)
                  00084892    0000004a     can_bu.obj (.text:CAN_sendDiscoveryResponse)
                  000848dc    00000047     driverlib.lib : sysctl.obj (.text:SysCtl_selectOscSource)
                  00084923    00000046                   : sysctl.obj (.text:SysCtl_selectXTAL)
                  00084969    00000045                   : sysctl.obj (.text:SysCtl_pollX1Counter)
                  000849ae    00000044                   : pga.obj (.text:PGA_setOffsetTrimPMOS)
                  000849f2    00000041     adc_ex2_soc_epwm.obj (.text:GPIOISR)
                  00084a33    00000041     driverlib.lib : pga.obj (.text:PGA_setOffsetTrimNMOS)
                  00084a74    0000003d                   : interrupt.obj (.text:Interrupt_initModule)
                  00084ab1    0000003d     adc_ex2_soc_epwm.obj (.text:main)
                  00084aee    0000003c     metrology_background.obj (.text:logPhaseParameters)
                  00084b2a    0000003b     adc_ex2_soc_epwm.obj (.text:EPWM_isBaseValid)
                  00084b65    0000003b     thd_adc_driver.obj (.text:EPWM_isBaseValid)
                  00084ba0    0000003b     voltage_rx.obj (.text:VoltageRx_reset)
                  00084bdb    0000003a     FAPI_F28P55x_EABI_v4.00.00.lib : Async.obj (.text:Fapi_issueAsyncCommandWithAddress)
                  00084c15    00000039     driverlib.lib : gpio.obj (.text:GPIO_setQualificationPeriod)
                  00084c4e    00000037     fw_update_bu.obj (.text:BU_Fw_isrOnFrame)
                  00084c85    00000037     driverlib.lib : gpio.obj (.text:GPIO_setPinConfig)
                  00084cbc    00000037                   : gpio.obj (.text:GPIO_setQualificationMode)
                  00084cf3    00000037                   : interrupt.obj (.text:Interrupt_enable)
                  00084d2a    00000033                   : mcan.obj (.text:MCAN_enableIntr)
                  00084d5d    00000033                   : mcan.obj (.text:MCAN_selectIntrLine)
                  00084d90    00000031                   : gpio.obj (.text:GPIO_setDirectionMode)
                  00084dc1    00000030     can_bu.obj (.text:MCANIntrConfig)
                  00084df1    00000030     rts2800_fpu32_eabi.lib : copy_decompress_lzss.c.obj (.text:decompress:lzss)
                  00084e21    0000002d     can_isr.obj (.text:INT_myMCAN0_0_ISR)
                  00084e4e    0000002d     can_isr.obj (.text:INT_myMCAN0_1_ISR)
                  00084e7b    0000002c     driverlib.lib : mcan.obj (.text:MCAN_txBufAddReq)
                  00084ea7    0000002c                   : mcan.obj (.text:MCAN_txBufCancellationReq)
                  00084ed3    0000002c     fw_update_bu.obj (.text:buFw_handlePrepare)
                  00084eff    0000002b     rts2800_fpu32_eabi.lib : autoinit.c.obj (.text:__TI_auto_init_nobinit_nopinit)
                  00084f2a    0000002b     fw_update_bu.obj (.text:buFw_handleVerify)
                  00084f55    0000002a     FAPI_F28P55x_EABI_v4.00.00.lib : Utilities.obj (.text:Write_32bp)
                  00084f7f    00000029     driverlib.lib : mcan.obj (.text:MCAN_enableIntrLine)
                  00084fa8    00000029     adc_ex2_soc_epwm.obj (.text:SysCtl_setMCANClk)
                  00084fd1    00000029     rts2800_fpu32_eabi.lib : exit.c.obj (.text)
                  00084ffa    00000026     FAPI_F28P55x_EABI_v4.00.00.lib : Utilities.obj (.text:Write_32)
                  00085020    00000025     board.obj (.text:INTERRUPT_init)
                  00085045    00000025     driverlib.lib : sysctl.obj (.text:SysCtl_selectXTALSingleEnded)
                  0008506a    00000024                   : sysctl.obj (.text:DCC_enableSingleShotMode)
                  0008508e    00000023     ct_dma.obj (.text:DMA_isBaseValid)
                  000850b1    00000023     adc_ex2_soc_epwm.obj (.text:GPIO_isPinValid)
                  000850d4    00000023     can_bu.obj (.text:GPIO_isPinValid)
                  000850f7    00000023     driverlib.lib : gpio.obj (.text:GPIO_isPinValid)
                  0008511a    00000023     can_bu.obj (.text:GPIO_readPin)
                  0008513d    00000022     adc_ex2_soc_epwm.obj (.text:ADC_readResult)
                  0008515f    00000021     FAPI_F28P55x_EABI_v4.00.00.lib : FlashStateMachine.obj (.text:Fapi_setupBankSectorEnable)
                  00085180    00000021     metrology_background.obj (.text:metrology_dcFilter)
                  000851a1    00000020     can_bu.obj (.text:readCANAddress)
                  000851c1    0000001f     adc_ex2_soc_epwm.obj (.text:ADC_getInterruptOverflowStatus)
                  000851e0    0000001f     adc_ex2_soc_epwm.obj (.text:ADC_isBaseValid)
                  000851ff    0000001f     ct_dma.obj (.text:CT_DMA_getInactiveCTBuffer)
                  0008521e    0000001f     adc_ex2_soc_epwm.obj (.text:DAC_setShadowValue)
                  0008523d    0000001f     adc_ex2_soc_epwm.obj (.text:GPIO_togglePin)
                  0008525c    0000001f     driverlib.lib : mcan.obj (.text:MCAN_clearNewDataStatus)
                  0008527b    0000001f                   : mcan.obj (.text:MCAN_isMemInitDone)
                  0008529a    0000001e                   : sysctl.obj (.text:DCC_setCounter0ClkSource)
                  000852b8    0000001e                   : sysctl.obj (.text:DCC_setCounter1ClkSource)
                  000852d6    0000001e                   : interrupt.obj (.text:Interrupt_initVectorTable)
                  000852f4    0000001d                   : mcan.obj (.text:MCAN_getNewDataStatus)
                  00085311    0000001d     rts2800_fpu32_eabi.lib : memcpy.c.obj (.text)
                  0008532e    0000001c     thd_adc_driver.obj (.text:EPWM_enableADCTrigger)
                  0008534a    0000001c     FAPI_F28P55x_EABI_v4.00.00.lib : FlashStateMachine.obj (.text:Fapi_CheckLinkPointers)
                  00085366    0000001a     device.obj (.text:Device_initGPIO)
                  00085380    0000001a     driverlib.lib : mcan.obj (.text:MCAN_clearInterrupt)
                  0008539a    0000001a                   : sysctl.obj (.text:SysCtl_getLowSpeedClock)
                  000853b4    0000001a     thd_adc_driver.obj (.text:THD_ADC_start)
                  000853ce    0000001a     fw_update_bu.obj (.text:buFw_isAddressedToMe)
                  000853e8    00000019     fw_update_bu.obj (.text:BU_Fw_init)
                  00085401    00000019     driverlib.lib : mcan.obj (.text:MCAN_setOpMode)
                  0008541a    00000019                   : mcan.obj (.text:MCAN_writeProtectedRegAccessLock)
                  00085433    00000019                   : mcan.obj (.text:MCAN_writeProtectedRegAccessUnlock)
                  0008544c    00000019                   : sysctl.obj (.text:SysCtl_setPLLSysClk)
                  00085465    00000019     rts2800_fpu32_fast_supplement_eabi.lib : div_f32.obj (.text)
                  0008547e    00000017     adc_ex2_soc_epwm.obj (.text:ADC_clearInterruptOverflowStatus)
                  00085495    00000017     adc_ex2_soc_epwm.obj (.text:ADC_clearInterruptStatus)
                  000854ac    00000017     driverlib.lib : mcan.obj (.text:HW_WR_FIELD32_RAW)
                  000854c3    00000017                   : mcan.obj (.text:MCAN_getOpMode)
                  000854da    00000017                   : pga.obj (.text:PGA_isBaseValid)
                  000854f1    00000017     device.obj (.text:SysCtl_enablePeripheral)
                  00085508    00000017     driverlib.lib : sysctl.obj (.text:SysCtl_enablePeripheral)
                  0008551f    00000017     rts2800_fpu32_eabi.lib : boot28.asm.obj (.text)
                  00085536    00000016     driverlib.lib : sysctl.obj (.text:DCC_disableDoneSignal)
                  0008554c    00000016                   : interrupt.obj (.text:Interrupt_defaultHandler)
                  00085562    00000015                   : sysctl.obj (.text:DCC_clearDoneFlag)
                  00085577    00000015                   : sysctl.obj (.text:DCC_clearErrorFlag)
                  0008558c    00000015                   : sysctl.obj (.text:DCC_disableErrorSignal)
                  000855a1    00000015                   : sysctl.obj (.text:DCC_isBaseValid)
                  000855b6    00000015     ct_dma.obj (.text:DMA_clearTriggerFlag)
                  000855cb    00000015     device.obj (.text:GPIO_unlockPortConfig)
                  000855e0    00000015     driverlib.lib : mcan.obj (.text:MCAN_clearIntrStatus)
                  000855f5    00000015                   : mcan.obj (.text:MCAN_isBaseValid)
                  0008560a    00000015     fw_update_bu.obj (.text:buFw_handleAbort)
                  0008561f    00000014     driverlib.lib : sysctl.obj (.text:DCC_disableModule)
                  00085633    00000014                   : sysctl.obj (.text:DCC_enableModule)
                  00085647    00000014     adc_ex2_soc_epwm.obj (.text:EPWM_setTimeBaseCounterMode)
                  0008565b    00000014     thd_adc_driver.obj (.text:EPWM_setTimeBaseCounterMode)
                  0008566f    00000014     driverlib.lib : mcan.obj (.text:MCAN_getDataSize)
                  00085683    00000014                   : mcan.obj (.text:MCAN_getMsgObjSize)
                  00085697    00000013                   : mcan.obj (.text:MCAN_getIntrStatus)
                  000856aa    00000013                   : mcan.obj (.text:MCAN_getTxBufReqPend)
                  000856bd    00000012     adc_ex2_soc_epwm.obj (.text:EPWM_setTimeBaseCounter)
                  000856cf    00000011     FAPI_F28P55x_EABI_v4.00.00.lib : FlashStateMachine.obj (.text:Fapi_issueFsmCommand)
                  000856e0    00000010     ct_dma.obj (.text:CT_DMA_ch1ISR)
                  000856f0    00000010     ct_dma.obj (.text:CT_DMA_ch2ISR)
                  00085700    00000010     FAPI_F28P55x_EABI_v4.00.00.lib : Utilities.obj (.text:Fapi_regReadback)
                  00085710    00000010     driverlib.lib : flash.obj (.text:Flash_isCtrlBaseValid)
                  00085720    00000010                   : flash.obj (.text:Flash_isECCBaseValid)
                  00085730    0000000f     adc_ex2_soc_epwm.obj (.text:DAC_isBaseValid)
                  0008573f    0000000f     board.obj (.text:Interrupt_register)
                  0008574e    0000000f     can_bu.obj (.text:Interrupt_register)
                  0008575d    0000000f     thd_adc_driver.obj (.text:Interrupt_register)
                  0008576c    0000000f     can_bu.obj (.text:readDIPSwitch)
                  0008577b    0000000e     adc_ex2_soc_epwm.obj (.text:initMCAN)
                  00085789    0000000d     FAPI_F28P55x_EABI_v4.00.00.lib : FlashStateMachine.obj (.text:Fapi_checkFsmForReady)
                  00085796    0000000d     driverlib.lib : mcan.obj (.text:HW_RD_FIELD32_RAW)
                  000857a3    0000000d                   : interrupt.obj (.text:Interrupt_disableGlobal)
                  000857b0    0000000d                   : interrupt.obj (.text:Interrupt_enableGlobal)
                  000857bd    0000000d     can_isr.obj (.text:SysCtl_resetDevice)
                  000857ca    0000000d     fw_update_bu.obj (.text:SysCtl_resetDevice)
                  000857d7    0000000d     device.obj (.text:SysCtl_setLowSpeedClock)
                  000857e4    0000000d     thd_adc_driver.obj (.text:THD_ADC_isr)
                  000857f1    0000000c     rts2800_fpu32_eabi.lib : args_main.c.obj (.text)
                  000857fd    0000000b     device.obj (.text:SysCtl_disableWatchdog)
                  00085808    0000000b     driverlib.lib : sysctl.obj (.text:SysCtl_isMCDClockFailureDetected)
                  00085813    0000000a                   : interrupt.obj (.text:Interrupt_illegalOperationHandler)
                  0008581d    0000000a                   : interrupt.obj (.text:Interrupt_nmiHandler)
                  00085827    0000000a     fw_update_bu.obj (.text:buFw_handleActivate)
                  00085831    00000009     rts2800_fpu32_eabi.lib : _lock.c.obj (.text)
                  0008583a    00000008     flash_module.obj (.text:Example_Error)
                  00085842    00000008     rts2800_fpu32_eabi.lib : copy_decompress_none.c.obj (.text:decompress:none)
                  0008584a    00000008     f28p55x_codestartbranch.obj (.text)
                  00085852    00000007     device.obj (.text:ASysCtl_lockVREG)
                  00085859    00000007     driverlib.lib : mcan.obj (.text:HW_RD_REG32_RAW)
                  00085860    00000007                   : mcan.obj (.text:HW_WR_REG32_RAW)
                  00085867    00000007                   : sysctl.obj (.text:SysCtl_resetMCD)
                  0008586e    00000007     voltage_rx.obj (.text:VoltageRx_init)
                  00085875    00000007     rts2800_fpu32_eabi.lib : memset.c.obj (.text)
                  0008587c    00000006     FAPI_F28P55x_EABI_v4.00.00.lib : FlashStateMachine.obj (.text:Fapi_setActiveFlashBank)
                  00085882    00000006     adc_ex2_soc_epwm.obj (.text:Interrupt_clearACKGroup)
                  00085888    00000006     can_isr.obj (.text:Interrupt_clearACKGroup)
                  0008588e    00000006     rts2800_fpu32_eabi.lib : copy_zero_init.c.obj (.text:decompress:ZI)
                  00085894    00000005     device.obj (.text:__error__)
                  00085899    00000004     ct_dma.obj (.text:CT_DMA_isComplete)
                  0008589d    00000004     FAPI_F28P55x_EABI_v4.00.00.lib : FlashStateMachine.obj (.text:Fapi_getFsmStatus)
                  000858a1    00000002     rts2800_fpu32_eabi.lib : pre_init.c.obj (.text)
                  000858a3    00000001                            : startup.c.obj (.text)

MODULE SUMMARY

       Module                        code    ro data   rw data
       ------                        ----    -------   -------
    .\
       adc_ex2_soc_epwm.obj          2374    340       2294   
       metro.obj                     184     0         1700   
    +--+-----------------------------+-------+---------+---------+
       Total:                        2558    340       3994   
                                                              
    .\THD_Module\
       thd_adc_driver.obj            161     136       9220   
    +--+-----------------------------+-------+---------+---------+
       Total:                        161     136       9220   
                                                              
    .\device\
       device.obj                    529     89        0      
       f28p55x_codestartbranch.obj   10      0         0      
    +--+-----------------------------+-------+---------+---------+
       Total:                        539     89        0      
                                                              
    .\metrology\
       metrology_background.obj      238     2         0      
    +--+-----------------------------+-------+---------+---------+
       Total:                        238     2         0      
                                                              
    .\src\
       ct_dma.obj                    123     135       9224   
       can_bu.obj                    1283    68        454    
       voltage_rx.obj                376     0         1144   
       can_isr.obj                   570     0         61     
       pdu_manager.obj               0       0         89     
       flash_module.obj              82      0         0      
    +--+-----------------------------+-------+---------+---------+
       Total:                        2434    203       10972  
                                                              
    .\src\Firmware Upgrade\
       fw_update_bu.obj              1336    512       2151   
    +--+-----------------------------+-------+---------+---------+
       Total:                        1336    512       2151   
                                                              
    .\syscfg\
       board.obj                     52      0         0      
    +--+-----------------------------+-------+---------+---------+
       Total:                        52      0         0      
                                                              
    ../FAPI_F28P55x_EABI_v4.00.00.lib
       Program.obj                   393     0         0      
       Init.obj                      378     0         0      
       FlashStateMachine.obj         101     0         0      
       Utilities.obj                 96      0         0      
       Async.obj                     58      0         0      
    +--+-----------------------------+-------+---------+---------+
       Total:                        1026    0         0      
                                                              
    C:/ti/c2000/C2000Ware_5_04_00_00/driverlib/f28p55x/driverlib/ccs/Debug/driverlib.lib
       mcan.obj                      2686    76        48     
       sysctl.obj                    1350    154       0      
       gpio.obj                      568     152       0      
       flash.obj                     434     155       0      
       pga.obj                       156     75        0      
       interrupt.obj                 214     0         0      
    +--+-----------------------------+-------+---------+---------+
       Total:                        5408    612       48     
                                                              
    C:\ti\c2000\C2000Ware_5_04_00_00\libraries\math\FPUfastRTS\c28\lib\rts2800_fpu32_fast_supplement_eabi.lib
       div_f32.obj                   25      0         0      
    +--+-----------------------------+-------+---------+---------+
       Total:                        25      0         0      
                                                              
    C:\ti\ccs1281\ccs\tools\compiler\ti-cgt-c2000_22.6.1.LTS\lib\rts2800_fpu32_eabi.lib
       copy_decompress_lzss.c.obj    48      0         0      
       exit.c.obj                    41      0         6      
       autoinit.c.obj                43      0         0      
       memcpy.c.obj                  29      0         0      
       boot28.asm.obj                23      0         0      
       _lock.c.obj                   9       0         4      
       args_main.c.obj               12      0         0      
       copy_decompress_none.c.obj    8       0         0      
       memset.c.obj                  7       0         0      
       copy_zero_init.c.obj          6       0         0      
       pre_init.c.obj                2       0         0      
       startup.c.obj                 1       0         0      
    +--+-----------------------------+-------+---------+---------+
       Total:                        229     0         10     
                                                              
       Stack:                        0       0         512    
       Linker Generated:             0       175       0      
    +--+-----------------------------+-------+---------+---------+
       Grand Total:                  14006   2069      26907  


LINKER GENERATED COPY TABLES

__TI_cinit_table @ 00085924 records: 13, size/record: 4, table size: 52
	.data: load addr=000858a8, load size=00000045 bytes, run addr=0000a800, run size=00000102 bytes, compression=lzss
	.bss.1: load addr=000858f4, load size=00000004 bytes, run addr=0000e000, run size=00001236 bytes, compression=zero_init
	.bss.2: load addr=000858f8, load size=00000004 bytes, run addr=0000f240, run size=0000041a bytes, compression=zero_init
	.bss.3: load addr=000858fc, load size=00000004 bytes, run addr=0000f680, run size=000000d6 bytes, compression=zero_init
	.bss.4: load addr=00085900, load size=00000004 bytes, run addr=0000f780, run size=00000062 bytes, compression=zero_init
	.bss.5: load addr=00085904, load size=00000004 bytes, run addr=0000f800, run size=0000008d bytes, compression=zero_init
	.bss.6: load addr=00085908, load size=00000004 bytes, run addr=00013940, run size=00002404 bytes, compression=zero_init
	RFFTdata1: load addr=0008590c, load size=00000004 bytes, run addr=00013400, run size=00000200 bytes, compression=zero_init
	RFFTdata2: load addr=00085910, load size=00000004 bytes, run addr=00013800, run size=00000102 bytes, compression=zero_init
	RFFTdata3: load addr=00085914, load size=00000004 bytes, run addr=00013300, run size=00000100 bytes, compression=zero_init
	RFFTdata4: load addr=00085918, load size=00000004 bytes, run addr=00013600, run size=00000200 bytes, compression=zero_init
	ramgs3: load addr=0008591c, load size=00000004 bytes, run addr=0000c000, run size=00001200 bytes, compression=zero_init
	ramgs4: load addr=00085920, load size=00000004 bytes, run addr=00010000, run size=00001200 bytes, compression=zero_init


LINKER GENERATED HANDLER TABLE

__TI_handler_table @ 000858ee records: 3, size/record: 2, table size: 6
	index: 0, handler: __TI_zero_init
	index: 1, handler: __TI_decompress_lzss
	index: 2, handler: __TI_decompress_none


GLOBAL DATA SYMBOLS: SORTED BY DATA PAGE

address     data page           name
--------    ----------------    ----
00000400      10 (00000400)     __stack

0000a800     2a0 (0000a800)     g_dbgCmdByte0
0000a801     2a0 (0000a800)     g_dbgCmdBufIdx
0000a802     2a0 (0000a800)     g_isrCallCount
0000a804     2a0 (0000a800)     g_intrStatus
0000a806     2a0 (0000a800)     g_fifoHitCount
0000a808     2a0 (0000a800)     g_rxBufHitCount
0000a80a     2a0 (0000a800)     g_newDataLow
0000a80c     2a0 (0000a800)     g_newDataHigh
0000a80e     2a0 (0000a800)     g_lastError
0000a810     2a0 (0000a800)     g_livePSR
0000a812     2a0 (0000a800)     g_liveECR
0000a814     2a0 (0000a800)     g_liveRXF0S
0000a816     2a0 (0000a800)     g_calibRx
0000a83e     2a0 (0000a800)     _lock

0000a840     2a1 (0000a840)     g_framesReady
0000a841     2a1 (0000a840)     g_calibrationPhase
0000a842     2a1 (0000a840)     g_discoveryRetryCount
0000a843     2a1 (0000a840)     g_discoveryAckRxd
0000a844     2a1 (0000a840)     g_calibTxRetryCount
0000a845     2a1 (0000a840)     g_calTxAckRxd
0000a846     2a1 (0000a840)     g_cmdEraseBank4
0000a847     2a1 (0000a840)     g_cmdWriteDefaults
0000a848     2a1 (0000a840)     g_cmdSaveCalibration
0000a84c     2a1 (0000a840)     g_debugFrame1Number
0000a85a     2a1 (0000a840)     rxFIFOMsg_count
0000a85c     2a1 (0000a840)     g_debugFrame1Received
0000a85e     2a1 (0000a840)     g_RPhaseRxStatus
0000a866     2a1 (0000a840)     g_threePhaseRxStatus

0000a880     2a2 (0000a880)     address
0000a881     2a2 (0000a880)     g_rxMsgNewData
0000a882     2a2 (0000a880)     g_rxMsgCount
0000a884     2a2 (0000a880)     g_dbgFilter0
0000a886     2a2 (0000a880)     g_dbgFilter1
0000a888     2a2 (0000a880)     g_dbgFilter2
0000a88a     2a2 (0000a880)     g_dbgSIDFC
0000a88c     2a2 (0000a880)     g_dbgRXBC
0000a88e     2a2 (0000a880)     g_dbgPSR
0000a890     2a2 (0000a880)     g_dbgECR
0000a892     2a2 (0000a880)     g_dbgCCCR
0000a894     2a2 (0000a880)     g_dbgRXF0S
0000a896     2a2 (0000a880)     g_dbgIR
0000a898     2a2 (0000a880)     g_dbgIE
0000a89a     2a2 (0000a880)     g_dbgILS
0000a89c     2a2 (0000a880)     g_dbgILE
0000a89e     2a2 (0000a880)     g_canErrorRecoveryCount
0000a8a0     2a2 (0000a880)     g_canHardResetCount

0000a8c2     2a3 (0000a8c0)     firstpulse
0000a8c3     2a3 (0000a8c0)     syncLossCounter
0000a8c4     2a3 (0000a8c0)     g_canFrameCount
0000a8c5     2a3 (0000a8c0)     g_canSampleIndex
0000a8c6     2a3 (0000a8c0)     g_canRxComplete
0000a8c7     2a3 (0000a8c0)     dacOutput
0000a8c8     2a3 (0000a8c0)     adcInput
0000a8c9     2a3 (0000a8c0)     playbackIndex
0000a8ca     2a3 (0000a8c0)     isPlaybackMode
0000a8cb     2a3 (0000a8c0)     g_powerCalcEnabled
0000a8d0     2a3 (0000a8c0)     g_cycleCount
0000a8d2     2a3 (0000a8c0)     g_lastRealPower
0000a8d4     2a3 (0000a8c0)     inPtr
0000a8d6     2a3 (0000a8c0)     outPtr
0000a8d8     2a3 (0000a8c0)     magPtr
0000a8da     2a3 (0000a8c0)     phPtr
0000a8dc     2a3 (0000a8c0)     twiddlePtr
0000a8e0     2a3 (0000a8c0)     newestData
0000a8e1     2a3 (0000a8c0)     oldestData
0000a8e2     2a3 (0000a8c0)     emptySectorFound
0000a8e3     2a3 (0000a8c0)     updateFailed
0000a8e4     2a3 (0000a8c0)     addressToWrite
0000a8e6     2a3 (0000a8c0)     writeAddress
0000a8e8     2a3 (0000a8c0)     readAddress
0000a8ea     2a3 (0000a8c0)     datasize
0000a8ec     2a3 (0000a8c0)     g_ctPingPongStatus
0000a8ee     2a3 (0000a8c0)     g_ctDmaStatus
0000a8f4     2a3 (0000a8c0)     __TI_enable_exit_profile_output
0000a8f6     2a3 (0000a8c0)     __TI_cleanup_ptr
0000a8f8     2a3 (0000a8c0)     __TI_dtors_ptr

0000a900     2a4 (0000a900)     _unlock

0000c000     300 (0000c000)     g_ctPingPongA

0000e800     3a0 (0000e800)     k
0000e801     3a0 (0000e800)     COUNTER
0000e802     3a0 (0000e800)     countSample
0000e803     3a0 (0000e800)     struct_size
0000e804     3a0 (0000e800)     max_curr
0000e805     3a0 (0000e800)     demand_chk_1sec
0000e806     3a0 (0000e800)     demand_chk_1hr
0000e807     3a0 (0000e800)     demand_chk_24hr
0000e808     3a0 (0000e800)     dww_RMS_Current
0000e809     3a0 (0000e800)     root
0000e80a     3a0 (0000e800)     pinstate
0000e80b     3a0 (0000e800)     as
0000e80c     3a0 (0000e800)     counter200Ms
0000e80d     3a0 (0000e800)     index
0000e80e     3a0 (0000e800)     bufferfull
0000e80f     3a0 (0000e800)     wMathWordBuff
0000e810     3a0 (0000e800)     ADC_SIGNAL
0000e811     3a0 (0000e800)     b
0000e812     3a0 (0000e800)     rawADC0
0000e814     3a0 (0000e800)     dwwMathBuff
0000e816     3a0 (0000e800)     dwMathWordBuff
0000e818     3a0 (0000e800)     dwMathWordBuff1
0000e81a     3a0 (0000e800)     ADC_Display
0000e81c     3a0 (0000e800)     debugResult0
0000e81e     3a0 (0000e800)     gAppHandle

0000e840     3a1 (0000e840)     gMetrologyWorkingData

0000ea40     3a9 (0000ea40)     updatedData

0000ec80     3b2 (0000ec80)     nvParams

0000ee92     3ba (0000ee80)     RFFTTwiddleCoef

0000f092     3c2 (0000f080)     g_rxMsg

0000f240     3c9 (0000f240)     rxFIFOStatus

0000f348     3cd (0000f340)     g_BPhaseVoltageBuffer

0000f448     3d1 (0000f440)     g_RPhaseVoltageBuffer

0000f548     3d5 (0000f540)     g_YPhaseVoltageBuffer

0000f648     3d9 (0000f640)     ADCResults

0000f680     3da (0000f680)     cpuTimer0IntCount
0000f681     3da (0000f680)     counter
0000f682     3da (0000f680)     done

0000f6c0     3db (0000f6c0)     g_analyzer

0000f800     3e0 (0000f800)     pduManager

0000f84d     3e1 (0000f840)     g_debugFrame1Data

00010000     400 (00010000)     g_ctPingPongB

00013300     4cc (00013300)     RFFTphBuff

00013400     4d0 (00013400)     RFFTin1Buff

00013600     4d8 (00013600)     RFFToutBuff

00013800     4e0 (00013800)     RFFTmagBuff

00013940     4e5 (00013940)     g_adcState


GLOBAL SYMBOLS: SORTED ALPHABETICALLY BY Name 

page  address   name                             
----  -------   ----                             
0     0000f648  ADCResults                       
0     0000e81a  ADC_Display                      
0     0000e810  ADC_SIGNAL                       
0     000853e8  BU_Fw_init                       
0     00084c4e  BU_Fw_isrOnFrame                 
0     000843c0  BU_Fw_process                    
0     00084fd1  C$$EXIT                          
0     00084607  CAN_sendCalibFrameAck            
0     00083d42  CAN_sendCalibrationGains         
0     00084892  CAN_sendDiscoveryResponse        
0     0000e801  COUNTER                          
0     000856e0  CT_DMA_ch1ISR                    
0     000856f0  CT_DMA_ch2ISR                    
0     000851ff  CT_DMA_getInactiveCTBuffer       
0     00085899  CT_DMA_isComplete                
0     00083b96  Device_enableAllPeripherals      
0     00083e14  Device_init                      
0     00085366  Device_initGPIO                  
0     0008583a  Example_Error                    
abs   00000000  FPUmathTablesLoadSize            
0     00008000  FPUmathTablesLoadStart           
0     00008000  FPUmathTablesRunStart            
0     0008534a  Fapi_CheckLinkPointers           
0     00085789  Fapi_checkFsmForReady            
0     0008589d  Fapi_getFsmStatus                
0     000833f7  Fapi_initializeAPI               
0     00084bdb  Fapi_issueAsyncCommandWithAddress
0     000856cf  Fapi_issueFsmCommand             
0     0008326e  Fapi_issueProgrammingCommand     
0     00085700  Fapi_regReadback                 
0     0008587c  Fapi_setActiveFlashBank          
0     0008515f  Fapi_setupBankSectorEnable       
0     000094cc  FlashAPI_init                    
0     00009496  Flash_initModule                 
0     000849f2  GPIOISR                          
0     00083aab  GPIO_setAnalogMode               
0     00084d90  GPIO_setDirectionMode            
0     000846b6  GPIO_setPadConfig                
0     00084c85  GPIO_setPinConfig                
0     00084cbc  GPIO_setQualificationMode        
0     00084c15  GPIO_setQualificationPeriod      
0     00085020  INTERRUPT_init                   
0     00084e21  INT_myMCAN0_0_ISR                
0     00084e4e  INT_myMCAN0_1_ISR                
0     0008554c  Interrupt_defaultHandler         
0     00084cf3  Interrupt_enable                 
0     00085813  Interrupt_illegalOperationHandler
0     00084a74  Interrupt_initModule             
0     000852d6  Interrupt_initVectorTable        
0     0008581d  Interrupt_nmiHandler             
0     00082d00  MCANConfig                       
0     00082edf  MCANIntr1ISR                     
0     00084dc1  MCANIntrConfig                   
0     00084759  MCAN_addStdMsgIDFilter           
0     00085380  MCAN_clearInterrupt              
0     000855e0  MCAN_clearIntrStatus             
0     0008525c  MCAN_clearNewDataStatus          
0     00084d2a  MCAN_enableIntr                  
0     00084f7f  MCAN_enableIntrLine              
0     00085697  MCAN_getIntrStatus               
0     00085683  MCAN_getMsgObjSize               
0     000852f4  MCAN_getNewDataStatus            
0     000854c3  MCAN_getOpMode                   
0     000842dd  MCAN_getProtocolStatus           
0     0008417d  MCAN_getRxFIFOStatus             
0     000856aa  MCAN_getTxBufReqPend             
0     000839bb  MCAN_init                        
0     0008527b  MCAN_isMemInitDone               
0     000830ac  MCAN_msgRAMConfig                
0     00084054  MCAN_readMsgRam                  
0     00084d5d  MCAN_selectIntrLine              
0     00083ee3  MCAN_setBitTime                  
0     00085401  MCAN_setOpMode                   
0     00084e7b  MCAN_txBufAddReq                 
0     00084ea7  MCAN_txBufCancellationReq        
0     0008465f  MCAN_writeMsgRam                 
0     000845ad  MCAN_writeRxFIFOAck              
0     000840ec  Metrology_perSampleProcessing    
0     00084a33  PGA_setOffsetTrimNMOS            
0     000849ae  PGA_setOffsetTrimPMOS            
0     0000ee92  RFFTTwiddleCoef                  
0     00013400  RFFTin1Buff                      
0     00013800  RFFTmagBuff                      
0     00013600  RFFToutBuff                      
0     00013300  RFFTphBuff                       
0     00082590  RamfuncsLoadEnd                  
abs   00000588  RamfuncsLoadSize                 
0     00082008  RamfuncsLoadStart                
0     00009588  RamfuncsRunEnd                   
abs   00000588  RamfuncsRunSize                  
0     00009000  RamfuncsRunStart                 
0     00009584  SysCtl_delay                     
0     0008442c  SysCtl_getClock                  
0     0008539a  SysCtl_getLowSpeedClock          
0     000838bd  SysCtl_isPLLValid                
0     000848dc  SysCtl_selectOscSource           
0     00084923  SysCtl_selectXTAL                
0     00085045  SysCtl_selectXTALSingleEnded     
0     00083571  SysCtl_setClock                  
0     000857e4  THD_ADC_isr                      
0     000853b4  THD_ADC_start                    
0     0008586e  VoltageRx_init                   
0     00084491  VoltageRx_interruptHandler       
0     00084ba0  VoltageRx_reset                  
0     00084ffa  Write_32                         
0     00084f55  Write_32bp                       
0     00085924  __TI_CINIT_Base                  
0     00085958  __TI_CINIT_Limit                 
0     00085958  __TI_CINIT_Warm                  
0     000858ee  __TI_Handler_Table_Base          
0     000858f4  __TI_Handler_Table_Limit         
0     00000600  __TI_STACK_END                   
abs   00000200  __TI_STACK_SIZE                  
0     00084eff  __TI_auto_init_nobinit_nopinit   
0     0000a8f6  __TI_cleanup_ptr                 
0     00084df1  __TI_decompress_lzss             
0     00085842  __TI_decompress_none             
0     0000a8f8  __TI_dtors_ptr                   
0     0000a8f4  __TI_enable_exit_profile_output  
abs   ffffffff  __TI_pprof_out_hndl              
abs   ffffffff  __TI_prof_data_size              
abs   ffffffff  __TI_prof_data_start             
0     0008588e  __TI_zero_init                   
0     00085465  __c28xabi_divf                   
n/a   UNDEFED   __c_args__                       
0     00085894  __error__                        
0     00000400  __stack                          
0     000857f1  _args_main                       
0     0008551f  _c_int00                         
0     0000a83e  _lock                            
0     00085839  _nop                             
0     00085835  _register_lock                   
0     00085831  _register_unlock                 
0     000858a3  _system_post_cinit               
0     000858a1  _system_pre_init                 
0     0000a900  _unlock                          
0     00084fd1  abort                            
0     00009000  adcA1ISR                         
0     0000a8c8  adcInput                         
0     0000a880  address                          
0     0000a8e4  addressToWrite                   
0     0000e80b  as                               
0     0000e811  b                                
0     0000e80e  bufferfull                       
0     000844f3  canTxWaitComplete                
0     00082000  code_start                       
0     0000e802  countSample                      
0     0000f681  counter                          
0     0000e80c  counter200Ms                     
0     000841f5  cpuTimer0ISR                     
0     0000f680  cpuTimer0IntCount                
0     0000a8c7  dacOutput                        
0     0000a8ea  datasize                         
0     0000e81c  debugResult0                     
0     0000e806  demand_chk_1hr                   
0     0000e805  demand_chk_1sec                  
0     0000e807  demand_chk_24hr                  
0     00009426  dmaCh1ISR                        
0     0000945e  dmaCh2ISR                        
0     0000f682  done                             
0     0000e816  dwMathWordBuff                   
0     0000e818  dwMathWordBuff1                  
0     0000e814  dwwMathBuff                      
0     0000e808  dww_RMS_Current                  
0     0000a8e2  emptySectorFound                 
0     00084fd3  exit                             
0     0000a8c2  firstpulse                       
0     0000e81e  gAppHandle                       
0     0000e840  gMetrologyWorkingData            
0     0000f348  g_BPhaseVoltageBuffer            
0     0000a85e  g_RPhaseRxStatus                 
0     0000f448  g_RPhaseVoltageBuffer            
0     0000f548  g_YPhaseVoltageBuffer            
0     00013940  g_adcState                       
0     0000f6c0  g_analyzer                       
0     0000a845  g_calTxAckRxd                    
0     0000a816  g_calibRx                        
0     0000a844  g_calibTxRetryCount              
0     0000a841  g_calibrationPhase               
0     0000a89e  g_canErrorRecoveryCount          
0     0000a8c4  g_canFrameCount                  
0     0000a8a0  g_canHardResetCount              
0     0000a8c6  g_canRxComplete                  
0     0000a8c5  g_canSampleIndex                 
0     0000a846  g_cmdEraseBank4                  
0     0000a848  g_cmdSaveCalibration             
0     0000a847  g_cmdWriteDefaults               
0     0000a8ee  g_ctDmaStatus                    
0     0000c000  g_ctPingPongA                    
0     00010000  g_ctPingPongB                    
0     0000a8ec  g_ctPingPongStatus               
0     0000a8d0  g_cycleCount                     
0     0000a892  g_dbgCCCR                        
0     0000a801  g_dbgCmdBufIdx                   
0     0000a800  g_dbgCmdByte0                    
0     0000a890  g_dbgECR                         
0     0000a884  g_dbgFilter0                     
0     0000a886  g_dbgFilter1                     
0     0000a888  g_dbgFilter2                     
0     0000a898  g_dbgIE                          
0     0000a89c  g_dbgILE                         
0     0000a89a  g_dbgILS                         
0     0000a896  g_dbgIR                          
0     0000a88e  g_dbgPSR                         
0     0000a88c  g_dbgRXBC                        
0     0000a894  g_dbgRXF0S                       
0     0000a88a  g_dbgSIDFC                       
0     0000f84d  g_debugFrame1Data                
0     0000a84c  g_debugFrame1Number              
0     0000a85c  g_debugFrame1Received            
0     0000a843  g_discoveryAckRxd                
0     0000a842  g_discoveryRetryCount            
0     0000a806  g_fifoHitCount                   
0     0000a840  g_framesReady                    
0     0000a804  g_intrStatus                     
0     0000a802  g_isrCallCount                   
0     0000a80e  g_lastError                      
0     0000a8d2  g_lastRealPower                  
0     0000a812  g_liveECR                        
0     0000a810  g_livePSR                        
0     0000a814  g_liveRXF0S                      
0     0000a80c  g_newDataHigh                    
0     0000a80a  g_newDataLow                     
0     0000a8cb  g_powerCalcEnabled               
0     0000a808  g_rxBufHitCount                  
0     0000f092  g_rxMsg                          
0     0000a882  g_rxMsgCount                     
0     0000a881  g_rxMsgNewData                   
0     0000a866  g_threePhaseRxStatus             
0     00083f9c  get_debugData                    
0     0000a8d4  inPtr                            
0     0000e80d  index                            
0     000847f7  initDIPSwitchGPIO                
0     0008577b  initMCAN                         
0     0000a8ca  isPlaybackMode                   
0     0000e800  k                                
0     00084aee  logPhaseParameters               
0     0000a8d8  magPtr                           
0     00084ab1  main                             
0     0000e804  max_curr                         
0     00085311  memcpy                           
0     00085875  memset                           
0     0000a8e0  newestData                       
0     0000ec80  nvParams                         
0     0000a8e1  oldestData                       
0     0000a8d6  outPtr                           
0     0000f800  pduManager                       
0     0000a8da  phPtr                            
0     0000e80a  pinstate                         
0     0000a8c9  playbackIndex                    
0     0000e812  rawADC0                          
0     0000a8e8  readAddress                      
0     000851a1  readCANAddress                   
0     0008576c  readDIPSwitch                    
0     0000e809  root                             
0     0000a85a  rxFIFOMsg_count                  
0     0000f240  rxFIFOStatus                     
0     0000e803  struct_size                      
0     0000a8c3  syncLossCounter                  
0     0000a8dc  twiddlePtr                       
0     0000a8e3  updateFailed                     
0     0000ea40  updatedData                      
0     0000e80f  wMathWordBuff                    
0     0000a8e6  writeAddress                     


GLOBAL SYMBOLS: SORTED BY Symbol Address 

page  address   name                             
----  -------   ----                             
0     00000400  __stack                          
0     00000600  __TI_STACK_END                   
0     00008000  FPUmathTablesLoadStart           
0     00008000  FPUmathTablesRunStart            
0     00009000  RamfuncsRunStart                 
0     00009000  adcA1ISR                         
0     00009426  dmaCh1ISR                        
0     0000945e  dmaCh2ISR                        
0     00009496  Flash_initModule                 
0     000094cc  FlashAPI_init                    
0     00009584  SysCtl_delay                     
0     00009588  RamfuncsRunEnd                   
0     0000a800  g_dbgCmdByte0                    
0     0000a801  g_dbgCmdBufIdx                   
0     0000a802  g_isrCallCount                   
0     0000a804  g_intrStatus                     
0     0000a806  g_fifoHitCount                   
0     0000a808  g_rxBufHitCount                  
0     0000a80a  g_newDataLow                     
0     0000a80c  g_newDataHigh                    
0     0000a80e  g_lastError                      
0     0000a810  g_livePSR                        
0     0000a812  g_liveECR                        
0     0000a814  g_liveRXF0S                      
0     0000a816  g_calibRx                        
0     0000a83e  _lock                            
0     0000a840  g_framesReady                    
0     0000a841  g_calibrationPhase               
0     0000a842  g_discoveryRetryCount            
0     0000a843  g_discoveryAckRxd                
0     0000a844  g_calibTxRetryCount              
0     0000a845  g_calTxAckRxd                    
0     0000a846  g_cmdEraseBank4                  
0     0000a847  g_cmdWriteDefaults               
0     0000a848  g_cmdSaveCalibration             
0     0000a84c  g_debugFrame1Number              
0     0000a85a  rxFIFOMsg_count                  
0     0000a85c  g_debugFrame1Received            
0     0000a85e  g_RPhaseRxStatus                 
0     0000a866  g_threePhaseRxStatus             
0     0000a880  address                          
0     0000a881  g_rxMsgNewData                   
0     0000a882  g_rxMsgCount                     
0     0000a884  g_dbgFilter0                     
0     0000a886  g_dbgFilter1                     
0     0000a888  g_dbgFilter2                     
0     0000a88a  g_dbgSIDFC                       
0     0000a88c  g_dbgRXBC                        
0     0000a88e  g_dbgPSR                         
0     0000a890  g_dbgECR                         
0     0000a892  g_dbgCCCR                        
0     0000a894  g_dbgRXF0S                       
0     0000a896  g_dbgIR                          
0     0000a898  g_dbgIE                          
0     0000a89a  g_dbgILS                         
0     0000a89c  g_dbgILE                         
0     0000a89e  g_canErrorRecoveryCount          
0     0000a8a0  g_canHardResetCount              
0     0000a8c2  firstpulse                       
0     0000a8c3  syncLossCounter                  
0     0000a8c4  g_canFrameCount                  
0     0000a8c5  g_canSampleIndex                 
0     0000a8c6  g_canRxComplete                  
0     0000a8c7  dacOutput                        
0     0000a8c8  adcInput                         
0     0000a8c9  playbackIndex                    
0     0000a8ca  isPlaybackMode                   
0     0000a8cb  g_powerCalcEnabled               
0     0000a8d0  g_cycleCount                     
0     0000a8d2  g_lastRealPower                  
0     0000a8d4  inPtr                            
0     0000a8d6  outPtr                           
0     0000a8d8  magPtr                           
0     0000a8da  phPtr                            
0     0000a8dc  twiddlePtr                       
0     0000a8e0  newestData                       
0     0000a8e1  oldestData                       
0     0000a8e2  emptySectorFound                 
0     0000a8e3  updateFailed                     
0     0000a8e4  addressToWrite                   
0     0000a8e6  writeAddress                     
0     0000a8e8  readAddress                      
0     0000a8ea  datasize                         
0     0000a8ec  g_ctPingPongStatus               
0     0000a8ee  g_ctDmaStatus                    
0     0000a8f4  __TI_enable_exit_profile_output  
0     0000a8f6  __TI_cleanup_ptr                 
0     0000a8f8  __TI_dtors_ptr                   
0     0000a900  _unlock                          
0     0000c000  g_ctPingPongA                    
0     0000e800  k                                
0     0000e801  COUNTER                          
0     0000e802  countSample                      
0     0000e803  struct_size                      
0     0000e804  max_curr                         
0     0000e805  demand_chk_1sec                  
0     0000e806  demand_chk_1hr                   
0     0000e807  demand_chk_24hr                  
0     0000e808  dww_RMS_Current                  
0     0000e809  root                             
0     0000e80a  pinstate                         
0     0000e80b  as                               
0     0000e80c  counter200Ms                     
0     0000e80d  index                            
0     0000e80e  bufferfull                       
0     0000e80f  wMathWordBuff                    
0     0000e810  ADC_SIGNAL                       
0     0000e811  b                                
0     0000e812  rawADC0                          
0     0000e814  dwwMathBuff                      
0     0000e816  dwMathWordBuff                   
0     0000e818  dwMathWordBuff1                  
0     0000e81a  ADC_Display                      
0     0000e81c  debugResult0                     
0     0000e81e  gAppHandle                       
0     0000e840  gMetrologyWorkingData            
0     0000ea40  updatedData                      
0     0000ec80  nvParams                         
0     0000ee92  RFFTTwiddleCoef                  
0     0000f092  g_rxMsg                          
0     0000f240  rxFIFOStatus                     
0     0000f348  g_BPhaseVoltageBuffer            
0     0000f448  g_RPhaseVoltageBuffer            
0     0000f548  g_YPhaseVoltageBuffer            
0     0000f648  ADCResults                       
0     0000f680  cpuTimer0IntCount                
0     0000f681  counter                          
0     0000f682  done                             
0     0000f6c0  g_analyzer                       
0     0000f800  pduManager                       
0     0000f84d  g_debugFrame1Data                
0     00010000  g_ctPingPongB                    
0     00013300  RFFTphBuff                       
0     00013400  RFFTin1Buff                      
0     00013600  RFFToutBuff                      
0     00013800  RFFTmagBuff                      
0     00013940  g_adcState                       
0     00082000  code_start                       
0     00082008  RamfuncsLoadStart                
0     00082590  RamfuncsLoadEnd                  
0     00082d00  MCANConfig                       
0     00082edf  MCANIntr1ISR                     
0     000830ac  MCAN_msgRAMConfig                
0     0008326e  Fapi_issueProgrammingCommand     
0     000833f7  Fapi_initializeAPI               
0     00083571  SysCtl_setClock                  
0     000838bd  SysCtl_isPLLValid                
0     000839bb  MCAN_init                        
0     00083aab  GPIO_setAnalogMode               
0     00083b96  Device_enableAllPeripherals      
0     00083d42  CAN_sendCalibrationGains         
0     00083e14  Device_init                      
0     00083ee3  MCAN_setBitTime                  
0     00083f9c  get_debugData                    
0     00084054  MCAN_readMsgRam                  
0     000840ec  Metrology_perSampleProcessing    
0     0008417d  MCAN_getRxFIFOStatus             
0     000841f5  cpuTimer0ISR                     
0     000842dd  MCAN_getProtocolStatus           
0     000843c0  BU_Fw_process                    
0     0008442c  SysCtl_getClock                  
0     00084491  VoltageRx_interruptHandler       
0     000844f3  canTxWaitComplete                
0     000845ad  MCAN_writeRxFIFOAck              
0     00084607  CAN_sendCalibFrameAck            
0     0008465f  MCAN_writeMsgRam                 
0     000846b6  GPIO_setPadConfig                
0     00084759  MCAN_addStdMsgIDFilter           
0     000847f7  initDIPSwitchGPIO                
0     00084892  CAN_sendDiscoveryResponse        
0     000848dc  SysCtl_selectOscSource           
0     00084923  SysCtl_selectXTAL                
0     000849ae  PGA_setOffsetTrimPMOS            
0     000849f2  GPIOISR                          
0     00084a33  PGA_setOffsetTrimNMOS            
0     00084a74  Interrupt_initModule             
0     00084ab1  main                             
0     00084aee  logPhaseParameters               
0     00084ba0  VoltageRx_reset                  
0     00084bdb  Fapi_issueAsyncCommandWithAddress
0     00084c15  GPIO_setQualificationPeriod      
0     00084c4e  BU_Fw_isrOnFrame                 
0     00084c85  GPIO_setPinConfig                
0     00084cbc  GPIO_setQualificationMode        
0     00084cf3  Interrupt_enable                 
0     00084d2a  MCAN_enableIntr                  
0     00084d5d  MCAN_selectIntrLine              
0     00084d90  GPIO_setDirectionMode            
0     00084dc1  MCANIntrConfig                   
0     00084df1  __TI_decompress_lzss             
0     00084e21  INT_myMCAN0_0_ISR                
0     00084e4e  INT_myMCAN0_1_ISR                
0     00084e7b  MCAN_txBufAddReq                 
0     00084ea7  MCAN_txBufCancellationReq        
0     00084eff  __TI_auto_init_nobinit_nopinit   
0     00084f55  Write_32bp                       
0     00084f7f  MCAN_enableIntrLine              
0     00084fd1  C$$EXIT                          
0     00084fd1  abort                            
0     00084fd3  exit                             
0     00084ffa  Write_32                         
0     00085020  INTERRUPT_init                   
0     00085045  SysCtl_selectXTALSingleEnded     
0     0008515f  Fapi_setupBankSectorEnable       
0     000851a1  readCANAddress                   
0     000851ff  CT_DMA_getInactiveCTBuffer       
0     0008525c  MCAN_clearNewDataStatus          
0     0008527b  MCAN_isMemInitDone               
0     000852d6  Interrupt_initVectorTable        
0     000852f4  MCAN_getNewDataStatus            
0     00085311  memcpy                           
0     0008534a  Fapi_CheckLinkPointers           
0     00085366  Device_initGPIO                  
0     00085380  MCAN_clearInterrupt              
0     0008539a  SysCtl_getLowSpeedClock          
0     000853b4  THD_ADC_start                    
0     000853e8  BU_Fw_init                       
0     00085401  MCAN_setOpMode                   
0     00085465  __c28xabi_divf                   
0     000854c3  MCAN_getOpMode                   
0     0008551f  _c_int00                         
0     0008554c  Interrupt_defaultHandler         
0     000855e0  MCAN_clearIntrStatus             
0     00085683  MCAN_getMsgObjSize               
0     00085697  MCAN_getIntrStatus               
0     000856aa  MCAN_getTxBufReqPend             
0     000856cf  Fapi_issueFsmCommand             
0     000856e0  CT_DMA_ch1ISR                    
0     000856f0  CT_DMA_ch2ISR                    
0     00085700  Fapi_regReadback                 
0     0008576c  readDIPSwitch                    
0     0008577b  initMCAN                         
0     00085789  Fapi_checkFsmForReady            
0     000857e4  THD_ADC_isr                      
0     000857f1  _args_main                       
0     00085813  Interrupt_illegalOperationHandler
0     0008581d  Interrupt_nmiHandler             
0     00085831  _register_unlock                 
0     00085835  _register_lock                   
0     00085839  _nop                             
0     0008583a  Example_Error                    
0     00085842  __TI_decompress_none             
0     0008586e  VoltageRx_init                   
0     00085875  memset                           
0     0008587c  Fapi_setActiveFlashBank          
0     0008588e  __TI_zero_init                   
0     00085894  __error__                        
0     00085899  CT_DMA_isComplete                
0     0008589d  Fapi_getFsmStatus                
0     000858a1  _system_pre_init                 
0     000858a3  _system_post_cinit               
0     000858ee  __TI_Handler_Table_Base          
0     000858f4  __TI_Handler_Table_Limit         
0     00085924  __TI_CINIT_Base                  
0     00085958  __TI_CINIT_Limit                 
0     00085958  __TI_CINIT_Warm                  
abs   00000000  FPUmathTablesLoadSize            
abs   00000200  __TI_STACK_SIZE                  
abs   00000588  RamfuncsLoadSize                 
abs   00000588  RamfuncsRunSize                  
abs   ffffffff  __TI_pprof_out_hndl              
abs   ffffffff  __TI_prof_data_size              
abs   ffffffff  __TI_prof_data_start             
n/a   UNDEFED   __c_args__                       

[264 symbols]
