<?xml version="1.0" encoding="ISO-8859-1" ?>
<link_info>
   <banner>TMS320C2000 Linker PC v22.6.1.LTS</banner>
   <copyright>Copyright (c) 1996-2018 Texas Instruments Incorporated</copyright>
   <link_time>0x69dcc78c</link_time>
   <link_errors>0x0</link_errors>
   <output_file>boot_manager.out</output_file>
   <entry_point>
      <name>code_start</name>
      <address>0x80000</address>
   </entry_point>
   <input_file_list>
      <input_file id="fl-2">
         <path>.\</path>
         <kind>object</kind>
         <file>boot_codestartbranch.obj</file>
         <name>boot_codestartbranch.obj</name>
      </input_file>
      <input_file id="fl-3">
         <path>.\</path>
         <kind>object</kind>
         <file>boot_manager.obj</file>
         <name>boot_manager.obj</name>
      </input_file>
      <input_file id="fl-4">
         <path>.\device\</path>
         <kind>object</kind>
         <file>device.obj</file>
         <name>device.obj</name>
      </input_file>
      <input_file id="fl-a">
         <kind>object</kind>
         <file>&lt;internal&gt;</file>
         <name>&lt;internal&gt;</name>
      </input_file>
      <input_file id="fl-b">
         <path>C:\ti\c2000\C2000Ware_6_00_01_00\libraries\flash_api\f28p55x\lib\</path>
         <kind>archive</kind>
         <file>FAPI_F28P55x_EABI_v4.00.00.lib</file>
         <name>Async.obj</name>
      </input_file>
      <input_file id="fl-c">
         <path>C:\ti\c2000\C2000Ware_6_00_01_00\libraries\flash_api\f28p55x\lib\</path>
         <kind>archive</kind>
         <file>FAPI_F28P55x_EABI_v4.00.00.lib</file>
         <name>Program.obj</name>
      </input_file>
      <input_file id="fl-d">
         <path>C:\ti\c2000\C2000Ware_6_00_01_00\libraries\flash_api\f28p55x\lib\</path>
         <kind>archive</kind>
         <file>FAPI_F28P55x_EABI_v4.00.00.lib</file>
         <name>FlashStateMachine.obj</name>
      </input_file>
      <input_file id="fl-e">
         <path>C:\ti\c2000\C2000Ware_6_00_01_00\libraries\flash_api\f28p55x\lib\</path>
         <kind>archive</kind>
         <file>FAPI_F28P55x_EABI_v4.00.00.lib</file>
         <name>Init.obj</name>
      </input_file>
      <input_file id="fl-f">
         <path>C:\ti\c2000\C2000Ware_6_00_01_00\libraries\flash_api\f28p55x\lib\</path>
         <kind>archive</kind>
         <file>FAPI_F28P55x_EABI_v4.00.00.lib</file>
         <name>Utilities.obj</name>
      </input_file>
      <input_file id="fl-10">
         <path>C:\ti\c2000\C2000Ware_6_00_01_00\driverlib\f28p55x\driverlib\ccs\Debug\</path>
         <kind>archive</kind>
         <file>driverlib.lib</file>
         <name>dcc.obj</name>
      </input_file>
      <input_file id="fl-11">
         <path>C:\ti\c2000\C2000Ware_6_00_01_00\driverlib\f28p55x\driverlib\ccs\Debug\</path>
         <kind>archive</kind>
         <file>driverlib.lib</file>
         <name>flash.obj</name>
      </input_file>
      <input_file id="fl-12">
         <path>C:\ti\c2000\C2000Ware_6_00_01_00\driverlib\f28p55x\driverlib\ccs\Debug\</path>
         <kind>archive</kind>
         <file>driverlib.lib</file>
         <name>gpio.obj</name>
      </input_file>
      <input_file id="fl-13">
         <path>C:\ti\c2000\C2000Ware_6_00_01_00\driverlib\f28p55x\driverlib\ccs\Debug\</path>
         <kind>archive</kind>
         <file>driverlib.lib</file>
         <name>mcan.obj</name>
      </input_file>
      <input_file id="fl-14">
         <path>C:\ti\c2000\C2000Ware_6_00_01_00\driverlib\f28p55x\driverlib\ccs\Debug\</path>
         <kind>archive</kind>
         <file>driverlib.lib</file>
         <name>pga.obj</name>
      </input_file>
      <input_file id="fl-15">
         <path>C:\ti\c2000\C2000Ware_6_00_01_00\driverlib\f28p55x\driverlib\ccs\Debug\</path>
         <kind>archive</kind>
         <file>driverlib.lib</file>
         <name>sysctl.obj</name>
      </input_file>
      <input_file id="fl-21">
         <path>C:\ti\ccs1281\ccs\tools\compiler\ti-cgt-c2000_22.6.1.LTS\lib\</path>
         <kind>archive</kind>
         <file>rts2800_fpu32_eabi.lib</file>
         <name>boot28.asm.obj</name>
      </input_file>
      <input_file id="fl-22">
         <path>C:\ti\ccs1281\ccs\tools\compiler\ti-cgt-c2000_22.6.1.LTS\lib\</path>
         <kind>archive</kind>
         <file>rts2800_fpu32_eabi.lib</file>
         <name>fs_div28.asm.obj</name>
      </input_file>
      <input_file id="fl-23">
         <path>C:\ti\ccs1281\ccs\tools\compiler\ti-cgt-c2000_22.6.1.LTS\lib\</path>
         <kind>archive</kind>
         <file>rts2800_fpu32_eabi.lib</file>
         <name>ll_aox28.asm.obj</name>
      </input_file>
      <input_file id="fl-24">
         <path>C:\ti\ccs1281\ccs\tools\compiler\ti-cgt-c2000_22.6.1.LTS\lib\</path>
         <kind>archive</kind>
         <file>rts2800_fpu32_eabi.lib</file>
         <name>memcpy.c.obj</name>
      </input_file>
      <input_file id="fl-25">
         <path>C:\ti\ccs1281\ccs\tools\compiler\ti-cgt-c2000_22.6.1.LTS\lib\</path>
         <kind>archive</kind>
         <file>rts2800_fpu32_eabi.lib</file>
         <name>pre_init.c.obj</name>
      </input_file>
      <input_file id="fl-26">
         <path>C:\ti\ccs1281\ccs\tools\compiler\ti-cgt-c2000_22.6.1.LTS\lib\</path>
         <kind>archive</kind>
         <file>rts2800_fpu32_eabi.lib</file>
         <name>autoinit.c.obj</name>
      </input_file>
      <input_file id="fl-27">
         <path>C:\ti\ccs1281\ccs\tools\compiler\ti-cgt-c2000_22.6.1.LTS\lib\</path>
         <kind>archive</kind>
         <file>rts2800_fpu32_eabi.lib</file>
         <name>copy_zero_init.c.obj</name>
      </input_file>
      <input_file id="fl-28">
         <path>C:\ti\ccs1281\ccs\tools\compiler\ti-cgt-c2000_22.6.1.LTS\lib\</path>
         <kind>archive</kind>
         <file>rts2800_fpu32_eabi.lib</file>
         <name>copy_decompress_none.c.obj</name>
      </input_file>
      <input_file id="fl-29">
         <path>C:\ti\ccs1281\ccs\tools\compiler\ti-cgt-c2000_22.6.1.LTS\lib\</path>
         <kind>archive</kind>
         <file>rts2800_fpu32_eabi.lib</file>
         <name>copy_decompress_lzss.c.obj</name>
      </input_file>
      <input_file id="fl-2a">
         <path>C:\ti\ccs1281\ccs\tools\compiler\ti-cgt-c2000_22.6.1.LTS\lib\</path>
         <kind>archive</kind>
         <file>rts2800_fpu32_eabi.lib</file>
         <name>exit.c.obj</name>
      </input_file>
      <input_file id="fl-2b">
         <path>C:\ti\ccs1281\ccs\tools\compiler\ti-cgt-c2000_22.6.1.LTS\lib\</path>
         <kind>archive</kind>
         <file>rts2800_fpu32_eabi.lib</file>
         <name>_lock.c.obj</name>
      </input_file>
      <input_file id="fl-2c">
         <path>C:\ti\ccs1281\ccs\tools\compiler\ti-cgt-c2000_22.6.1.LTS\lib\</path>
         <kind>archive</kind>
         <file>rts2800_fpu32_eabi.lib</file>
         <name>args_main.c.obj</name>
      </input_file>
      <input_file id="fl-2d">
         <path>C:\ti\ccs1281\ccs\tools\compiler\ti-cgt-c2000_22.6.1.LTS\lib\</path>
         <kind>archive</kind>
         <file>rts2800_fpu32_eabi.lib</file>
         <name>memset.c.obj</name>
      </input_file>
      <input_file id="fl-2e">
         <path>C:\ti\ccs1281\ccs\tools\compiler\ti-cgt-c2000_22.6.1.LTS\lib\</path>
         <kind>archive</kind>
         <file>rts2800_fpu32_eabi.lib</file>
         <name>cpy_tbl.c.obj</name>
      </input_file>
      <input_file id="fl-2f">
         <path>C:\ti\ccs1281\ccs\tools\compiler\ti-cgt-c2000_22.6.1.LTS\lib\</path>
         <kind>archive</kind>
         <file>rts2800_fpu32_eabi.lib</file>
         <name>startup.c.obj</name>
      </input_file>
   </input_file_list>
   <object_component_list>
      <object_component id="oc-1e">
         <name>codestart</name>
         <load_address>0x80000</load_address>
         <run_address>0x80000</run_address>
         <size>0x2</size>
         <input_file_ref idref="fl-2"/>
      </object_component>
      <object_component id="oc-289">
         <name>.text:MCAN_msgRAMConfig</name>
         <load_address>0x80008</load_address>
         <run_address>0x80008</run_address>
         <size>0x1c2</size>
         <input_file_ref idref="fl-13"/>
      </object_component>
      <object_component id="oc-147">
         <name>.text:SysCtl_setClock</name>
         <load_address>0x801ca</load_address>
         <run_address>0x801ca</run_address>
         <size>0x123</size>
         <input_file_ref idref="fl-15"/>
      </object_component>
      <object_component id="oc-37e">
         <name>.text:MCAN_writeMsg</name>
         <load_address>0x802ed</load_address>
         <run_address>0x802ed</run_address>
         <size>0x122</size>
         <input_file_ref idref="fl-13"/>
      </object_component>
      <object_component id="oc-22e">
         <name>.text:SysCtl_isPLLValid</name>
         <load_address>0x8040f</load_address>
         <run_address>0x8040f</run_address>
         <size>0xfe</size>
         <input_file_ref idref="fl-15"/>
      </object_component>
      <object_component id="oc-27d">
         <name>.text:MCAN_init</name>
         <load_address>0x8050d</load_address>
         <run_address>0x8050d</run_address>
         <size>0xf0</size>
         <input_file_ref idref="fl-13"/>
      </object_component>
      <object_component id="oc-17e">
         <name>.text:GPIO_setAnalogMode</name>
         <load_address>0x805fd</load_address>
         <run_address>0x805fd</run_address>
         <size>0xeb</size>
         <input_file_ref idref="fl-12"/>
      </object_component>
      <object_component id="oc-166">
         <name>.text:Device_enableAllPeripherals</name>
         <load_address>0x806e8</load_address>
         <run_address>0x806e8</run_address>
         <size>0xd8</size>
         <input_file_ref idref="fl-4"/>
      </object_component>
      <object_component id="oc-d3">
         <name>.text:Device_init</name>
         <load_address>0x807c0</load_address>
         <run_address>0x807c0</run_address>
         <size>0xc7</size>
         <input_file_ref idref="fl-4"/>
      </object_component>
      <object_component id="oc-283">
         <name>.text:MCAN_setBitTime</name>
         <load_address>0x80887</load_address>
         <run_address>0x80887</run_address>
         <size>0xb9</size>
         <input_file_ref idref="fl-13"/>
      </object_component>
      <object_component id="oc-ab">
         <name>.text:main</name>
         <load_address>0x80940</load_address>
         <run_address>0x80940</run_address>
         <size>0xa2</size>
         <input_file_ref idref="fl-3"/>
      </object_component>
      <object_component id="oc-2f0">
         <name>.text</name>
         <load_address>0x809e2</load_address>
         <run_address>0x809e2</run_address>
         <size>0x88</size>
         <input_file_ref idref="fl-22"/>
      </object_component>
      <object_component id="oc-1a3">
         <name>.text:configureMCANA</name>
         <load_address>0x80a6a</load_address>
         <run_address>0x80a6a</run_address>
         <size>0x81</size>
         <input_file_ref idref="fl-3"/>
      </object_component>
      <object_component id="oc-325">
         <name>.text:DCC_setCounterSeeds</name>
         <load_address>0x80aeb</load_address>
         <run_address>0x80aeb</run_address>
         <size>0x73</size>
         <input_file_ref idref="fl-15"/>
      </object_component>
      <object_component id="oc-1a9">
         <name>.text:canSendMsg</name>
         <load_address>0x80b5e</load_address>
         <run_address>0x80b5e</run_address>
         <size>0x6f</size>
         <input_file_ref idref="fl-3"/>
      </object_component>
      <object_component id="oc-153">
         <name>.text:SysCtl_getClock</name>
         <load_address>0x80bcd</load_address>
         <run_address>0x80bcd</run_address>
         <size>0x65</size>
         <input_file_ref idref="fl-15"/>
      </object_component>
      <object_component id="oc-290">
         <name>.text:MCAN_writeMsgRam</name>
         <load_address>0x80c32</load_address>
         <run_address>0x80c32</run_address>
         <size>0x57</size>
         <input_file_ref idref="fl-13"/>
      </object_component>
      <object_component id="oc-18c">
         <name>.text:GPIO_setPadConfig</name>
         <load_address>0x80c89</load_address>
         <run_address>0x80c89</run_address>
         <size>0x52</size>
         <input_file_ref idref="fl-12"/>
      </object_component>
      <object_component id="oc-103">
         <name>.text:computeCRC32</name>
         <load_address>0x80cdb</load_address>
         <run_address>0x80cdb</run_address>
         <size>0x4d</size>
         <input_file_ref idref="fl-3"/>
      </object_component>
      <object_component id="oc-222">
         <name>.text:SysCtl_selectOscSource</name>
         <load_address>0x80d28</load_address>
         <run_address>0x80d28</run_address>
         <size>0x47</size>
         <input_file_ref idref="fl-15"/>
      </object_component>
      <object_component id="oc-2e2">
         <name>.text:SysCtl_selectXTAL</name>
         <load_address>0x80d6f</load_address>
         <run_address>0x80d6f</run_address>
         <size>0x46</size>
         <input_file_ref idref="fl-15"/>
      </object_component>
      <object_component id="oc-3aa">
         <name>.text:SysCtl_pollX1Counter</name>
         <load_address>0x80db5</load_address>
         <run_address>0x80db5</run_address>
         <size>0x45</size>
         <input_file_ref idref="fl-15"/>
      </object_component>
      <object_component id="oc-172">
         <name>.text:PGA_setOffsetTrimPMOS</name>
         <load_address>0x80dfa</load_address>
         <run_address>0x80dfa</run_address>
         <size>0x44</size>
         <input_file_ref idref="fl-14"/>
      </object_component>
      <object_component id="oc-16c">
         <name>.text:PGA_setOffsetTrimNMOS</name>
         <load_address>0x80e3e</load_address>
         <run_address>0x80e3e</run_address>
         <size>0x41</size>
         <input_file_ref idref="fl-14"/>
      </object_component>
      <object_component id="oc-186">
         <name>.text:GPIO_setPinConfig</name>
         <load_address>0x80e7f</load_address>
         <run_address>0x80e7f</run_address>
         <size>0x37</size>
         <input_file_ref idref="fl-12"/>
      </object_component>
      <object_component id="oc-192">
         <name>.text:GPIO_setDirectionMode</name>
         <load_address>0x80eb6</load_address>
         <run_address>0x80eb6</run_address>
         <size>0x31</size>
         <input_file_ref idref="fl-12"/>
      </object_component>
      <object_component id="oc-11">
         <name>.text:decompress:lzss</name>
         <load_address>0x80ee7</load_address>
         <run_address>0x80ee7</run_address>
         <size>0x30</size>
         <input_file_ref idref="fl-29"/>
      </object_component>
      <object_component id="oc-25b">
         <name>.text:GPIO_isPinValid</name>
         <load_address>0x80f17</load_address>
         <run_address>0x80f17</run_address>
         <size>0x2c</size>
         <input_file_ref idref="fl-3"/>
      </object_component>
      <object_component id="oc-253">
         <name>.text:GPIO_isPinValid</name>
         <load_address>0x80f43</load_address>
         <run_address>0x80f43</run_address>
         <size>0x2c</size>
         <input_file_ref idref="fl-12"/>
      </object_component>
      <object_component id="oc-296">
         <name>.text:MCAN_txBufAddReq</name>
         <load_address>0x80f6f</load_address>
         <run_address>0x80f6f</run_address>
         <size>0x2c</size>
         <input_file_ref idref="fl-13"/>
      </object_component>
      <object_component id="oc-7b">
         <name>.text:__TI_auto_init_nobinit_nopinit</name>
         <load_address>0x80f9b</load_address>
         <run_address>0x80f9b</run_address>
         <size>0x2b</size>
         <input_file_ref idref="fl-26"/>
      </object_component>
      <object_component id="oc-265">
         <name>.text:SysCtl_setMCANClk</name>
         <load_address>0x80fc6</load_address>
         <run_address>0x80fc6</run_address>
         <size>0x29</size>
         <input_file_ref idref="fl-3"/>
      </object_component>
      <object_component id="oc-6f">
         <name>.text</name>
         <load_address>0x80fef</load_address>
         <run_address>0x80fef</run_address>
         <size>0x29</size>
         <input_file_ref idref="fl-2a"/>
      </object_component>
      <object_component id="oc-198">
         <name>.text:GPIO_writePin</name>
         <load_address>0x81018</load_address>
         <run_address>0x81018</run_address>
         <size>0x27</size>
         <input_file_ref idref="fl-3"/>
      </object_component>
      <object_component id="oc-2e8">
         <name>.text:SysCtl_selectXTALSingleEnded</name>
         <load_address>0x8103f</load_address>
         <run_address>0x8103f</run_address>
         <size>0x25</size>
         <input_file_ref idref="fl-15"/>
      </object_component>
      <object_component id="oc-32b">
         <name>.text:DCC_enableSingleShotMode</name>
         <load_address>0x81064</load_address>
         <run_address>0x81064</run_address>
         <size>0x24</size>
         <input_file_ref idref="fl-15"/>
      </object_component>
      <object_component id="oc-f1">
         <name>.text:canSendDebug</name>
         <load_address>0x81088</load_address>
         <run_address>0x81088</run_address>
         <size>0x23</size>
         <input_file_ref idref="fl-3"/>
      </object_component>
      <object_component id="oc-26b">
         <name>.text:MCAN_isMemInitDone</name>
         <load_address>0x810ab</load_address>
         <run_address>0x810ab</run_address>
         <size>0x1f</size>
         <input_file_ref idref="fl-13"/>
      </object_component>
      <object_component id="oc-319">
         <name>.text:DCC_setCounter0ClkSource</name>
         <load_address>0x810ca</load_address>
         <run_address>0x810ca</run_address>
         <size>0x1e</size>
         <input_file_ref idref="fl-15"/>
      </object_component>
      <object_component id="oc-31f">
         <name>.text:DCC_setCounter1ClkSource</name>
         <load_address>0x810e8</load_address>
         <run_address>0x810e8</run_address>
         <size>0x1e</size>
         <input_file_ref idref="fl-15"/>
      </object_component>
      <object_component id="oc-29">
         <name>.text</name>
         <load_address>0x81106</load_address>
         <run_address>0x81106</run_address>
         <size>0x1d</size>
         <input_file_ref idref="fl-24"/>
      </object_component>
      <object_component id="oc-160">
         <name>.text:SysCtl_getLowSpeedClock</name>
         <load_address>0x81123</load_address>
         <run_address>0x81123</run_address>
         <size>0x1a</size>
         <input_file_ref idref="fl-15"/>
      </object_component>
      <object_component id="oc-271">
         <name>.text:MCAN_setOpMode</name>
         <load_address>0x8113d</load_address>
         <run_address>0x8113d</run_address>
         <size>0x19</size>
         <input_file_ref idref="fl-13"/>
      </object_component>
      <object_component id="oc-36f">
         <name>.text:MCAN_writeProtectedRegAccessLock</name>
         <load_address>0x81156</load_address>
         <run_address>0x81156</run_address>
         <size>0x19</size>
         <input_file_ref idref="fl-13"/>
      </object_component>
      <object_component id="oc-369">
         <name>.text:MCAN_writeProtectedRegAccessUnlock</name>
         <load_address>0x8116f</load_address>
         <run_address>0x8116f</run_address>
         <size>0x19</size>
         <input_file_ref idref="fl-13"/>
      </object_component>
      <object_component id="oc-228">
         <name>.text:SysCtl_setPLLSysClk</name>
         <load_address>0x81188</load_address>
         <run_address>0x81188</run_address>
         <size>0x19</size>
         <input_file_ref idref="fl-15"/>
      </object_component>
      <object_component id="oc-355">
         <name>.text:HW_WR_FIELD32_RAW</name>
         <load_address>0x811a1</load_address>
         <run_address>0x811a1</run_address>
         <size>0x17</size>
         <input_file_ref idref="fl-13"/>
      </object_component>
      <object_component id="oc-277">
         <name>.text:MCAN_getOpMode</name>
         <load_address>0x811b8</load_address>
         <run_address>0x811b8</run_address>
         <size>0x17</size>
         <input_file_ref idref="fl-13"/>
      </object_component>
      <object_component id="oc-241">
         <name>.text:PGA_isBaseValid</name>
         <load_address>0x811cf</load_address>
         <run_address>0x811cf</run_address>
         <size>0x17</size>
         <input_file_ref idref="fl-14"/>
      </object_component>
      <object_component id="oc-23a">
         <name>.text:SysCtl_enablePeripheral</name>
         <load_address>0x811e6</load_address>
         <run_address>0x811e6</run_address>
         <size>0x17</size>
         <input_file_ref idref="fl-4"/>
      </object_component>
      <object_component id="oc-2f5">
         <name>.text:SysCtl_enablePeripheral</name>
         <load_address>0x811fd</load_address>
         <run_address>0x811fd</run_address>
         <size>0x17</size>
         <input_file_ref idref="fl-15"/>
      </object_component>
      <object_component id="oc-54">
         <name>.text</name>
         <load_address>0x81214</load_address>
         <run_address>0x81214</run_address>
         <size>0x17</size>
         <input_file_ref idref="fl-21"/>
      </object_component>
      <object_component id="oc-313">
         <name>.text:DCC_disableDoneSignal</name>
         <load_address>0x8122b</load_address>
         <run_address>0x8122b</run_address>
         <size>0x16</size>
         <input_file_ref idref="fl-15"/>
      </object_component>
      <object_component id="oc-d9">
         <name>.text:ledInit</name>
         <load_address>0x81241</load_address>
         <run_address>0x81241</run_address>
         <size>0x16</size>
         <input_file_ref idref="fl-3"/>
      </object_component>
      <object_component id="oc-301">
         <name>.text:DCC_clearDoneFlag</name>
         <load_address>0x81257</load_address>
         <run_address>0x81257</run_address>
         <size>0x15</size>
         <input_file_ref idref="fl-15"/>
      </object_component>
      <object_component id="oc-2fb">
         <name>.text:DCC_clearErrorFlag</name>
         <load_address>0x8126c</load_address>
         <run_address>0x8126c</run_address>
         <size>0x15</size>
         <input_file_ref idref="fl-15"/>
      </object_component>
      <object_component id="oc-30d">
         <name>.text:DCC_disableErrorSignal</name>
         <load_address>0x81281</load_address>
         <run_address>0x81281</run_address>
         <size>0x15</size>
         <input_file_ref idref="fl-15"/>
      </object_component>
      <object_component id="oc-3ba">
         <name>.text:DCC_isBaseValid</name>
         <load_address>0x81296</load_address>
         <run_address>0x81296</run_address>
         <size>0x15</size>
         <input_file_ref idref="fl-15"/>
      </object_component>
      <object_component id="oc-346">
         <name>.text:MCAN_isBaseValid</name>
         <load_address>0x812ab</load_address>
         <run_address>0x812ab</run_address>
         <size>0x15</size>
         <input_file_ref idref="fl-13"/>
      </object_component>
      <object_component id="oc-307">
         <name>.text:DCC_disableModule</name>
         <load_address>0x812c0</load_address>
         <run_address>0x812c0</run_address>
         <size>0x14</size>
         <input_file_ref idref="fl-15"/>
      </object_component>
      <object_component id="oc-331">
         <name>.text:DCC_enableModule</name>
         <load_address>0x812d4</load_address>
         <run_address>0x812d4</run_address>
         <size>0x14</size>
         <input_file_ref idref="fl-15"/>
      </object_component>
      <object_component id="oc-3d8">
         <name>.text:MCAN_getDataSize</name>
         <load_address>0x812e8</load_address>
         <run_address>0x812e8</run_address>
         <size>0x14</size>
         <input_file_ref idref="fl-13"/>
      </object_component>
      <object_component id="oc-378">
         <name>.text:MCAN_getMsgObjSize</name>
         <load_address>0x812fc</load_address>
         <run_address>0x812fc</run_address>
         <size>0x14</size>
         <input_file_ref idref="fl-13"/>
      </object_component>
      <object_component id="oc-29c">
         <name>.text:MCAN_getTxBufReqPend</name>
         <load_address>0x81310</load_address>
         <run_address>0x81310</run_address>
         <size>0x13</size>
         <input_file_ref idref="fl-13"/>
      </object_component>
      <object_component id="oc-e5">
         <name>.text:canSendHello</name>
         <load_address>0x81323</load_address>
         <run_address>0x81323</run_address>
         <size>0x13</size>
         <input_file_ref idref="fl-3"/>
      </object_component>
      <object_component id="oc-eb">
         <name>.text:delayCycles</name>
         <load_address>0x81336</load_address>
         <run_address>0x81336</run_address>
         <size>0x11</size>
         <input_file_ref idref="fl-3"/>
      </object_component>
      <object_component id="oc-1e7">
         <name>.text:Flash_isCtrlBaseValid</name>
         <load_address>0x81347</load_address>
         <run_address>0x81347</run_address>
         <size>0x10</size>
         <input_file_ref idref="fl-11"/>
      </object_component>
      <object_component id="oc-1ee">
         <name>.text:Flash_isECCBaseValid</name>
         <load_address>0x81357</load_address>
         <run_address>0x81357</run_address>
         <size>0x10</size>
         <input_file_ref idref="fl-11"/>
      </object_component>
      <object_component id="oc-df">
         <name>.text:ledSet</name>
         <load_address>0x81367</load_address>
         <run_address>0x81367</run_address>
         <size>0xe</size>
         <input_file_ref idref="fl-3"/>
      </object_component>
      <object_component id="oc-34d">
         <name>.text:HW_RD_FIELD32_RAW</name>
         <load_address>0x81375</load_address>
         <run_address>0x81375</run_address>
         <size>0xd</size>
         <input_file_ref idref="fl-13"/>
      </object_component>
      <object_component id="oc-115">
         <name>.text:SysCtl_resetDevice</name>
         <load_address>0x81382</load_address>
         <run_address>0x81382</run_address>
         <size>0xd</size>
         <input_file_ref idref="fl-3"/>
      </object_component>
      <object_component id="oc-14d">
         <name>.text:SysCtl_setLowSpeedClock</name>
         <load_address>0x8138f</load_address>
         <run_address>0x8138f</run_address>
         <size>0xd</size>
         <input_file_ref idref="fl-4"/>
      </object_component>
      <object_component id="oc-69">
         <name>.text</name>
         <load_address>0x8139c</load_address>
         <run_address>0x8139c</run_address>
         <size>0xc</size>
         <input_file_ref idref="fl-2c"/>
      </object_component>
      <object_component id="oc-13b">
         <name>.text:SysCtl_disableWatchdog</name>
         <load_address>0x813a8</load_address>
         <run_address>0x813a8</run_address>
         <size>0xb</size>
         <input_file_ref idref="fl-4"/>
      </object_component>
      <object_component id="oc-21b">
         <name>.text:SysCtl_isMCDClockFailureDetected</name>
         <load_address>0x813b3</load_address>
         <run_address>0x813b3</run_address>
         <size>0xb</size>
         <input_file_ref idref="fl-15"/>
      </object_component>
      <object_component id="oc-128">
         <name>.text</name>
         <load_address>0x813be</load_address>
         <run_address>0x813be</run_address>
         <size>0x9</size>
         <input_file_ref idref="fl-2b"/>
      </object_component>
      <object_component id="oc-3d">
         <name>.text</name>
         <load_address>0x813c7</load_address>
         <run_address>0x813c7</run_address>
         <size>0x8</size>
         <input_file_ref idref="fl-2"/>
      </object_component>
      <object_component id="oc-17">
         <name>.text:decompress:none</name>
         <load_address>0x813cf</load_address>
         <run_address>0x813cf</run_address>
         <size>0x8</size>
         <input_file_ref idref="fl-28"/>
      </object_component>
      <object_component id="oc-178">
         <name>.text:ASysCtl_lockVREG</name>
         <load_address>0x813d7</load_address>
         <run_address>0x813d7</run_address>
         <size>0x7</size>
         <input_file_ref idref="fl-4"/>
      </object_component>
      <object_component id="oc-35d">
         <name>.text:HW_RD_REG32_RAW</name>
         <load_address>0x813de</load_address>
         <run_address>0x813de</run_address>
         <size>0x7</size>
         <input_file_ref idref="fl-13"/>
      </object_component>
      <object_component id="oc-363">
         <name>.text:HW_WR_REG32_RAW</name>
         <load_address>0x813e5</load_address>
         <run_address>0x813e5</run_address>
         <size>0x7</size>
         <input_file_ref idref="fl-13"/>
      </object_component>
      <object_component id="oc-3b0">
         <name>.text:SysCtl_resetMCD</name>
         <load_address>0x813ec</load_address>
         <run_address>0x813ec</run_address>
         <size>0x7</size>
         <input_file_ref idref="fl-15"/>
      </object_component>
      <object_component id="oc-15a">
         <name>.text:__error__</name>
         <load_address>0x813f3</load_address>
         <run_address>0x813f3</run_address>
         <size>0x7</size>
         <input_file_ref idref="fl-4"/>
      </object_component>
      <object_component id="oc-11b">
         <name>.text:jumpToApp</name>
         <load_address>0x813fa</load_address>
         <run_address>0x813fa</run_address>
         <size>0x4</size>
         <input_file_ref idref="fl-3"/>
      </object_component>
      <object_component id="oc-62">
         <name>.text</name>
         <load_address>0x813fe</load_address>
         <run_address>0x813fe</run_address>
         <size>0x2</size>
         <input_file_ref idref="fl-25"/>
      </object_component>
      <object_component id="oc-be">
         <name>.text</name>
         <load_address>0x81400</load_address>
         <run_address>0x81400</run_address>
         <size>0x1</size>
         <input_file_ref idref="fl-2f"/>
      </object_component>
      <object_component id="oc-418">
         <name>.cinit..data.load</name>
         <load_address>0x81eb8</load_address>
         <run_address>0x81eb8</run_address>
         <size>0x2f</size>
      </object_component>
      <object_component id="oc-416">
         <name>__TI_handler_table</name>
         <load_address>0x81ee8</load_address>
         <run_address>0x81ee8</run_address>
         <size>0x4</size>
      </object_component>
      <object_component id="oc-417">
         <name>__TI_cinit_table</name>
         <load_address>0x81eec</load_address>
         <run_address>0x81eec</run_address>
         <size>0x4</size>
      </object_component>
      <object_component id="oc-1c2">
         <name>.const:crc32Table</name>
         <load_address>0x819a8</load_address>
         <run_address>0x819a8</run_address>
         <size>0x200</size>
         <input_file_ref idref="fl-3"/>
      </object_component>
      <object_component id="oc-1ed">
         <name>.const:.string</name>
         <load_address>0x81ba8</load_address>
         <run_address>0x81ba8</run_address>
         <size>0x9b</size>
         <input_file_ref idref="fl-11"/>
      </object_component>
      <object_component id="oc-21a">
         <name>.const:.string</name>
         <load_address>0x81c44</load_address>
         <run_address>0x81c44</run_address>
         <size>0x9a</size>
         <input_file_ref idref="fl-15"/>
      </object_component>
      <object_component id="oc-24c">
         <name>.const:.string</name>
         <load_address>0x81cde</load_address>
         <run_address>0x81cde</run_address>
         <size>0x98</size>
         <input_file_ref idref="fl-12"/>
      </object_component>
      <object_component id="oc-159">
         <name>.const:.string</name>
         <load_address>0x81d76</load_address>
         <run_address>0x81d76</run_address>
         <size>0x59</size>
         <input_file_ref idref="fl-4"/>
      </object_component>
      <object_component id="oc-34c">
         <name>.const:.string</name>
         <load_address>0x81dd0</load_address>
         <run_address>0x81dd0</run_address>
         <size>0x4c</size>
         <input_file_ref idref="fl-13"/>
      </object_component>
      <object_component id="oc-247">
         <name>.const:.string</name>
         <load_address>0x81e1c</load_address>
         <run_address>0x81e1c</run_address>
         <size>0x4b</size>
         <input_file_ref idref="fl-14"/>
      </object_component>
      <object_component id="oc-261">
         <name>.const:.string</name>
         <load_address>0x81e68</load_address>
         <run_address>0x81e68</run_address>
         <size>0x44</size>
         <input_file_ref idref="fl-3"/>
      </object_component>
      <object_component id="oc-1a0">
         <name>.const:$P$T0$1</name>
         <load_address>0x81eac</load_address>
         <run_address>0x81eac</run_address>
         <size>0x8</size>
         <input_file_ref idref="fl-3"/>
      </object_component>
      <object_component id="oc-26">
         <name>.stack</name>
         <uninitialized>true</uninitialized>
         <run_address>0x400</run_address>
         <size>0x0</size>
         <input_file_ref idref="fl-21"/>
      </object_component>
      <object_component id="oc-419">
         <name>.stack</name>
         <uninitialized>true</uninitialized>
         <run_address>0x400</run_address>
         <size>0x0</size>
      </object_component>
      <object_component id="oc-3d4">
         <name>.data:objSize</name>
         <load_address>0x148</load_address>
         <run_address>0x148</run_address>
         <size>0x10</size>
         <input_file_ref idref="fl-13"/>
      </object_component>
      <object_component id="oc-3ee">
         <name>.data:dataSize</name>
         <load_address>0x128</load_address>
         <run_address>0x128</run_address>
         <size>0x20</size>
         <input_file_ref idref="fl-13"/>
      </object_component>
      <object_component id="oc-b3">
         <name>.data</name>
         <load_address>0x158</load_address>
         <run_address>0x158</run_address>
         <size>0x6</size>
         <input_file_ref idref="fl-2a"/>
      </object_component>
      <object_component id="oc-b6">
         <name>.data:_lock</name>
         <load_address>0x15e</load_address>
         <run_address>0x15e</run_address>
         <size>0x2</size>
         <input_file_ref idref="fl-2b"/>
      </object_component>
      <object_component id="oc-1d9">
         <name>.data:_unlock</name>
         <load_address>0x160</load_address>
         <run_address>0x160</run_address>
         <size>0x2</size>
         <input_file_ref idref="fl-2b"/>
      </object_component>
      <object_component id="oc-2cd">
         <name>.text:Fapi_issueProgrammingCommand</name>
         <load_address>0x81408</load_address>
         <run_address>0x8000</run_address>
         <size>0x189</size>
         <input_file_ref idref="fl-c"/>
      </object_component>
      <object_component id="oc-f7">
         <name>.text:Fapi_initializeAPI</name>
         <load_address>0x81591</load_address>
         <run_address>0x8189</run_address>
         <size>0x17a</size>
         <input_file_ref idref="fl-e"/>
      </object_component>
      <object_component id="oc-2c0">
         <name>.text:Fapi_issueAsyncCommandWithAddress</name>
         <load_address>0x8170b</load_address>
         <run_address>0x8303</run_address>
         <size>0x3a</size>
         <input_file_ref idref="fl-b"/>
      </object_component>
      <object_component id="oc-1b2">
         <name>.text:Write_32bp</name>
         <load_address>0x81745</load_address>
         <run_address>0x833d</run_address>
         <size>0x2a</size>
         <input_file_ref idref="fl-f"/>
      </object_component>
      <object_component id="oc-1b8">
         <name>.text:Write_32</name>
         <load_address>0x8176f</load_address>
         <run_address>0x8367</run_address>
         <size>0x26</size>
         <input_file_ref idref="fl-f"/>
      </object_component>
      <object_component id="oc-391">
         <name>.text:Fapi_issueAsyncCommand</name>
         <load_address>0x81795</load_address>
         <run_address>0x838d</run_address>
         <size>0x24</size>
         <input_file_ref idref="fl-b"/>
      </object_component>
      <object_component id="oc-2ba">
         <name>.text:Fapi_setupBankSectorEnable</name>
         <load_address>0x817b9</load_address>
         <run_address>0x83b1</run_address>
         <size>0x21</size>
         <input_file_ref idref="fl-d"/>
      </object_component>
      <object_component id="oc-3a2">
         <name>.text:Fapi_CheckLinkPointers</name>
         <load_address>0x817da</load_address>
         <run_address>0x83d2</run_address>
         <size>0x1c</size>
         <input_file_ref idref="fl-d"/>
      </object_component>
      <object_component id="oc-399">
         <name>.text:Fapi_issueFsmCommand</name>
         <load_address>0x817f6</load_address>
         <run_address>0x83ee</run_address>
         <size>0x11</size>
         <input_file_ref idref="fl-d"/>
      </object_component>
      <object_component id="oc-2a3">
         <name>.text:Fapi_regReadback</name>
         <load_address>0x81807</load_address>
         <run_address>0x83ff</run_address>
         <size>0x10</size>
         <input_file_ref idref="fl-f"/>
      </object_component>
      <object_component id="oc-2c6">
         <name>.text:Fapi_checkFsmForReady</name>
         <load_address>0x81817</load_address>
         <run_address>0x840f</run_address>
         <size>0xd</size>
         <input_file_ref idref="fl-d"/>
      </object_component>
      <object_component id="oc-fd">
         <name>.text:Fapi_setActiveFlashBank</name>
         <load_address>0x81824</load_address>
         <run_address>0x841c</run_address>
         <size>0x6</size>
         <input_file_ref idref="fl-d"/>
      </object_component>
      <object_component id="oc-38b">
         <name>.text:Fapi_getFsmStatus</name>
         <load_address>0x8182a</load_address>
         <run_address>0x8422</run_address>
         <size>0x4</size>
         <input_file_ref idref="fl-d"/>
      </object_component>
      <object_component id="oc-109">
         <name>.TI.ramfunc:copyBank2ToBank0</name>
         <load_address>0x8182e</load_address>
         <run_address>0x8426</run_address>
         <size>0x4f</size>
         <input_file_ref idref="fl-3"/>
      </object_component>
      <object_component id="oc-141">
         <name>.TI.ramfunc:Flash_initModule</name>
         <load_address>0x8187d</load_address>
         <run_address>0x8475</run_address>
         <size>0x36</size>
         <input_file_ref idref="fl-11"/>
      </object_component>
      <object_component id="oc-200">
         <name>.TI.ramfunc:Flash_setWaitstates</name>
         <load_address>0x818b3</load_address>
         <run_address>0x84ab</run_address>
         <size>0x22</size>
         <input_file_ref idref="fl-11"/>
      </object_component>
      <object_component id="oc-1cc">
         <name>.TI.ramfunc:programEightWords</name>
         <load_address>0x818d5</load_address>
         <run_address>0x84cd</run_address>
         <size>0x22</size>
         <input_file_ref idref="fl-3"/>
      </object_component>
      <object_component id="oc-1c6">
         <name>.TI.ramfunc:eraseSector</name>
         <load_address>0x818f7</load_address>
         <run_address>0x84ef</run_address>
         <size>0x1c</size>
         <input_file_ref idref="fl-3"/>
      </object_component>
      <object_component id="oc-1f4">
         <name>.TI.ramfunc:Flash_disableCache</name>
         <load_address>0x81913</load_address>
         <run_address>0x850b</run_address>
         <size>0x18</size>
         <input_file_ref idref="fl-11"/>
      </object_component>
      <object_component id="oc-1fa">
         <name>.TI.ramfunc:Flash_disablePrefetch</name>
         <load_address>0x8192b</load_address>
         <run_address>0x8523</run_address>
         <size>0x17</size>
         <input_file_ref idref="fl-11"/>
      </object_component>
      <object_component id="oc-206">
         <name>.TI.ramfunc:Flash_enableCache</name>
         <load_address>0x81942</load_address>
         <run_address>0x853a</run_address>
         <size>0x16</size>
         <input_file_ref idref="fl-11"/>
      </object_component>
      <object_component id="oc-212">
         <name>.TI.ramfunc:Flash_enableECC</name>
         <load_address>0x81958</load_address>
         <run_address>0x8550</run_address>
         <size>0x16</size>
         <input_file_ref idref="fl-11"/>
      </object_component>
      <object_component id="oc-20c">
         <name>.TI.ramfunc:Flash_enablePrefetch</name>
         <load_address>0x8196e</load_address>
         <run_address>0x8566</run_address>
         <size>0x16</size>
         <input_file_ref idref="fl-11"/>
      </object_component>
      <object_component id="oc-2b4">
         <name>.TI.ramfunc:clearFSM</name>
         <load_address>0x81984</load_address>
         <run_address>0x857c</run_address>
         <size>0x14</size>
         <input_file_ref idref="fl-3"/>
      </object_component>
      <object_component id="oc-10f">
         <name>.TI.ramfunc:clearBootFlag</name>
         <load_address>0x81998</load_address>
         <run_address>0x8590</run_address>
         <size>0x6</size>
         <input_file_ref idref="fl-3"/>
      </object_component>
      <object_component id="oc-221">
         <name>.TI.ramfunc</name>
         <load_address>0x8199e</load_address>
         <run_address>0x8596</run_address>
         <size>0x4</size>
         <input_file_ref idref="fl-15"/>
      </object_component>
      <object_component id="oc-1f">
         <name>.debug_info</name>
         <load_address>0x0</load_address>
         <run_address>0x0</run_address>
         <size>0xe7</size>
         <input_file_ref idref="fl-2"/>
      </object_component>
      <object_component id="oc-3f">
         <name>.debug_info</name>
         <load_address>0xe7</load_address>
         <run_address>0xe7</run_address>
         <size>0xe7</size>
         <input_file_ref idref="fl-2"/>
      </object_component>
      <object_component id="oc-1a1">
         <name>.debug_info</name>
         <load_address>0x1ce</load_address>
         <run_address>0x1ce</run_address>
         <size>0xd6</size>
         <input_file_ref idref="fl-3"/>
      </object_component>
      <object_component id="oc-1c3">
         <name>.debug_info</name>
         <load_address>0x2a4</load_address>
         <run_address>0x2a4</run_address>
         <size>0xdb</size>
         <input_file_ref idref="fl-3"/>
      </object_component>
      <object_component id="oc-116">
         <name>.debug_info</name>
         <load_address>0x37f</load_address>
         <run_address>0x37f</run_address>
         <size>0x138</size>
         <input_file_ref idref="fl-3"/>
      </object_component>
      <object_component id="oc-268">
         <name>.debug_info</name>
         <load_address>0x4b7</load_address>
         <run_address>0x4b7</run_address>
         <size>0x190</size>
         <input_file_ref idref="fl-3"/>
      </object_component>
      <object_component id="oc-25e">
         <name>.debug_info</name>
         <load_address>0x647</load_address>
         <run_address>0x647</run_address>
         <size>0x15f</size>
         <input_file_ref idref="fl-3"/>
      </object_component>
      <object_component id="oc-19a">
         <name>.debug_info</name>
         <load_address>0x7a6</load_address>
         <run_address>0x7a6</run_address>
         <size>0x1b8</size>
         <input_file_ref idref="fl-3"/>
      </object_component>
      <object_component id="oc-ae">
         <name>.debug_info</name>
         <load_address>0x95e</load_address>
         <run_address>0x95e</run_address>
         <size>0x318</size>
         <input_file_ref idref="fl-3"/>
      </object_component>
      <object_component id="oc-db">
         <name>.debug_info</name>
         <load_address>0xc76</load_address>
         <run_address>0xc76</run_address>
         <size>0x152</size>
         <input_file_ref idref="fl-3"/>
      </object_component>
      <object_component id="oc-e1">
         <name>.debug_info</name>
         <load_address>0xdc8</load_address>
         <run_address>0xdc8</run_address>
         <size>0x126</size>
         <input_file_ref idref="fl-3"/>
      </object_component>
      <object_component id="oc-1a5">
         <name>.debug_info</name>
         <load_address>0xeee</load_address>
         <run_address>0xeee</run_address>
         <size>0x230</size>
         <input_file_ref idref="fl-3"/>
      </object_component>
      <object_component id="oc-1aa">
         <name>.debug_info</name>
         <load_address>0x111e</load_address>
         <run_address>0x111e</run_address>
         <size>0x1e8</size>
         <input_file_ref idref="fl-3"/>
      </object_component>
      <object_component id="oc-e7">
         <name>.debug_info</name>
         <load_address>0x1306</load_address>
         <run_address>0x1306</run_address>
         <size>0x134</size>
         <input_file_ref idref="fl-3"/>
      </object_component>
      <object_component id="oc-f2">
         <name>.debug_info</name>
         <load_address>0x143a</load_address>
         <run_address>0x143a</run_address>
         <size>0x1a1</size>
         <input_file_ref idref="fl-3"/>
      </object_component>
      <object_component id="oc-ed">
         <name>.debug_info</name>
         <load_address>0x15db</load_address>
         <run_address>0x15db</run_address>
         <size>0x133</size>
         <input_file_ref idref="fl-3"/>
      </object_component>
      <object_component id="oc-11d">
         <name>.debug_info</name>
         <load_address>0x170e</load_address>
         <run_address>0x170e</run_address>
         <size>0x101</size>
         <input_file_ref idref="fl-3"/>
      </object_component>
      <object_component id="oc-2b5">
         <name>.debug_info</name>
         <load_address>0x180f</load_address>
         <run_address>0x180f</run_address>
         <size>0x176</size>
         <input_file_ref idref="fl-3"/>
      </object_component>
      <object_component id="oc-1c7">
         <name>.debug_info</name>
         <load_address>0x1985</load_address>
         <run_address>0x1985</run_address>
         <size>0x1bd</size>
         <input_file_ref idref="fl-3"/>
      </object_component>
      <object_component id="oc-1cd">
         <name>.debug_info</name>
         <load_address>0x1b42</load_address>
         <run_address>0x1b42</run_address>
         <size>0x1df</size>
         <input_file_ref idref="fl-3"/>
      </object_component>
      <object_component id="oc-10a">
         <name>.debug_info</name>
         <load_address>0x1d21</load_address>
         <run_address>0x1d21</run_address>
         <size>0x1fd</size>
         <input_file_ref idref="fl-3"/>
      </object_component>
      <object_component id="oc-110">
         <name>.debug_info</name>
         <load_address>0x1f1e</load_address>
         <run_address>0x1f1e</run_address>
         <size>0x115</size>
         <input_file_ref idref="fl-3"/>
      </object_component>
      <object_component id="oc-105">
         <name>.debug_info</name>
         <load_address>0x2033</load_address>
         <run_address>0x2033</run_address>
         <size>0x1b0</size>
         <input_file_ref idref="fl-3"/>
      </object_component>
      <object_component id="oc-17b">
         <name>.debug_info</name>
         <load_address>0x21e3</load_address>
         <run_address>0x21e3</run_address>
         <size>0x140</size>
         <input_file_ref idref="fl-4"/>
      </object_component>
      <object_component id="oc-23b">
         <name>.debug_info</name>
         <load_address>0x2323</load_address>
         <run_address>0x2323</run_address>
         <size>0x1a4</size>
         <input_file_ref idref="fl-4"/>
      </object_component>
      <object_component id="oc-14e">
         <name>.debug_info</name>
         <load_address>0x24c7</load_address>
         <run_address>0x24c7</run_address>
         <size>0x178</size>
         <input_file_ref idref="fl-4"/>
      </object_component>
      <object_component id="oc-13e">
         <name>.debug_info</name>
         <load_address>0x263f</load_address>
         <run_address>0x263f</run_address>
         <size>0x14b</size>
         <input_file_ref idref="fl-4"/>
      </object_component>
      <object_component id="oc-d5">
         <name>.debug_info</name>
         <load_address>0x278a</load_address>
         <run_address>0x278a</run_address>
         <size>0x305</size>
         <input_file_ref idref="fl-4"/>
      </object_component>
      <object_component id="oc-168">
         <name>.debug_info</name>
         <load_address>0x2a8f</load_address>
         <run_address>0x2a8f</run_address>
         <size>0x7b3</size>
         <input_file_ref idref="fl-4"/>
      </object_component>
      <object_component id="oc-15b">
         <name>.debug_info</name>
         <load_address>0x3242</load_address>
         <run_address>0x3242</run_address>
         <size>0x148</size>
         <input_file_ref idref="fl-4"/>
      </object_component>
      <object_component id="oc-2c4">
         <name>.debug_info</name>
         <load_address>0x338a</load_address>
         <run_address>0x338a</run_address>
         <size>0x356</size>
         <input_file_ref idref="fl-b"/>
      </object_component>
      <object_component id="oc-392">
         <name>.debug_info</name>
         <load_address>0x36e0</load_address>
         <run_address>0x36e0</run_address>
         <size>0x2eb</size>
         <input_file_ref idref="fl-b"/>
      </object_component>
      <object_component id="oc-2d0">
         <name>.debug_info</name>
         <load_address>0x39cb</load_address>
         <run_address>0x39cb</run_address>
         <size>0x6b7</size>
         <input_file_ref idref="fl-c"/>
      </object_component>
      <object_component id="oc-38c">
         <name>.debug_info</name>
         <load_address>0x4082</load_address>
         <run_address>0x4082</run_address>
         <size>0x260</size>
         <input_file_ref idref="fl-d"/>
      </object_component>
      <object_component id="oc-39a">
         <name>.debug_info</name>
         <load_address>0x42e2</load_address>
         <run_address>0x42e2</run_address>
         <size>0x28f</size>
         <input_file_ref idref="fl-d"/>
      </object_component>
      <object_component id="oc-fe">
         <name>.debug_info</name>
         <load_address>0x4571</load_address>
         <run_address>0x4571</run_address>
         <size>0x2b8</size>
         <input_file_ref idref="fl-d"/>
      </object_component>
      <object_component id="oc-2bb">
         <name>.debug_info</name>
         <load_address>0x4829</load_address>
         <run_address>0x4829</run_address>
         <size>0x2cd</size>
         <input_file_ref idref="fl-d"/>
      </object_component>
      <object_component id="oc-3a3">
         <name>.debug_info</name>
         <load_address>0x4af6</load_address>
         <run_address>0x4af6</run_address>
         <size>0x2b4</size>
         <input_file_ref idref="fl-d"/>
      </object_component>
      <object_component id="oc-2c8">
         <name>.debug_info</name>
         <load_address>0x4daa</load_address>
         <run_address>0x4daa</run_address>
         <size>0x282</size>
         <input_file_ref idref="fl-d"/>
      </object_component>
      <object_component id="oc-fb">
         <name>.debug_info</name>
         <load_address>0x502c</load_address>
         <run_address>0x502c</run_address>
         <size>0x446</size>
         <input_file_ref idref="fl-e"/>
      </object_component>
      <object_component id="oc-1b4">
         <name>.debug_info</name>
         <load_address>0x5472</load_address>
         <run_address>0x5472</run_address>
         <size>0x2d5</size>
         <input_file_ref idref="fl-f"/>
      </object_component>
      <object_component id="oc-1ba">
         <name>.debug_info</name>
         <load_address>0x5747</load_address>
         <run_address>0x5747</run_address>
         <size>0x2ce</size>
         <input_file_ref idref="fl-f"/>
      </object_component>
      <object_component id="oc-2a6">
         <name>.debug_info</name>
         <load_address>0x5a15</load_address>
         <run_address>0x5a15</run_address>
         <size>0x2af</size>
         <input_file_ref idref="fl-f"/>
      </object_component>
      <object_component id="oc-1e9">
         <name>.debug_info</name>
         <load_address>0x5cc4</load_address>
         <run_address>0x5cc4</run_address>
         <size>0x1e2</size>
         <input_file_ref idref="fl-11"/>
      </object_component>
      <object_component id="oc-1ef">
         <name>.debug_info</name>
         <load_address>0x5ea6</load_address>
         <run_address>0x5ea6</run_address>
         <size>0x1de</size>
         <input_file_ref idref="fl-11"/>
      </object_component>
      <object_component id="oc-201">
         <name>.debug_info</name>
         <load_address>0x6084</load_address>
         <run_address>0x6084</run_address>
         <size>0x23c</size>
         <input_file_ref idref="fl-11"/>
      </object_component>
      <object_component id="oc-20d">
         <name>.debug_info</name>
         <load_address>0x62c0</load_address>
         <run_address>0x62c0</run_address>
         <size>0x202</size>
         <input_file_ref idref="fl-11"/>
      </object_component>
      <object_component id="oc-1fc">
         <name>.debug_info</name>
         <load_address>0x64c2</load_address>
         <run_address>0x64c2</run_address>
         <size>0x204</size>
         <input_file_ref idref="fl-11"/>
      </object_component>
      <object_component id="oc-208">
         <name>.debug_info</name>
         <load_address>0x66c6</load_address>
         <run_address>0x66c6</run_address>
         <size>0x1fc</size>
         <input_file_ref idref="fl-11"/>
      </object_component>
      <object_component id="oc-1f6">
         <name>.debug_info</name>
         <load_address>0x68c2</load_address>
         <run_address>0x68c2</run_address>
         <size>0x200</size>
         <input_file_ref idref="fl-11"/>
      </object_component>
      <object_component id="oc-214">
         <name>.debug_info</name>
         <load_address>0x6ac2</load_address>
         <run_address>0x6ac2</run_address>
         <size>0x1f7</size>
         <input_file_ref idref="fl-11"/>
      </object_component>
      <object_component id="oc-143">
         <name>.debug_info</name>
         <load_address>0x6cb9</load_address>
         <run_address>0x6cb9</run_address>
         <size>0x305</size>
         <input_file_ref idref="fl-11"/>
      </object_component>
      <object_component id="oc-254">
         <name>.debug_info</name>
         <load_address>0x6fbe</load_address>
         <run_address>0x6fbe</run_address>
         <size>0x1ca</size>
         <input_file_ref idref="fl-12"/>
      </object_component>
      <object_component id="oc-193">
         <name>.debug_info</name>
         <load_address>0x7188</load_address>
         <run_address>0x7188</run_address>
         <size>0x242</size>
         <input_file_ref idref="fl-12"/>
      </object_component>
      <object_component id="oc-18d">
         <name>.debug_info</name>
         <load_address>0x73ca</load_address>
         <run_address>0x73ca</run_address>
         <size>0x22b</size>
         <input_file_ref idref="fl-12"/>
      </object_component>
      <object_component id="oc-17f">
         <name>.debug_info</name>
         <load_address>0x75f5</load_address>
         <run_address>0x75f5</run_address>
         <size>0x227</size>
         <input_file_ref idref="fl-12"/>
      </object_component>
      <object_component id="oc-188">
         <name>.debug_info</name>
         <load_address>0x781c</load_address>
         <run_address>0x781c</run_address>
         <size>0x214</size>
         <input_file_ref idref="fl-12"/>
      </object_component>
      <object_component id="oc-3d5">
         <name>.debug_info</name>
         <load_address>0x7a30</load_address>
         <run_address>0x7a30</run_address>
         <size>0x138</size>
         <input_file_ref idref="fl-13"/>
      </object_component>
      <object_component id="oc-3ef">
         <name>.debug_info</name>
         <load_address>0x7b68</load_address>
         <run_address>0x7b68</run_address>
         <size>0x13a</size>
         <input_file_ref idref="fl-13"/>
      </object_component>
      <object_component id="oc-35e">
         <name>.debug_info</name>
         <load_address>0x7ca2</load_address>
         <run_address>0x7ca2</run_address>
         <size>0x1ee</size>
         <input_file_ref idref="fl-13"/>
      </object_component>
      <object_component id="oc-364">
         <name>.debug_info</name>
         <load_address>0x7e90</load_address>
         <run_address>0x7e90</run_address>
         <size>0x1e5</size>
         <input_file_ref idref="fl-13"/>
      </object_component>
      <object_component id="oc-356">
         <name>.debug_info</name>
         <load_address>0x8075</load_address>
         <run_address>0x8075</run_address>
         <size>0x21f</size>
         <input_file_ref idref="fl-13"/>
      </object_component>
      <object_component id="oc-34e">
         <name>.debug_info</name>
         <load_address>0x8294</load_address>
         <run_address>0x8294</run_address>
         <size>0x215</size>
         <input_file_ref idref="fl-13"/>
      </object_component>
      <object_component id="oc-347">
         <name>.debug_info</name>
         <load_address>0x84a9</load_address>
         <run_address>0x84a9</run_address>
         <size>0x1d6</size>
         <input_file_ref idref="fl-13"/>
      </object_component>
      <object_component id="oc-26d">
         <name>.debug_info</name>
         <load_address>0x867f</load_address>
         <run_address>0x867f</run_address>
         <size>0x23e</size>
         <input_file_ref idref="fl-13"/>
      </object_component>
      <object_component id="oc-273">
         <name>.debug_info</name>
         <load_address>0x88bd</load_address>
         <run_address>0x88bd</run_address>
         <size>0x219</size>
         <input_file_ref idref="fl-13"/>
      </object_component>
      <object_component id="oc-279">
         <name>.debug_info</name>
         <load_address>0x8ad6</load_address>
         <run_address>0x8ad6</run_address>
         <size>0x210</size>
         <input_file_ref idref="fl-13"/>
      </object_component>
      <object_component id="oc-27f">
         <name>.debug_info</name>
         <load_address>0x8ce6</load_address>
         <run_address>0x8ce6</run_address>
         <size>0x340</size>
         <input_file_ref idref="fl-13"/>
      </object_component>
      <object_component id="oc-285">
         <name>.debug_info</name>
         <load_address>0x9026</load_address>
         <run_address>0x9026</run_address>
         <size>0x345</size>
         <input_file_ref idref="fl-13"/>
      </object_component>
      <object_component id="oc-28b">
         <name>.debug_info</name>
         <load_address>0x936b</load_address>
         <run_address>0x936b</run_address>
         <size>0x4d9</size>
         <input_file_ref idref="fl-13"/>
      </object_component>
      <object_component id="oc-292">
         <name>.debug_info</name>
         <load_address>0x9844</load_address>
         <run_address>0x9844</run_address>
         <size>0x313</size>
         <input_file_ref idref="fl-13"/>
      </object_component>
      <object_component id="oc-298">
         <name>.debug_info</name>
         <load_address>0x9b57</load_address>
         <run_address>0x9b57</run_address>
         <size>0x286</size>
         <input_file_ref idref="fl-13"/>
      </object_component>
      <object_component id="oc-29e">
         <name>.debug_info</name>
         <load_address>0x9ddd</load_address>
         <run_address>0x9ddd</run_address>
         <size>0x21a</size>
         <input_file_ref idref="fl-13"/>
      </object_component>
      <object_component id="oc-36a">
         <name>.debug_info</name>
         <load_address>0x9ff7</load_address>
         <run_address>0x9ff7</run_address>
         <size>0x230</size>
         <input_file_ref idref="fl-13"/>
      </object_component>
      <object_component id="oc-370">
         <name>.debug_info</name>
         <load_address>0xa227</load_address>
         <run_address>0xa227</run_address>
         <size>0x22c</size>
         <input_file_ref idref="fl-13"/>
      </object_component>
      <object_component id="oc-37f">
         <name>.debug_info</name>
         <load_address>0xa453</load_address>
         <run_address>0xa453</run_address>
         <size>0x300</size>
         <input_file_ref idref="fl-13"/>
      </object_component>
      <object_component id="oc-3d9">
         <name>.debug_info</name>
         <load_address>0xa753</load_address>
         <run_address>0xa753</run_address>
         <size>0x1dd</size>
         <input_file_ref idref="fl-13"/>
      </object_component>
      <object_component id="oc-379">
         <name>.debug_info</name>
         <load_address>0xa930</load_address>
         <run_address>0xa930</run_address>
         <size>0x1eb</size>
         <input_file_ref idref="fl-13"/>
      </object_component>
      <object_component id="oc-243">
         <name>.debug_info</name>
         <load_address>0xab1b</load_address>
         <run_address>0xab1b</run_address>
         <size>0x1ca</size>
         <input_file_ref idref="fl-14"/>
      </object_component>
      <object_component id="oc-16d">
         <name>.debug_info</name>
         <load_address>0xace5</load_address>
         <run_address>0xace5</run_address>
         <size>0x221</size>
         <input_file_ref idref="fl-14"/>
      </object_component>
      <object_component id="oc-173">
         <name>.debug_info</name>
         <load_address>0xaf06</load_address>
         <run_address>0xaf06</run_address>
         <size>0x221</size>
         <input_file_ref idref="fl-14"/>
      </object_component>
      <object_component id="oc-2f6">
         <name>.debug_info</name>
         <load_address>0xb127</load_address>
         <run_address>0xb127</run_address>
         <size>0x210</size>
         <input_file_ref idref="fl-15"/>
      </object_component>
      <object_component id="oc-21c">
         <name>.debug_info</name>
         <load_address>0xb337</load_address>
         <run_address>0xb337</run_address>
         <size>0x1d3</size>
         <input_file_ref idref="fl-15"/>
      </object_component>
      <object_component id="oc-3b1">
         <name>.debug_info</name>
         <load_address>0xb50a</load_address>
         <run_address>0xb50a</run_address>
         <size>0x1a9</size>
         <input_file_ref idref="fl-15"/>
      </object_component>
      <object_component id="oc-229">
         <name>.debug_info</name>
         <load_address>0xb6b3</load_address>
         <run_address>0xb6b3</run_address>
         <size>0x1d8</size>
         <input_file_ref idref="fl-15"/>
      </object_component>
      <object_component id="oc-3bb">
         <name>.debug_info</name>
         <load_address>0xb88b</load_address>
         <run_address>0xb88b</run_address>
         <size>0x1cd</size>
         <input_file_ref idref="fl-15"/>
      </object_component>
      <object_component id="oc-332">
         <name>.debug_info</name>
         <load_address>0xba58</load_address>
         <run_address>0xba58</run_address>
         <size>0x1eb</size>
         <input_file_ref idref="fl-15"/>
      </object_component>
      <object_component id="oc-308">
         <name>.debug_info</name>
         <load_address>0xbc43</load_address>
         <run_address>0xbc43</run_address>
         <size>0x1ed</size>
         <input_file_ref idref="fl-15"/>
      </object_component>
      <object_component id="oc-30e">
         <name>.debug_info</name>
         <load_address>0xbe30</load_address>
         <run_address>0xbe30</run_address>
         <size>0x1f9</size>
         <input_file_ref idref="fl-15"/>
      </object_component>
      <object_component id="oc-314">
         <name>.debug_info</name>
         <load_address>0xc029</load_address>
         <run_address>0xc029</run_address>
         <size>0x1f7</size>
         <input_file_ref idref="fl-15"/>
      </object_component>
      <object_component id="oc-32c">
         <name>.debug_info</name>
         <load_address>0xc220</load_address>
         <run_address>0xc220</run_address>
         <size>0x21e</size>
         <input_file_ref idref="fl-15"/>
      </object_component>
      <object_component id="oc-2fc">
         <name>.debug_info</name>
         <load_address>0xc43e</load_address>
         <run_address>0xc43e</run_address>
         <size>0x1f1</size>
         <input_file_ref idref="fl-15"/>
      </object_component>
      <object_component id="oc-303">
         <name>.debug_info</name>
         <load_address>0xc62f</load_address>
         <run_address>0xc62f</run_address>
         <size>0x1ef</size>
         <input_file_ref idref="fl-15"/>
      </object_component>
      <object_component id="oc-320">
         <name>.debug_info</name>
         <load_address>0xc81e</load_address>
         <run_address>0xc81e</run_address>
         <size>0x222</size>
         <input_file_ref idref="fl-15"/>
      </object_component>
      <object_component id="oc-31b">
         <name>.debug_info</name>
         <load_address>0xca40</load_address>
         <run_address>0xca40</run_address>
         <size>0x222</size>
         <input_file_ref idref="fl-15"/>
      </object_component>
      <object_component id="oc-326">
         <name>.debug_info</name>
         <load_address>0xcc62</load_address>
         <run_address>0xcc62</run_address>
         <size>0x291</size>
         <input_file_ref idref="fl-15"/>
      </object_component>
      <object_component id="oc-3ab">
         <name>.debug_info</name>
         <load_address>0xcef3</load_address>
         <run_address>0xcef3</run_address>
         <size>0x20d</size>
         <input_file_ref idref="fl-15"/>
      </object_component>
      <object_component id="oc-155">
         <name>.debug_info</name>
         <load_address>0xd100</load_address>
         <run_address>0xd100</run_address>
         <size>0x26c</size>
         <input_file_ref idref="fl-15"/>
      </object_component>
      <object_component id="oc-149">
         <name>.debug_info</name>
         <load_address>0xd36c</load_address>
         <run_address>0xd36c</run_address>
         <size>0x3eb</size>
         <input_file_ref idref="fl-15"/>
      </object_component>
      <object_component id="oc-2e3">
         <name>.debug_info</name>
         <load_address>0xd757</load_address>
         <run_address>0xd757</run_address>
         <size>0x245</size>
         <input_file_ref idref="fl-15"/>
      </object_component>
      <object_component id="oc-2e9">
         <name>.debug_info</name>
         <load_address>0xd99c</load_address>
         <run_address>0xd99c</run_address>
         <size>0x216</size>
         <input_file_ref idref="fl-15"/>
      </object_component>
      <object_component id="oc-223">
         <name>.debug_info</name>
         <load_address>0xdbb2</load_address>
         <run_address>0xdbb2</run_address>
         <size>0x22a</size>
         <input_file_ref idref="fl-15"/>
      </object_component>
      <object_component id="oc-162">
         <name>.debug_info</name>
         <load_address>0xdddc</load_address>
         <run_address>0xdddc</run_address>
         <size>0x216</size>
         <input_file_ref idref="fl-15"/>
      </object_component>
      <object_component id="oc-230">
         <name>.debug_info</name>
         <load_address>0xdff2</load_address>
         <run_address>0xdff2</run_address>
         <size>0x4a1</size>
         <input_file_ref idref="fl-15"/>
      </object_component>
      <object_component id="oc-56">
         <name>.debug_info</name>
         <load_address>0xe493</load_address>
         <run_address>0xe493</run_address>
         <size>0x158</size>
         <input_file_ref idref="fl-21"/>
      </object_component>
      <object_component id="oc-2f1">
         <name>.debug_info</name>
         <load_address>0xe5eb</load_address>
         <run_address>0xe5eb</run_address>
         <size>0x127</size>
         <input_file_ref idref="fl-22"/>
      </object_component>
      <object_component id="oc-2c">
         <name>.debug_info</name>
         <load_address>0xe712</load_address>
         <run_address>0xe712</run_address>
         <size>0x19b</size>
         <input_file_ref idref="fl-24"/>
      </object_component>
      <object_component id="oc-63">
         <name>.debug_info</name>
         <load_address>0xe8ad</load_address>
         <run_address>0xe8ad</run_address>
         <size>0x14d</size>
         <input_file_ref idref="fl-25"/>
      </object_component>
      <object_component id="oc-7d">
         <name>.debug_info</name>
         <load_address>0xe9fa</load_address>
         <run_address>0xe9fa</run_address>
         <size>0x1bf</size>
         <input_file_ref idref="fl-26"/>
      </object_component>
      <object_component id="oc-18">
         <name>.debug_info</name>
         <load_address>0xebb9</load_address>
         <run_address>0xebb9</run_address>
         <size>0x1b7</size>
         <input_file_ref idref="fl-28"/>
      </object_component>
      <object_component id="oc-12">
         <name>.debug_info</name>
         <load_address>0xed70</load_address>
         <run_address>0xed70</run_address>
         <size>0x219</size>
         <input_file_ref idref="fl-29"/>
      </object_component>
      <object_component id="oc-b4">
         <name>.debug_info</name>
         <load_address>0xef89</load_address>
         <run_address>0xef89</run_address>
         <size>0x19e</size>
         <input_file_ref idref="fl-2a"/>
      </object_component>
      <object_component id="oc-70">
         <name>.debug_info</name>
         <load_address>0xf127</load_address>
         <run_address>0xf127</run_address>
         <size>0x1a9</size>
         <input_file_ref idref="fl-2a"/>
      </object_component>
      <object_component id="oc-b7">
         <name>.debug_info</name>
         <load_address>0xf2d0</load_address>
         <run_address>0xf2d0</run_address>
         <size>0x107</size>
         <input_file_ref idref="fl-2b"/>
      </object_component>
      <object_component id="oc-1da">
         <name>.debug_info</name>
         <load_address>0xf3d7</load_address>
         <run_address>0xf3d7</run_address>
         <size>0x10b</size>
         <input_file_ref idref="fl-2b"/>
      </object_component>
      <object_component id="oc-129">
         <name>.debug_info</name>
         <load_address>0xf4e2</load_address>
         <run_address>0xf4e2</run_address>
         <size>0x203</size>
         <input_file_ref idref="fl-2b"/>
      </object_component>
      <object_component id="oc-6c">
         <name>.debug_info</name>
         <load_address>0xf6e5</load_address>
         <run_address>0xf6e5</run_address>
         <size>0x15d</size>
         <input_file_ref idref="fl-2c"/>
      </object_component>
      <object_component id="oc-bf">
         <name>.debug_info</name>
         <load_address>0xf842</load_address>
         <run_address>0xf842</run_address>
         <size>0x147</size>
         <input_file_ref idref="fl-2f"/>
      </object_component>
      <object_component id="oc-41a">
         <name>.debug_info</name>
         <load_address>0xf989</load_address>
         <run_address>0xf989</run_address>
         <size>0x9b</size>
      </object_component>
      <object_component id="oc-22">
         <name>.debug_line</name>
         <load_address>0x0</load_address>
         <run_address>0x0</run_address>
         <size>0x4b</size>
         <input_file_ref idref="fl-2"/>
      </object_component>
      <object_component id="oc-41">
         <name>.debug_line</name>
         <load_address>0x4b</load_address>
         <run_address>0x4b</run_address>
         <size>0x50</size>
         <input_file_ref idref="fl-2"/>
      </object_component>
      <object_component id="oc-264">
         <name>.debug_line</name>
         <load_address>0x9b</load_address>
         <run_address>0x9b</run_address>
         <size>0x36</size>
         <input_file_ref idref="fl-3"/>
      </object_component>
      <object_component id="oc-2b3">
         <name>.debug_line</name>
         <load_address>0xd1</load_address>
         <run_address>0xd1</run_address>
         <size>0x36</size>
         <input_file_ref idref="fl-3"/>
      </object_component>
      <object_component id="oc-11a">
         <name>.debug_line</name>
         <load_address>0x107</load_address>
         <run_address>0x107</run_address>
         <size>0x85</size>
         <input_file_ref idref="fl-3"/>
      </object_component>
      <object_component id="oc-266">
         <name>.debug_line</name>
         <load_address>0x18c</load_address>
         <run_address>0x18c</run_address>
         <size>0x8a</size>
         <input_file_ref idref="fl-3"/>
      </object_component>
      <object_component id="oc-25d">
         <name>.debug_line</name>
         <load_address>0x216</load_address>
         <run_address>0x216</run_address>
         <size>0x7e</size>
         <input_file_ref idref="fl-3"/>
      </object_component>
      <object_component id="oc-199">
         <name>.debug_line</name>
         <load_address>0x294</load_address>
         <run_address>0x294</run_address>
         <size>0x85</size>
         <input_file_ref idref="fl-3"/>
      </object_component>
      <object_component id="oc-ac">
         <name>.debug_line</name>
         <load_address>0x319</load_address>
         <run_address>0x319</run_address>
         <size>0x7a</size>
         <input_file_ref idref="fl-3"/>
      </object_component>
      <object_component id="oc-da">
         <name>.debug_line</name>
         <load_address>0x393</load_address>
         <run_address>0x393</run_address>
         <size>0x4f</size>
         <input_file_ref idref="fl-3"/>
      </object_component>
      <object_component id="oc-e0">
         <name>.debug_line</name>
         <load_address>0x3e2</load_address>
         <run_address>0x3e2</run_address>
         <size>0x4c</size>
         <input_file_ref idref="fl-3"/>
      </object_component>
      <object_component id="oc-1a4">
         <name>.debug_line</name>
         <load_address>0x42e</load_address>
         <run_address>0x42e</run_address>
         <size>0x73</size>
         <input_file_ref idref="fl-3"/>
      </object_component>
      <object_component id="oc-1ad">
         <name>.debug_line</name>
         <load_address>0x4a1</load_address>
         <run_address>0x4a1</run_address>
         <size>0x74</size>
         <input_file_ref idref="fl-3"/>
      </object_component>
      <object_component id="oc-e6">
         <name>.debug_line</name>
         <load_address>0x515</load_address>
         <run_address>0x515</run_address>
         <size>0x50</size>
         <input_file_ref idref="fl-3"/>
      </object_component>
      <object_component id="oc-f5">
         <name>.debug_line</name>
         <load_address>0x565</load_address>
         <run_address>0x565</run_address>
         <size>0x64</size>
         <input_file_ref idref="fl-3"/>
      </object_component>
      <object_component id="oc-ec">
         <name>.debug_line</name>
         <load_address>0x5c9</load_address>
         <run_address>0x5c9</run_address>
         <size>0x58</size>
         <input_file_ref idref="fl-3"/>
      </object_component>
      <object_component id="oc-11c">
         <name>.debug_line</name>
         <load_address>0x621</load_address>
         <run_address>0x621</run_address>
         <size>0x4c</size>
         <input_file_ref idref="fl-3"/>
      </object_component>
      <object_component id="oc-2b8">
         <name>.debug_line</name>
         <load_address>0x66d</load_address>
         <run_address>0x66d</run_address>
         <size>0x58</size>
         <input_file_ref idref="fl-3"/>
      </object_component>
      <object_component id="oc-1ca">
         <name>.debug_line</name>
         <load_address>0x6c5</load_address>
         <run_address>0x6c5</run_address>
         <size>0x53</size>
         <input_file_ref idref="fl-3"/>
      </object_component>
      <object_component id="oc-1d0">
         <name>.debug_line</name>
         <load_address>0x718</load_address>
         <run_address>0x718</run_address>
         <size>0x53</size>
         <input_file_ref idref="fl-3"/>
      </object_component>
      <object_component id="oc-10d">
         <name>.debug_line</name>
         <load_address>0x76b</load_address>
         <run_address>0x76b</run_address>
         <size>0x7f</size>
         <input_file_ref idref="fl-3"/>
      </object_component>
      <object_component id="oc-113">
         <name>.debug_line</name>
         <load_address>0x7ea</load_address>
         <run_address>0x7ea</run_address>
         <size>0x4c</size>
         <input_file_ref idref="fl-3"/>
      </object_component>
      <object_component id="oc-104">
         <name>.debug_line</name>
         <load_address>0x836</load_address>
         <run_address>0x836</run_address>
         <size>0x6a</size>
         <input_file_ref idref="fl-3"/>
      </object_component>
      <object_component id="oc-1d7">
         <name>.debug_line</name>
         <load_address>0x8a0</load_address>
         <run_address>0x8a0</run_address>
         <size>0x22f</size>
         <input_file_ref idref="fl-3"/>
      </object_component>
      <object_component id="oc-17a">
         <name>.debug_line</name>
         <load_address>0xacf</load_address>
         <run_address>0xacf</run_address>
         <size>0x83</size>
         <input_file_ref idref="fl-4"/>
      </object_component>
      <object_component id="oc-23f">
         <name>.debug_line</name>
         <load_address>0xb52</load_address>
         <run_address>0xb52</run_address>
         <size>0x84</size>
         <input_file_ref idref="fl-4"/>
      </object_component>
      <object_component id="oc-151">
         <name>.debug_line</name>
         <load_address>0xbd6</load_address>
         <run_address>0xbd6</run_address>
         <size>0x82</size>
         <input_file_ref idref="fl-4"/>
      </object_component>
      <object_component id="oc-13d">
         <name>.debug_line</name>
         <load_address>0xc58</load_address>
         <run_address>0xc58</run_address>
         <size>0x83</size>
         <input_file_ref idref="fl-4"/>
      </object_component>
      <object_component id="oc-d4">
         <name>.debug_line</name>
         <load_address>0xcdb</load_address>
         <run_address>0xcdb</run_address>
         <size>0x90</size>
         <input_file_ref idref="fl-4"/>
      </object_component>
      <object_component id="oc-167">
         <name>.debug_line</name>
         <load_address>0xd6b</load_address>
         <run_address>0xd6b</run_address>
         <size>0x86</size>
         <input_file_ref idref="fl-4"/>
      </object_component>
      <object_component id="oc-15e">
         <name>.debug_line</name>
         <load_address>0xdf1</load_address>
         <run_address>0xdf1</run_address>
         <size>0x4d</size>
         <input_file_ref idref="fl-4"/>
      </object_component>
      <object_component id="oc-250">
         <name>.debug_line</name>
         <load_address>0xe3e</load_address>
[...]
         <size>0x2</size>
         <flags>0x5</flags>
         <contents>
            <logical_group_ref idref="lg-2"/>
         </contents>
      </load_segment>
      <load_segment id="lg-423" display="no" color="cyan">
         <name>SEGMENT_3</name>
         <load_address>0x80008</load_address>
         <run_address>0x80008</run_address>
         <size>0x13f9</size>
         <flags>0x5</flags>
         <contents>
            <logical_group_ref idref="lg-3"/>
         </contents>
      </load_segment>
      <load_segment id="lg-424" display="no" color="cyan">
         <name>SEGMENT_4</name>
         <load_address>0x81408</load_address>
         <run_address>0x8000</run_address>
         <size>0x59a</size>
         <flags>0x5</flags>
         <contents>
            <logical_group_ref idref="lg-e"/>
         </contents>
      </load_segment>
      <load_segment id="lg-425" display="no" color="cyan">
         <name>SEGMENT_5</name>
         <load_address>0x819a8</load_address>
         <run_address>0x819a8</run_address>
         <size>0x50c</size>
         <flags>0x4</flags>
         <contents>
            <logical_group_ref idref="lg-6"/>
         </contents>
      </load_segment>
      <load_segment id="lg-426" display="no" color="cyan">
         <name>SEGMENT_6</name>
         <load_address>0x81eb8</load_address>
         <run_address>0x81eb8</run_address>
         <size>0x38</size>
         <flags>0x4</flags>
         <contents>
            <logical_group_ref idref="lg-4"/>
         </contents>
      </load_segment>
   </logical_group_list>
   <placement_map>
      <memory_area display="yes" color="green">
         <name>BOOT_RSVD</name>
         <page_id>0x0</page_id>
         <origin>0x2</origin>
         <length>0x126</length>
         <used_space>0x0</used_space>
         <unused_space>0x126</unused_space>
         <attributes>RWIX</attributes>
         <usage_details>
         </usage_details>
      </memory_area>
      <memory_area display="yes" color="green">
         <name>RAMM0</name>
         <page_id>0x0</page_id>
         <origin>0x128</origin>
         <length>0x2d8</length>
         <used_space>0x3a</used_space>
         <unused_space>0x29e</unused_space>
         <attributes>RWIX</attributes>
         <usage_details>
            <allocated_space>
               <start_address>0x128</start_address>
               <size>0x3a</size>
               <logical_group_ref idref="lg-b"/>
            </allocated_space>
            <available_space>
               <start_address>0x162</start_address>
               <size>0x29e</size>
            </available_space>
         </usage_details>
      </memory_area>
      <memory_area display="yes" color="green">
         <name>RAMM1</name>
         <page_id>0x0</page_id>
         <origin>0x400</origin>
         <length>0x400</length>
         <used_space>0x200</used_space>
         <unused_space>0x200</unused_space>
         <attributes>RWIX</attributes>
         <usage_details>
            <allocated_space>
               <start_address>0x400</start_address>
               <size>0x200</size>
               <logical_group_ref idref="lg-8"/>
            </allocated_space>
            <available_space>
               <start_address>0x600</start_address>
               <size>0x200</size>
            </available_space>
         </usage_details>
      </memory_area>
      <memory_area display="yes" color="green">
         <name>RAMLS0</name>
         <page_id>0x0</page_id>
         <origin>0x8000</origin>
         <length>0x800</length>
         <used_space>0x59a</used_space>
         <unused_space>0x266</unused_space>
         <attributes>RWIX</attributes>
         <usage_details>
            <allocated_space>
               <start_address>0x8000</start_address>
               <size>0x59a</size>
               <logical_group_ref idref="lg-d"/>
            </allocated_space>
            <available_space>
               <start_address>0x859a</start_address>
               <size>0x266</size>
            </available_space>
         </usage_details>
      </memory_area>
      <memory_area display="yes" color="green">
         <name>RAMLS1</name>
         <page_id>0x0</page_id>
         <origin>0x8800</origin>
         <length>0x800</length>
         <used_space>0x0</used_space>
         <unused_space>0x800</unused_space>
         <attributes>RWIX</attributes>
         <usage_details>
         </usage_details>
      </memory_area>
      <memory_area display="no" color="green">
         <name>BEGIN</name>
         <page_id>0x0</page_id>
         <origin>0x80000</origin>
         <length>0x2</length>
         <used_space>0x2</used_space>
         <unused_space>0x0</unused_space>
         <attributes>RWIX</attributes>
         <usage_details>
            <allocated_space>
               <start_address>0x80000</start_address>
               <size>0x2</size>
               <logical_group_ref idref="lg-2"/>
            </allocated_space>
         </usage_details>
      </memory_area>
      <memory_area display="yes" color="green">
         <name>BOOT_FLASH</name>
         <page_id>0x0</page_id>
         <origin>0x80002</origin>
         <length>0x1ffe</length>
         <used_space>0x1ed7</used_space>
         <unused_space>0x127</unused_space>
         <attributes>RWIX</attributes>
         <usage_details>
            <available_space>
               <start_address>0x80002</start_address>
               <size>0x6</size>
            </available_space>
            <allocated_space>
               <start_address>0x80008</start_address>
               <size>0x13f9</size>
               <logical_group_ref idref="lg-3"/>
            </allocated_space>
            <available_space>
               <start_address>0x81401</start_address>
               <size>0x7</size>
            </available_space>
            <allocated_space>
               <start_address>0x81408</start_address>
               <size>0x59a</size>
               <logical_group_ref idref="lg-d"/>
            </allocated_space>
            <available_space>
               <start_address>0x819a2</start_address>
               <size>0x6</size>
            </available_space>
            <allocated_space>
               <start_address>0x819a8</start_address>
               <size>0x50c</size>
               <logical_group_ref idref="lg-6"/>
            </allocated_space>
            <available_space>
               <start_address>0x81eb4</start_address>
               <size>0x4</size>
            </available_space>
            <allocated_space>
               <start_address>0x81eb8</start_address>
               <size>0x38</size>
               <logical_group_ref idref="lg-4"/>
            </allocated_space>
            <available_space>
               <start_address>0x81ef0</start_address>
               <size>0x110</size>
            </available_space>
         </usage_details>
      </memory_area>
      <memory_area display="no" color="green">
         <name>RESET</name>
         <page_id>0x0</page_id>
         <origin>0x3fffc0</origin>
         <length>0x2</length>
         <used_space>0x0</used_space>
         <unused_space>0x2</unused_space>
         <attributes>RWIX</attributes>
         <usage_details>
         </usage_details>
      </memory_area>
   </placement_map>
   <cptbl_list>
      <cptbl>
         <name>__TI_cinit_table</name>
         <cprec>
            <name>.data</name>
            <load_address>0x81eb8</load_address>
            <load_size>0x2f</load_size>
            <run_address>0x128</run_address>
            <run_size>0x3a</run_size>
            <compression>lzss</compression>
         </cprec>
      </cptbl>
   </cptbl_list>
   <handler_table>
      <handler_table_name>__TI_handler_table</handler_table_name>
      <handler>
         <index>0x0</index>
         <name>__TI_decompress_lzss</name>
      </handler>
      <handler>
         <index>0x1</index>
         <name>__TI_decompress_none</name>
      </handler>
   </handler_table>
   <symbol_table>
      <symbol id="sm-1">
         <name>RamfuncsLoadStart</name>
         <value>0x81408</value>
      </symbol>
      <symbol id="sm-2">
         <name>RamfuncsLoadSize</name>
         <value>0x59a</value>
      </symbol>
      <symbol id="sm-3">
         <name>RamfuncsRunStart</name>
         <value>0x8000</value>
      </symbol>
      <symbol id="sm-4">
         <name>__TI_CINIT_Base</name>
         <value>0x81eec</value>
      </symbol>
      <symbol id="sm-5">
         <name>__TI_CINIT_Limit</name>
         <value>0x81ef0</value>
      </symbol>
      <symbol id="sm-6">
         <name>__TI_CINIT_Warm</name>
         <value>0x81ef0</value>
      </symbol>
      <symbol id="sm-7">
         <name>__TI_Handler_Table_Base</name>
         <value>0x81ee8</value>
      </symbol>
      <symbol id="sm-8">
         <name>__TI_Handler_Table_Limit</name>
         <value>0x81eec</value>
      </symbol>
      <symbol id="sm-9">
         <name>__TI_STACK_SIZE</name>
         <value>0x200</value>
      </symbol>
      <symbol id="sm-a">
         <name>__TI_STACK_END</name>
         <value>0x600</value>
      </symbol>
      <symbol id="sm-b">
         <name>__TI_pprof_out_hndl</name>
         <value>0xffffffff</value>
      </symbol>
      <symbol id="sm-c">
         <name>__TI_prof_data_start</name>
         <value>0xffffffff</value>
      </symbol>
      <symbol id="sm-d">
         <name>__TI_prof_data_size</name>
         <value>0xffffffff</value>
      </symbol>
      <symbol id="sm-31">
         <name>code_start</name>
         <value>0x80000</value>
         <object_component_ref idref="oc-1e"/>
      </symbol>
      <symbol id="sm-108">
         <name>main</name>
         <value>0x80940</value>
         <object_component_ref idref="oc-ab"/>
      </symbol>
      <symbol id="sm-14e">
         <name>Device_enableAllPeripherals</name>
         <value>0x806e8</value>
         <object_component_ref idref="oc-166"/>
      </symbol>
      <symbol id="sm-14f">
         <name>Device_init</name>
         <value>0x807c0</value>
         <object_component_ref idref="oc-d3"/>
      </symbol>
      <symbol id="sm-150">
         <name>__error__</name>
         <value>0x813f3</value>
         <object_component_ref idref="oc-15a"/>
      </symbol>
      <symbol id="sm-16d">
         <name>Fapi_issueAsyncCommandWithAddress</name>
         <value>0x8303</value>
         <object_component_ref idref="oc-2c0"/>
      </symbol>
      <symbol id="sm-16e">
         <name>Fapi_issueAsyncCommand</name>
         <value>0x838d</value>
         <object_component_ref idref="oc-391"/>
      </symbol>
      <symbol id="sm-196">
         <name>Fapi_issueProgrammingCommand</name>
         <value>0x8000</value>
         <object_component_ref idref="oc-2cd"/>
      </symbol>
      <symbol id="sm-1cf">
         <name>Fapi_CheckLinkPointers</name>
         <value>0x83d2</value>
         <object_component_ref idref="oc-3a2"/>
      </symbol>
      <symbol id="sm-1d0">
         <name>Fapi_setActiveFlashBank</name>
         <value>0x841c</value>
         <object_component_ref idref="oc-fd"/>
      </symbol>
      <symbol id="sm-1d1">
         <name>Fapi_setupBankSectorEnable</name>
         <value>0x83b1</value>
         <object_component_ref idref="oc-2ba"/>
      </symbol>
      <symbol id="sm-1d2">
         <name>Fapi_issueFsmCommand</name>
         <value>0x83ee</value>
         <object_component_ref idref="oc-399"/>
      </symbol>
      <symbol id="sm-1d3">
         <name>Fapi_checkFsmForReady</name>
         <value>0x840f</value>
         <object_component_ref idref="oc-2c6"/>
      </symbol>
      <symbol id="sm-1d4">
         <name>Fapi_getFsmStatus</name>
         <value>0x8422</value>
         <object_component_ref idref="oc-38b"/>
      </symbol>
      <symbol id="sm-1f4">
         <name>Fapi_initializeAPI</name>
         <value>0x8189</value>
         <object_component_ref idref="oc-f7"/>
      </symbol>
      <symbol id="sm-212">
         <name>Fapi_regReadback</name>
         <value>0x83ff</value>
         <object_component_ref idref="oc-2a3"/>
      </symbol>
      <symbol id="sm-213">
         <name>Write_32</name>
         <value>0x8367</value>
         <object_component_ref idref="oc-1b8"/>
      </symbol>
      <symbol id="sm-214">
         <name>Write_32bp</name>
         <value>0x833d</value>
         <object_component_ref idref="oc-1b2"/>
      </symbol>
      <symbol id="sm-273">
         <name>Flash_initModule</name>
         <value>0x8475</value>
         <object_component_ref idref="oc-141"/>
      </symbol>
      <symbol id="sm-2bc">
         <name>GPIO_setPadConfig</name>
         <value>0x80c89</value>
         <object_component_ref idref="oc-18c"/>
      </symbol>
      <symbol id="sm-2bd">
         <name>GPIO_setAnalogMode</name>
         <value>0x805fd</value>
         <object_component_ref idref="oc-17e"/>
      </symbol>
      <symbol id="sm-2be">
         <name>GPIO_setDirectionMode</name>
         <value>0x80eb6</value>
         <object_component_ref idref="oc-192"/>
      </symbol>
      <symbol id="sm-2bf">
         <name>GPIO_setPinConfig</name>
         <value>0x80e7f</value>
         <object_component_ref idref="oc-186"/>
      </symbol>
      <symbol id="sm-38c">
         <name>MCAN_getOpMode</name>
         <value>0x811b8</value>
         <object_component_ref idref="oc-277"/>
      </symbol>
      <symbol id="sm-38d">
         <name>MCAN_writeMsgRam</name>
         <value>0x80c32</value>
         <object_component_ref idref="oc-290"/>
      </symbol>
      <symbol id="sm-38e">
         <name>MCAN_getMsgObjSize</name>
         <value>0x812fc</value>
         <object_component_ref idref="oc-378"/>
      </symbol>
      <symbol id="sm-38f">
         <name>MCAN_isMemInitDone</name>
         <value>0x810ab</value>
         <object_component_ref idref="oc-26b"/>
      </symbol>
      <symbol id="sm-390">
         <name>MCAN_getTxBufReqPend</name>
         <value>0x81310</value>
         <object_component_ref idref="oc-29c"/>
      </symbol>
      <symbol id="sm-391">
         <name>MCAN_setOpMode</name>
         <value>0x8113d</value>
         <object_component_ref idref="oc-271"/>
      </symbol>
      <symbol id="sm-392">
         <name>MCAN_init</name>
         <value>0x8050d</value>
         <object_component_ref idref="oc-27d"/>
      </symbol>
      <symbol id="sm-393">
         <name>MCAN_txBufAddReq</name>
         <value>0x80f6f</value>
         <object_component_ref idref="oc-296"/>
      </symbol>
      <symbol id="sm-394">
         <name>MCAN_msgRAMConfig</name>
         <value>0x80008</value>
         <object_component_ref idref="oc-289"/>
      </symbol>
      <symbol id="sm-395">
         <name>MCAN_setBitTime</name>
         <value>0x80887</value>
         <object_component_ref idref="oc-283"/>
      </symbol>
      <symbol id="sm-3c7">
         <name>PGA_setOffsetTrimNMOS</name>
         <value>0x80e3e</value>
         <object_component_ref idref="oc-16c"/>
      </symbol>
      <symbol id="sm-3c8">
         <name>PGA_setOffsetTrimPMOS</name>
         <value>0x80dfa</value>
         <object_component_ref idref="oc-172"/>
      </symbol>
      <symbol id="sm-4da">
         <name>SysCtl_isPLLValid</name>
         <value>0x8040f</value>
         <object_component_ref idref="oc-22e"/>
      </symbol>
      <symbol id="sm-4db">
         <name>SysCtl_delay</name>
         <value>0x8596</value>
         <object_component_ref idref="oc-221"/>
      </symbol>
      <symbol id="sm-4dc">
         <name>SysCtl_selectXTALSingleEnded</name>
         <value>0x8103f</value>
         <object_component_ref idref="oc-2e8"/>
      </symbol>
      <symbol id="sm-4dd">
         <name>SysCtl_selectXTAL</name>
         <value>0x80d6f</value>
         <object_component_ref idref="oc-2e2"/>
      </symbol>
      <symbol id="sm-4de">
         <name>SysCtl_selectOscSource</name>
         <value>0x80d28</value>
         <object_component_ref idref="oc-222"/>
      </symbol>
      <symbol id="sm-4df">
         <name>SysCtl_getLowSpeedClock</name>
         <value>0x81123</value>
         <object_component_ref idref="oc-160"/>
      </symbol>
      <symbol id="sm-4e0">
         <name>SysCtl_setClock</name>
         <value>0x801ca</value>
         <object_component_ref idref="oc-147"/>
      </symbol>
      <symbol id="sm-4e1">
         <name>SysCtl_getClock</name>
         <value>0x80bcd</value>
         <object_component_ref idref="oc-153"/>
      </symbol>
      <symbol id="sm-4eb">
         <name>_c_int00</name>
         <value>0x81214</value>
         <object_component_ref idref="oc-54"/>
      </symbol>
      <symbol id="sm-4ec">
         <name>__stack</name>
         <value>0x400</value>
         <object_component_ref idref="oc-26"/>
      </symbol>
      <symbol id="sm-4f9">
         <name>__c28xabi_divf</name>
         <value>0x809e2</value>
         <object_component_ref idref="oc-2f0"/>
      </symbol>
      <symbol id="sm-50c">
         <name>memcpy</name>
         <value>0x81106</value>
         <object_component_ref idref="oc-29"/>
      </symbol>
      <symbol id="sm-519">
         <name>_system_pre_init</name>
         <value>0x813fe</value>
         <object_component_ref idref="oc-62"/>
      </symbol>
      <symbol id="sm-528">
         <name>__TI_auto_init_nobinit_nopinit</name>
         <value>0x80f9b</value>
         <object_component_ref idref="oc-7b"/>
      </symbol>
      <symbol id="sm-536">
         <name>__TI_decompress_none</name>
         <value>0x813cf</value>
         <object_component_ref idref="oc-17"/>
      </symbol>
      <symbol id="sm-54a">
         <name>__TI_decompress_lzss</name>
         <value>0x80ee7</value>
         <object_component_ref idref="oc-11"/>
      </symbol>
      <symbol id="sm-560">
         <name>C$$EXIT</name>
         <value>0x80fef</value>
         <object_component_ref idref="oc-6f"/>
      </symbol>
      <symbol id="sm-561">
         <name>abort</name>
         <value>0x80fef</value>
         <object_component_ref idref="oc-6f"/>
      </symbol>
      <symbol id="sm-562">
         <name>exit</name>
         <value>0x80ff1</value>
         <object_component_ref idref="oc-6f"/>
      </symbol>
      <symbol id="sm-563">
         <name>__TI_dtors_ptr</name>
         <value>0x15c</value>
         <object_component_ref idref="oc-b3"/>
      </symbol>
      <symbol id="sm-564">
         <name>__TI_cleanup_ptr</name>
         <value>0x15a</value>
         <object_component_ref idref="oc-b3"/>
      </symbol>
      <symbol id="sm-565">
         <name>__TI_enable_exit_profile_output</name>
         <value>0x158</value>
         <object_component_ref idref="oc-b3"/>
      </symbol>
      <symbol id="sm-57c">
         <name>_nop</name>
         <value>0x813c6</value>
         <object_component_ref idref="oc-128"/>
      </symbol>
      <symbol id="sm-57d">
         <name>_lock</name>
         <value>0x15e</value>
         <object_component_ref idref="oc-b6"/>
      </symbol>
      <symbol id="sm-57e">
         <name>_unlock</name>
         <value>0x160</value>
         <object_component_ref idref="oc-1d9"/>
      </symbol>
      <symbol id="sm-57f">
         <name>_register_lock</name>
         <value>0x813c2</value>
         <object_component_ref idref="oc-128"/>
      </symbol>
      <symbol id="sm-580">
         <name>_register_unlock</name>
         <value>0x813be</value>
         <object_component_ref idref="oc-128"/>
      </symbol>
      <symbol id="sm-58f">
         <name>_args_main</name>
         <value>0x8139c</value>
         <object_component_ref idref="oc-69"/>
      </symbol>
      <symbol id="sm-59e">
         <name>_system_post_cinit</name>
         <value>0x81400</value>
         <object_component_ref idref="oc-be"/>
      </symbol>
      <symbol id="sm-5a0">
         <name>__c_args__</name>
         <value>0x0</value>
      </symbol>
   </symbol_table>
   <title>Link successful</title>
</link_info>
