******************************************************************************
             TMS320C2000 Linker PC v22.6.1                     
******************************************************************************
>> Linked Mon Apr 13 16:08:04 2026

OUTPUT FILE NAME:   <boot_manager.out>
ENTRY POINT SYMBOL: "code_start"  address: 00080000


MEMORY CONFIGURATION

         name            origin    length      used     unused   attr    fill
----------------------  --------  ---------  --------  --------  ----  --------
  BOOT_RSVD             00000002   00000126  00000000  00000126  RWIX
  RAMM0                 00000128   000002d8  0000003a  0000029e  RWIX
  RAMM1                 00000400   00000400  00000200  00000200  RWIX
  RAMLS0                00008000   00000800  0000059a  00000266  RWIX
  RAMLS1                00008800   00000800  00000000  00000800  RWIX
  BEGIN                 00080000   00000002  00000002  00000000  RWIX
  BOOT_FLASH            00080002   00001ffe  00001ed7  00000127  RWIX
  RESET                 003fffc0   00000002  00000000  00000002  RWIX


SECTION ALLOCATION MAP

 output                                  attributes/
section   page    origin      length       input sections
--------  ----  ----------  ----------   ----------------
codestart 
*          0    00080000    00000002     
                  00080000    00000002     boot_codestartbranch.obj (codestart)

.text      0    00080008    000013f9     
                  00080008    000001c2     driverlib.lib : mcan.obj (.text:MCAN_msgRAMConfig)
                  000801ca    00000123                   : sysctl.obj (.text:SysCtl_setClock)
                  000802ed    00000122                   : mcan.obj (.text:MCAN_writeMsg)
                  0008040f    000000fe                   : sysctl.obj (.text:SysCtl_isPLLValid)
                  0008050d    000000f0                   : mcan.obj (.text:MCAN_init)
                  000805fd    000000eb                   : gpio.obj (.text:GPIO_setAnalogMode)
                  000806e8    000000d8     device.obj (.text:Device_enableAllPeripherals)
                  000807c0    000000c7     device.obj (.text:Device_init)
                  00080887    000000b9     driverlib.lib : mcan.obj (.text:MCAN_setBitTime)
                  00080940    000000a2     boot_manager.obj (.text:main)
                  000809e2    00000088     rts2800_fpu32_eabi.lib : fs_div28.asm.obj (.text)
                  00080a6a    00000081     boot_manager.obj (.text:configureMCANA)
                  00080aeb    00000073     driverlib.lib : sysctl.obj (.text:DCC_setCounterSeeds)
                  00080b5e    0000006f     boot_manager.obj (.text:canSendMsg)
                  00080bcd    00000065     driverlib.lib : sysctl.obj (.text:SysCtl_getClock)
                  00080c32    00000057                   : mcan.obj (.text:MCAN_writeMsgRam)
                  00080c89    00000052                   : gpio.obj (.text:GPIO_setPadConfig)
                  00080cdb    0000004d     boot_manager.obj (.text:computeCRC32)
                  00080d28    00000047     driverlib.lib : sysctl.obj (.text:SysCtl_selectOscSource)
                  00080d6f    00000046                   : sysctl.obj (.text:SysCtl_selectXTAL)
                  00080db5    00000045                   : sysctl.obj (.text:SysCtl_pollX1Counter)
                  00080dfa    00000044                   : pga.obj (.text:PGA_setOffsetTrimPMOS)
                  00080e3e    00000041                   : pga.obj (.text:PGA_setOffsetTrimNMOS)
                  00080e7f    00000037                   : gpio.obj (.text:GPIO_setPinConfig)
                  00080eb6    00000031                   : gpio.obj (.text:GPIO_setDirectionMode)
                  00080ee7    00000030     rts2800_fpu32_eabi.lib : copy_decompress_lzss.c.obj (.text:decompress:lzss)
                  00080f17    0000002c     boot_manager.obj (.text:GPIO_isPinValid)
                  00080f43    0000002c     driverlib.lib : gpio.obj (.text:GPIO_isPinValid)
                  00080f6f    0000002c                   : mcan.obj (.text:MCAN_txBufAddReq)
                  00080f9b    0000002b     rts2800_fpu32_eabi.lib : autoinit.c.obj (.text:__TI_auto_init_nobinit_nopinit)
                  00080fc6    00000029     boot_manager.obj (.text:SysCtl_setMCANClk)
                  00080fef    00000029     rts2800_fpu32_eabi.lib : exit.c.obj (.text)
                  00081018    00000027     boot_manager.obj (.text:GPIO_writePin)
                  0008103f    00000025     driverlib.lib : sysctl.obj (.text:SysCtl_selectXTALSingleEnded)
                  00081064    00000024                   : sysctl.obj (.text:DCC_enableSingleShotMode)
                  00081088    00000023     boot_manager.obj (.text:canSendDebug)
                  000810ab    0000001f     driverlib.lib : mcan.obj (.text:MCAN_isMemInitDone)
                  000810ca    0000001e                   : sysctl.obj (.text:DCC_setCounter0ClkSource)
                  000810e8    0000001e                   : sysctl.obj (.text:DCC_setCounter1ClkSource)
                  00081106    0000001d     rts2800_fpu32_eabi.lib : memcpy.c.obj (.text)
                  00081123    0000001a     driverlib.lib : sysctl.obj (.text:SysCtl_getLowSpeedClock)
                  0008113d    00000019                   : mcan.obj (.text:MCAN_setOpMode)
                  00081156    00000019                   : mcan.obj (.text:MCAN_writeProtectedRegAccessLock)
                  0008116f    00000019                   : mcan.obj (.text:MCAN_writeProtectedRegAccessUnlock)
                  00081188    00000019                   : sysctl.obj (.text:SysCtl_setPLLSysClk)
                  000811a1    00000017                   : mcan.obj (.text:HW_WR_FIELD32_RAW)
                  000811b8    00000017                   : mcan.obj (.text:MCAN_getOpMode)
                  000811cf    00000017                   : pga.obj (.text:PGA_isBaseValid)
                  000811e6    00000017     device.obj (.text:SysCtl_enablePeripheral)
                  000811fd    00000017     driverlib.lib : sysctl.obj (.text:SysCtl_enablePeripheral)
                  00081214    00000017     rts2800_fpu32_eabi.lib : boot28.asm.obj (.text)
                  0008122b    00000016     driverlib.lib : sysctl.obj (.text:DCC_disableDoneSignal)
                  00081241    00000016     boot_manager.obj (.text:ledInit)
                  00081257    00000015     driverlib.lib : sysctl.obj (.text:DCC_clearDoneFlag)
                  0008126c    00000015                   : sysctl.obj (.text:DCC_clearErrorFlag)
                  00081281    00000015                   : sysctl.obj (.text:DCC_disableErrorSignal)
                  00081296    00000015                   : sysctl.obj (.text:DCC_isBaseValid)
                  000812ab    00000015                   : mcan.obj (.text:MCAN_isBaseValid)
                  000812c0    00000014                   : sysctl.obj (.text:DCC_disableModule)
                  000812d4    00000014                   : sysctl.obj (.text:DCC_enableModule)
                  000812e8    00000014                   : mcan.obj (.text:MCAN_getDataSize)
                  000812fc    00000014                   : mcan.obj (.text:MCAN_getMsgObjSize)
                  00081310    00000013                   : mcan.obj (.text:MCAN_getTxBufReqPend)
                  00081323    00000013     boot_manager.obj (.text:canSendHello)
                  00081336    00000011     boot_manager.obj (.text:delayCycles)
                  00081347    00000010     driverlib.lib : flash.obj (.text:Flash_isCtrlBaseValid)
                  00081357    00000010                   : flash.obj (.text:Flash_isECCBaseValid)
                  00081367    0000000e     boot_manager.obj (.text:ledSet)
                  00081375    0000000d     driverlib.lib : mcan.obj (.text:HW_RD_FIELD32_RAW)
                  00081382    0000000d     boot_manager.obj (.text:SysCtl_resetDevice)
                  0008138f    0000000d     device.obj (.text:SysCtl_setLowSpeedClock)
                  0008139c    0000000c     rts2800_fpu32_eabi.lib : args_main.c.obj (.text)
                  000813a8    0000000b     device.obj (.text:SysCtl_disableWatchdog)
                  000813b3    0000000b     driverlib.lib : sysctl.obj (.text:SysCtl_isMCDClockFailureDetected)
                  000813be    00000009     rts2800_fpu32_eabi.lib : _lock.c.obj (.text)
                  000813c7    00000008     boot_codestartbranch.obj (.text)
                  000813cf    00000008     rts2800_fpu32_eabi.lib : copy_decompress_none.c.obj (.text:decompress:none)
                  000813d7    00000007     device.obj (.text:ASysCtl_lockVREG)
                  000813de    00000007     driverlib.lib : mcan.obj (.text:HW_RD_REG32_RAW)
                  000813e5    00000007                   : mcan.obj (.text:HW_WR_REG32_RAW)
                  000813ec    00000007                   : sysctl.obj (.text:SysCtl_resetMCD)
                  000813f3    00000007     device.obj (.text:__error__)
                  000813fa    00000004     boot_manager.obj (.text:jumpToApp)
                  000813fe    00000002     rts2800_fpu32_eabi.lib : pre_init.c.obj (.text)
                  00081400    00000001                            : startup.c.obj (.text)

.cinit     0    00081eb8    00000038     
                  00081eb8    0000002f     (.cinit..data.load) [load image, compression = lzss]
                  00081ee7    00000001     --HOLE-- [fill = 0]
                  00081ee8    00000004     (__TI_handler_table)
                  00081eec    00000004     (__TI_cinit_table)

.const     0    000819a8    0000050c     
                  000819a8    00000200     boot_manager.obj (.const:crc32Table)
                  00081ba8    0000009b     driverlib.lib : flash.obj (.const:.string)
                  00081c43    00000001     --HOLE-- [fill = 0]
                  00081c44    0000009a                   : sysctl.obj (.const:.string)
                  00081cde    00000098                   : gpio.obj (.const:.string)
                  00081d76    00000059     device.obj (.const:.string)
                  00081dcf    00000001     --HOLE-- [fill = 0]
                  00081dd0    0000004c     driverlib.lib : mcan.obj (.const:.string)
                  00081e1c    0000004b                   : pga.obj (.const:.string)
                  00081e67    00000001     --HOLE-- [fill = 0]
                  00081e68    00000044     boot_manager.obj (.const:.string)
                  00081eac    00000008     boot_manager.obj (.const:$P$T0$1)

.reset     0    003fffc0    00000000     DSECT

.stack     0    00000400    00000200     UNINITIALIZED
                  00000400    00000200     --HOLE--

.init_array 
*          0    00080008    00000000     UNINITIALIZED

.data      0    00000128    0000003a     UNINITIALIZED
                  00000128    00000020     driverlib.lib : mcan.obj (.data:dataSize)
                  00000148    00000010                   : mcan.obj (.data:objSize)
                  00000158    00000006     rts2800_fpu32_eabi.lib : exit.c.obj (.data)
                  0000015e    00000002                            : _lock.c.obj (.data:_lock)
                  00000160    00000002                            : _lock.c.obj (.data:_unlock)

.TI.ramfunc 
*          0    00081408    0000059a     RUN ADDR = 00008000
                  00081408    00000189     FAPI_F28P55x_EABI_v4.00.00.lib : Program.obj (.text:Fapi_issueProgrammingCommand)
                  00081591    0000017a                                    : Init.obj (.text:Fapi_initializeAPI)
                  0008170b    0000003a                                    : Async.obj (.text:Fapi_issueAsyncCommandWithAddress)
                  00081745    0000002a                                    : Utilities.obj (.text:Write_32bp)
                  0008176f    00000026                                    : Utilities.obj (.text:Write_32)
                  00081795    00000024                                    : Async.obj (.text:Fapi_issueAsyncCommand)
                  000817b9    00000021                                    : FlashStateMachine.obj (.text:Fapi_setupBankSectorEnable)
                  000817da    0000001c                                    : FlashStateMachine.obj (.text:Fapi_CheckLinkPointers)
                  000817f6    00000011                                    : FlashStateMachine.obj (.text:Fapi_issueFsmCommand)
                  00081807    00000010                                    : Utilities.obj (.text:Fapi_regReadback)
                  00081817    0000000d                                    : FlashStateMachine.obj (.text:Fapi_checkFsmForReady)
                  00081824    00000006                                    : FlashStateMachine.obj (.text:Fapi_setActiveFlashBank)
                  0008182a    00000004                                    : FlashStateMachine.obj (.text:Fapi_getFsmStatus)
                  0008182e    0000004f     boot_manager.obj (.TI.ramfunc:copyBank2ToBank0)
                  0008187d    00000036     driverlib.lib : flash.obj (.TI.ramfunc:Flash_initModule)
                  000818b3    00000022                   : flash.obj (.TI.ramfunc:Flash_setWaitstates)
                  000818d5    00000022     boot_manager.obj (.TI.ramfunc:programEightWords)
                  000818f7    0000001c     boot_manager.obj (.TI.ramfunc:eraseSector)
                  00081913    00000018     driverlib.lib : flash.obj (.TI.ramfunc:Flash_disableCache)
                  0008192b    00000017                   : flash.obj (.TI.ramfunc:Flash_disablePrefetch)
                  00081942    00000016                   : flash.obj (.TI.ramfunc:Flash_enableCache)
                  00081958    00000016                   : flash.obj (.TI.ramfunc:Flash_enableECC)
                  0008196e    00000016                   : flash.obj (.TI.ramfunc:Flash_enablePrefetch)
                  00081984    00000014     boot_manager.obj (.TI.ramfunc:clearFSM)
                  00081998    00000006     boot_manager.obj (.TI.ramfunc:clearBootFlag)
                  0008199e    00000004     driverlib.lib : sysctl.obj (.TI.ramfunc)

MODULE SUMMARY

       Module                       code   ro data   rw data
       ------                       ----   -------   -------
    .\
       boot_manager.obj             1061   588       0      
       boot_codestartbranch.obj     10     0         0      
    +--+----------------------------+------+---------+---------+
       Total:                       1071   588       0      
                                                            
    .\device\
       device.obj                   476    89        0      
    +--+----------------------------+------+---------+---------+
       Total:                       476    89        0      
                                                            
    C:/ti/c2000/C2000Ware_6_00_01_00/driverlib/f28p55x/driverlib/ccs/Debug/driverlib.lib
       mcan.obj                     1555   76        48     
       sysctl.obj                   1350   154       0      
       gpio.obj                     465    152       0      
       flash.obj                    434    155       0      
       pga.obj                      156    75        0      
    +--+----------------------------+------+---------+---------+
       Total:                       3960   612       48     
                                                            
    C:/ti/c2000/C2000Ware_6_00_01_00/libraries/flash_api/f28p55x/lib/FAPI_F28P55x_EABI_v4.00.00.lib
       Program.obj                  786    0         0      
       Init.obj                     756    0         0      
       FlashStateMachine.obj        202    0         0      
       Utilities.obj                192    0         0      
       Async.obj                    188    0         0      
    +--+----------------------------+------+---------+---------+
       Total:                       2124   0         0      
                                                            
    C:\ti\ccs1281\ccs\tools\compiler\ti-cgt-c2000_22.6.1.LTS\lib\rts2800_fpu32_eabi.lib
       fs_div28.asm.obj             136    0         0      
       copy_decompress_lzss.c.obj   48     0         0      
       exit.c.obj                   41     0         6      
       autoinit.c.obj               43     0         0      
       memcpy.c.obj                 29     0         0      
       boot28.asm.obj               23     0         0      
       _lock.c.obj                  9      0         4      
       args_main.c.obj              12     0         0      
       copy_decompress_none.c.obj   8      0         0      
       pre_init.c.obj               2      0         0      
       startup.c.obj                1      0         0      
    +--+----------------------------+------+---------+---------+
       Total:                       352    0         10     
                                                            
       Stack:                       0      0         512    
       Linker Generated:            0      55        0      
    +--+----------------------------+------+---------+---------+
       Grand Total:                 7983   1344      570    


LINKER GENERATED COPY TABLES

__TI_cinit_table @ 00081eec records: 1, size/record: 4, table size: 4
	.data: load addr=00081eb8, load size=0000002f bytes, run addr=00000128, run size=0000003a bytes, compression=lzss


LINKER GENERATED HANDLER TABLE

__TI_handler_table @ 00081ee8 records: 2, size/record: 2, table size: 4
	index: 0, handler: __TI_decompress_lzss
	index: 1, handler: __TI_decompress_none


GLOBAL DATA SYMBOLS: SORTED BY DATA PAGE

address     data page           name
--------    ----------------    ----
00000158       5 (00000140)     __TI_enable_exit_profile_output
0000015a       5 (00000140)     __TI_cleanup_ptr
0000015c       5 (00000140)     __TI_dtors_ptr
0000015e       5 (00000140)     _lock
00000160       5 (00000140)     _unlock

00000400      10 (00000400)     __stack


GLOBAL SYMBOLS: SORTED ALPHABETICALLY BY Name 

page  address   name                             
----  -------   ----                             
0     00080fef  C$$EXIT                          
0     000806e8  Device_enableAllPeripherals      
0     000807c0  Device_init                      
0     000083d2  Fapi_CheckLinkPointers           
0     0000840f  Fapi_checkFsmForReady            
0     00008422  Fapi_getFsmStatus                
0     00008189  Fapi_initializeAPI               
0     0000838d  Fapi_issueAsyncCommand           
0     00008303  Fapi_issueAsyncCommandWithAddress
0     000083ee  Fapi_issueFsmCommand             
0     00008000  Fapi_issueProgrammingCommand     
0     000083ff  Fapi_regReadback                 
0     0000841c  Fapi_setActiveFlashBank          
0     000083b1  Fapi_setupBankSectorEnable       
0     00008475  Flash_initModule                 
0     000805fd  GPIO_setAnalogMode               
0     00080eb6  GPIO_setDirectionMode            
0     00080c89  GPIO_setPadConfig                
0     00080e7f  GPIO_setPinConfig                
0     000812fc  MCAN_getMsgObjSize               
0     000811b8  MCAN_getOpMode                   
0     00081310  MCAN_getTxBufReqPend             
0     0008050d  MCAN_init                        
0     000810ab  MCAN_isMemInitDone               
0     00080008  MCAN_msgRAMConfig                
0     00080887  MCAN_setBitTime                  
0     0008113d  MCAN_setOpMode                   
0     00080f6f  MCAN_txBufAddReq                 
0     00080c32  MCAN_writeMsgRam                 
0     00080e3e  PGA_setOffsetTrimNMOS            
0     00080dfa  PGA_setOffsetTrimPMOS            
abs   0000059a  RamfuncsLoadSize                 
abs   00081408  RamfuncsLoadStart                
abs   00008000  RamfuncsRunStart                 
0     00008596  SysCtl_delay                     
0     00080bcd  SysCtl_getClock                  
0     00081123  SysCtl_getLowSpeedClock          
0     0008040f  SysCtl_isPLLValid                
0     00080d28  SysCtl_selectOscSource           
0     00080d6f  SysCtl_selectXTAL                
0     0008103f  SysCtl_selectXTALSingleEnded     
0     000801ca  SysCtl_setClock                  
0     00008367  Write_32                         
0     0000833d  Write_32bp                       
0     00081eec  __TI_CINIT_Base                  
0     00081ef0  __TI_CINIT_Limit                 
0     00081ef0  __TI_CINIT_Warm                  
0     00081ee8  __TI_Handler_Table_Base          
0     00081eec  __TI_Handler_Table_Limit         
0     00000600  __TI_STACK_END                   
abs   00000200  __TI_STACK_SIZE                  
0     00080f9b  __TI_auto_init_nobinit_nopinit   
0     0000015a  __TI_cleanup_ptr                 
0     00080ee7  __TI_decompress_lzss             
0     000813cf  __TI_decompress_none             
0     0000015c  __TI_dtors_ptr                   
0     00000158  __TI_enable_exit_profile_output  
abs   ffffffff  __TI_pprof_out_hndl              
abs   ffffffff  __TI_prof_data_size              
abs   ffffffff  __TI_prof_data_start             
0     000809e2  __c28xabi_divf                   
n/a   UNDEFED   __c_args__                       
0     000813f3  __error__                        
0     00000400  __stack                          
0     0008139c  _args_main                       
0     00081214  _c_int00                         
0     0000015e  _lock                            
0     000813c6  _nop                             
0     000813c2  _register_lock                   
0     000813be  _register_unlock                 
0     00081400  _system_post_cinit               
0     000813fe  _system_pre_init                 
0     00000160  _unlock                          
0     00080fef  abort                            
0     00080000  code_start                       
0     00080ff1  exit                             
0     00080940  main                             
0     00081106  memcpy                           


GLOBAL SYMBOLS: SORTED BY Symbol Address 

page  address   name                             
----  -------   ----                             
0     00000158  __TI_enable_exit_profile_output  
0     0000015a  __TI_cleanup_ptr                 
0     0000015c  __TI_dtors_ptr                   
0     0000015e  _lock                            
0     00000160  _unlock                          
0     00000400  __stack                          
0     00000600  __TI_STACK_END                   
0     00008000  Fapi_issueProgrammingCommand     
0     00008189  Fapi_initializeAPI               
0     00008303  Fapi_issueAsyncCommandWithAddress
0     0000833d  Write_32bp                       
0     00008367  Write_32                         
0     0000838d  Fapi_issueAsyncCommand           
0     000083b1  Fapi_setupBankSectorEnable       
0     000083d2  Fapi_CheckLinkPointers           
0     000083ee  Fapi_issueFsmCommand             
0     000083ff  Fapi_regReadback                 
0     0000840f  Fapi_checkFsmForReady            
0     0000841c  Fapi_setActiveFlashBank          
0     00008422  Fapi_getFsmStatus                
0     00008475  Flash_initModule                 
0     00008596  SysCtl_delay                     
0     00080000  code_start                       
0     00080008  MCAN_msgRAMConfig                
0     000801ca  SysCtl_setClock                  
0     0008040f  SysCtl_isPLLValid                
0     0008050d  MCAN_init                        
0     000805fd  GPIO_setAnalogMode               
0     000806e8  Device_enableAllPeripherals      
0     000807c0  Device_init                      
0     00080887  MCAN_setBitTime                  
0     00080940  main                             
0     000809e2  __c28xabi_divf                   
0     00080bcd  SysCtl_getClock                  
0     00080c32  MCAN_writeMsgRam                 
0     00080c89  GPIO_setPadConfig                
0     00080d28  SysCtl_selectOscSource           
0     00080d6f  SysCtl_selectXTAL                
0     00080dfa  PGA_setOffsetTrimPMOS            
0     00080e3e  PGA_setOffsetTrimNMOS            
0     00080e7f  GPIO_setPinConfig                
0     00080eb6  GPIO_setDirectionMode            
0     00080ee7  __TI_decompress_lzss             
0     00080f6f  MCAN_txBufAddReq                 
0     00080f9b  __TI_auto_init_nobinit_nopinit   
0     00080fef  C$$EXIT                          
0     00080fef  abort                            
0     00080ff1  exit                             
0     0008103f  SysCtl_selectXTALSingleEnded     
0     000810ab  MCAN_isMemInitDone               
0     00081106  memcpy                           
0     00081123  SysCtl_getLowSpeedClock          
0     0008113d  MCAN_setOpMode                   
0     000811b8  MCAN_getOpMode                   
0     00081214  _c_int00                         
0     000812fc  MCAN_getMsgObjSize               
0     00081310  MCAN_getTxBufReqPend             
0     0008139c  _args_main                       
0     000813be  _register_unlock                 
0     000813c2  _register_lock                   
0     000813c6  _nop                             
0     000813cf  __TI_decompress_none             
0     000813f3  __error__                        
0     000813fe  _system_pre_init                 
0     00081400  _system_post_cinit               
0     00081ee8  __TI_Handler_Table_Base          
0     00081eec  __TI_CINIT_Base                  
0     00081eec  __TI_Handler_Table_Limit         
0     00081ef0  __TI_CINIT_Limit                 
0     00081ef0  __TI_CINIT_Warm                  
abs   00000200  __TI_STACK_SIZE                  
abs   0000059a  RamfuncsLoadSize                 
abs   00008000  RamfuncsRunStart                 
abs   00081408  RamfuncsLoadStart                
abs   ffffffff  __TI_pprof_out_hndl              
abs   ffffffff  __TI_prof_data_size              
abs   ffffffff  __TI_prof_data_start             
n/a   UNDEFED   __c_args__                       

[78 symbols]
