******************************************************************************
             TMS320C2000 Linker PC v22.6.1                     
******************************************************************************
>> Linked Tue Apr 21 15:10:39 2026

OUTPUT FILE NAME:   <adc_ex2_soc_epwm.out>
ENTRY POINT SYMBOL: "code_start"  address: 00082000


MEMORY CONFIGURATION

         name            origin    length      used     unused   attr    fill
----------------------  --------  ---------  --------  --------  ----  --------
  BOOT_RSVD             00000002   00000126  00000000  00000126  RWIX
  RAMM0                 00000128   000002d8  00000000  000002d8  RWIX
  RAMM1                 00000400   00000400  00000000  00000400  RWIX
  CLATOCPURAM           00001480   00000080  00000000  00000080  RWIX
  CPUTOCLARAM           00001500   00000080  00000000  00000080  RWIX
  CLATODMARAM           00001680   00000080  00000000  00000080  RWIX
  DMATOCLARAM           00001700   00000080  00000000  00000080  RWIX
  RAMLS0                00008000   00000800  0000068c  00000174  RWIX
  RAMLS1                00008800   00000800  00000758  000000a8  RWIX
  RAMLS2                00009000   00000800  00000686  0000017a  RWIX
  RAMLS3                00009800   00000800  00000000  00000800  RWIX
  RAMLS4                0000a000   00000800  00000000  00000800  RWIX
  RAMLS5                0000a800   00000800  000001fc  00000604  RWIX
  RAMLS6                0000b000   00000800  00000000  00000800  RWIX
  RAMLS7                0000b800   00000800  00000000  00000800  RWIX
  RAMGS0                0000c000   00002000  0000101c  00000fe4  RWIX
  RAMGS1                0000e000   00002000  00001ffd  00000003  RWIX
  RAMGS2                00010000   00002000  00002000  00000000  RWIX
  RAMGS3                00012000   00002000  00001fda  00000026  RWIX
  RAMLS8                00014000   00004000  00003fb8  00000048  RWIX
  BEGIN                 00082000   00000002  00000002  00000000  RWIX
  FLASH_BANK0           00082002   0001dffe  0000bbed  00012411  RWIX
  FLASH_BANK1           000a0000   00020000  00000000  00020000  RWIX
  FLASH_BANK2           000c0000   00020000  00000000  00020000  RWIX
  FLASH_BANK3           000e0000   00020000  00000000  00020000  RWIX
  FLASH_BANK4           00100000   00007fff  00000000  00007fff  RWIX
  RESET                 003fffc0   00000002  00000000  00000002  RWIX


SECTION ALLOCATION MAP

 output                                  attributes/
section   page    origin      length       input sections
--------  ----  ----------  ----------   ----------------
codestart 
*          0    00082000    00000002     
                  00082000    00000002     f28p55x_codestartbranch.obj (codestart)

.cinit     0    0008daf8    00000110     
                  0008daf8    00000086     (.cinit..data.load) [load image, compression = lzss]
                  0008db7e    00000006     (__TI_handler_table)
                  0008db84    00000004     (.cinit..bss.1.load) [load image, compression = zero_init]
                  0008db88    00000004     (.cinit..bss.2.load) [load image, compression = zero_init]
                  0008db8c    00000004     (.cinit..bss.3.load) [load image, compression = zero_init]
                  0008db90    00000004     (.cinit..bss.4.load) [load image, compression = zero_init]
                  0008db94    00000004     (.cinit..bss.5.load) [load image, compression = zero_init]
                  0008db98    00000004     (.cinit..bss.6.load) [load image, compression = zero_init]
                  0008db9c    00000004     (.cinit..bss.7.load) [load image, compression = zero_init]
                  0008dba0    00000004     (.cinit..bss.8.load) [load image, compression = zero_init]
                  0008dba4    00000004     (.cinit..bss.9.load) [load image, compression = zero_init]
                  0008dba8    00000004     (.cinit.RFFTdata1.load) [load image, compression = zero_init]
                  0008dbac    00000004     (.cinit.RFFTdata2.load) [load image, compression = zero_init]
                  0008dbb0    00000004     (.cinit.RFFTdata3.load) [load image, compression = zero_init]
                  0008dbb4    00000004     (.cinit.RFFTdata4.load) [load image, compression = zero_init]
                  0008dbb8    00000004     (.cinit.ramgs0.load) [load image, compression = zero_init]
                  0008dbbc    00000004     (.cinit.ramgs1.load) [load image, compression = zero_init]
                  0008dbc0    00000004     (.cinit.ramgs2.load) [load image, compression = zero_init]
                  0008dbc4    00000044     (__TI_cinit_table)

.reset     0    003fffc0    00000000     DSECT

.stack     0    0000cd1c    00000200     UNINITIALIZED
                  0000cd1c    00000200     --HOLE--

.init_array 
*          0    00082008    00000000     UNINITIALIZED

.bss.1     0    00008800    000003cf     UNINITIALIZED
                  00008800    000003cf     pdu_manager.obj (.bss:storedFrames)

.bss.2     0    00008c00    00000389     UNINITIALIZED
                  00008c00    00000389     pdu_manager.obj (.bss)

.bss.3     0    00009000    000005bc     UNINITIALIZED
                  00009000    00000200     adc_ex2_soc_epwm.obj (.bss:WindowCoef)
                  00009200    000001e8     runtime.obj (.bss)
                  000093e8    000001d4     bu_board.obj (.bss:buBoards)

.bss.4     0    000095c0    000000ca     UNINITIALIZED
                  000095c0    000000ca     adc_ex2_soc_epwm.obj (.bss)

.data      0    0000a800    000001fc     UNINITIALIZED
                  0000a800    00000100     metro.obj (.data)
                  0000a900    00000020     driverlib.lib : mcan.obj (.data:dataSize)
                  0000a920    0000001e     adc_ex2_soc_epwm.obj (.data)
                  0000a93e    00000013     bu_board.obj (.data:buMessagePending)
                  0000a951    00000001     --HOLE--
                  0000a952    00000012     bu_board.obj (.data)
                  0000a964    00000012     can_driver.obj (.data)
                  0000a976    00000010     driverlib.lib : mcan.obj (.data:objSize)
                  0000a986    0000000e     flash_driver.obj (.data)
                  0000a994    0000000e     m_board.obj (.data)
                  0000a9a2    0000000d     i2c_sboard.obj (.data)
                  0000a9af    00000001     --HOLE--
                  0000a9b0    0000000a     fw_image_rx.obj (.data)
                  0000a9ba    00000006     phase_detection.obj (.data)
                  0000a9c0    00000009     fw_bu_master.obj (.data)
                  0000a9c9    00000001     --HOLE--
                  0000a9ca    00000006     rts2800_fpu32_eabi.lib : exit.c.obj (.data)
                  0000a9d0    00000006     s_board_runtime_timing.obj (.data)
                  0000a9d6    00000006     time_slot.obj (.data)
                  0000a9dc    00000006     timer_driver.obj (.data)
                  0000a9e2    00000005     runtimedata.obj (.data)
                  0000a9e7    00000004     fw_bu_image_rx.obj (.data)
                  0000a9eb    00000001     --HOLE--
                  0000a9ec    00000004     fw_mode.obj (.data)
                  0000a9f0    00000003     i2c_scanner.obj (.data)
                  0000a9f3    00000001     --HOLE--
                  0000a9f4    00000002     rts2800_fpu32_eabi.lib : _lock.c.obj (.data:_lock)
                  0000a9f6    00000002                            : _lock.c.obj (.data:_unlock)
                  0000a9f8    00000002     c2000ware_libraries.obj (.data)
                  0000a9fa    00000002     metrology_background.obj (.data)

.const     0    0008c258    0000189a     
                  0008c258    00000400     metrology_fir_table.obj (.const:phase_shift_fir_coeffs)
                  0008c658    00000200     fw_image_rx.obj (.const:crc32Table)
                  0008c858    00000200     fw_bu_image_rx.obj (.const:fwBuCrc32Table)
                  0008ca58    00000004     metrology_background.obj (.const)
                  0008ca5c    00000024     --HOLE-- [fill = 0]
                  0008ca80    000001c3     pdu_manager.obj (.const)
                  0008cc43    00000001     --HOLE-- [fill = 0]
                  0008cc44    0000019c     adc_ex2_soc_epwm.obj (.const:.string)
                  0008cde0    00000118     board.obj (.const:.string)
                  0008cef8    000000d0     metro.obj (.const:.string)
                  0008cfc8    0000009b     driverlib.lib : flash.obj (.const:.string)
                  0008d063    00000001     --HOLE-- [fill = 0]
                  0008d064    0000009a                   : sysctl.obj (.const:.string)
                  0008d0fe    00000098                   : gpio.obj (.const:.string)
                  0008d196    00000097                   : adc.obj (.const:.string)
                  0008d22d    00000001     --HOLE-- [fill = 0]
                  0008d22e    00000097                   : dma.obj (.const:.string)
                  0008d2c5    00000001     --HOLE-- [fill = 0]
                  0008d2c6    0000008c     s_board_runtime_timing.obj (.const:.string)
                  0008d352    00000088     thd_adc_driver.obj (.const:.string)
                  0008d3da    00000087     i2c_sboard.obj (.const:.string)
                  0008d461    00000001     --HOLE-- [fill = 0]
                  0008d462    00000087     i2c_scanner.obj (.const:.string)
                  0008d4e9    00000001     --HOLE-- [fill = 0]
                  0008d4ea    00000059     device.obj (.const:.string)
                  0008d543    00000001     --HOLE-- [fill = 0]
                  0008d544    00000051     driverlib.lib : interrupt.obj (.const:.string)
                  0008d595    00000001     --HOLE-- [fill = 0]
                  0008d596    00000050                   : cputimer.obj (.const:.string)
                  0008d5e6    0000004f                   : asysctl.obj (.const:.string)
                  0008d635    00000001     --HOLE-- [fill = 0]
                  0008d636    0000004c                   : mcan.obj (.const:.string)
                  0008d682    0000004b                   : i2c.obj (.const:.string)
                  0008d6cd    00000001     --HOLE-- [fill = 0]
                  0008d6ce    0000004b                   : pga.obj (.const:.string)
                  0008d719    00000001     --HOLE-- [fill = 0]
                  0008d71a    00000048     can_driver.obj (.const:.string)
                  0008d762    00000048     time_slot.obj (.const:.string)
                  0008d7aa    00000048     timer_driver.obj (.const:.string)
                  0008d7f2    00000040     bu_board.obj (.const:$P$T0$1)
                  0008d832    00000040     can_driver.obj (.const:$P$T0$1)
                  0008d872    00000040     flash_driver.obj (.const:$P$T0$1)
                  0008d8b2    00000040     m_board.obj (.const:$P$T0$1)
                  0008d8f2    00000040     bu_board.obj (.const:$P$T1$2)
                  0008d932    00000040     can_driver.obj (.const:$P$T1$2)
                  0008d972    00000040     flash_driver.obj (.const:$P$T1$2)
                  0008d9b2    00000040     can_driver.obj (.const:$P$T2$3)
                  0008d9f2    00000040     flash_driver.obj (.const:$P$T2$3)
                  0008da32    00000040     flash_driver.obj (.const:$P$T3$4)
                  0008da72    00000040     flash_driver.obj (.const:$P$T5$6)
                  0008dab2    00000040     flash_driver.obj (.const:$P$T6$7)

ramgs0     0    0000cf1c    00000100     UNINITIALIZED
                  0000cf1c    00000100     adc_ex2_soc_epwm.obj (ramgs0)

ramgs1     0    0000e000    00000100     UNINITIALIZED
                  0000e000    00000100     adc_ex2_soc_epwm.obj (ramgs1)

ramgs2     0    00010000    00000100     UNINITIALIZED
                  00010000    00000100     adc_ex2_soc_epwm.obj (ramgs2)

.bss.5     0    0000e100    00001efd     UNINITIALIZED
                  0000e100    00001a1c     metro.obj (.bss)
                  0000fb1c    00000400     flash_driver.obj (.bss:Buffer)
                  0000ff1c    00000020     timer_driver.obj (.bss:softwareTimers)
                  0000ff3c    00000002     flash_driver.obj (.bss)
                  0000ff3e    00000001     can_driver.obj (.bss)
                  0000ff3f    00000001     --HOLE--
                  0000ff40    00000062     fw_bu_image_rx.obj (.bss)
                  0000ffa2    00000048     bu_board.obj (.bss:boardAckStatus)
                  0000ffea    00000013     runtimedata.obj (.bss:runtimeMessagePending)

.bss.6     0    00010100    00001f00     UNINITIALIZED
                  00010100    00001804     thd_adc_driver.obj (.bss)
                  00011904    0000063c     can_driver.obj (.bss:rxMsg)
                  00011f40    00000062     fw_image_rx.obj (.bss)
                  00011fa2    00000048     fw_mode.obj (.bss:s_buResults)
                  00011fea    00000010     fw_bu_master.obj (.bss)
                  00011ffa    00000006     s_board_runtime_transmission.obj (.bss)

.bss.7     0    00012000    00001fda     UNINITIALIZED
                  00012000    00001800     adc_ex2_soc_epwm.obj (.bss:AdcRawBuffers)
                  00013800    000004ec     can_driver.obj (.bss:rxFIFO0Msg)
                  00013cec    00000280     i2c_scanner.obj (.bss:scanResults)
                  00013f6c    00000030     bu_board.obj (.bss:discoveredBoardsInfo)
                  00013f9c    0000000e     runtimedata.obj (.bss:frameReceivedMask)
                  00013faa    0000000c     metro.obj (.bss:ADCResults)
                  00013fb6    0000000c     runtimedata.obj (.bss:buBoardVersion)
                  00013fc2    0000000c     c2000ware_libraries.obj (.bss)
                  00013fce    0000000c     phase_detection.obj (.bss)

RFFTdata1 
*          0    00014000    00000200     UNINITIALIZED
                  00014000    00000200     adc_ex2_soc_epwm.obj (RFFTdata1)

RFFTdata4 
*          0    00014200    00000200     UNINITIALIZED
                  00014200    00000200     adc_ex2_soc_epwm.obj (RFFTdata4)

RFFTdata2 
*          0    00014400    00000102     UNINITIALIZED
                  00014400    00000102     adc_ex2_soc_epwm.obj (RFFTdata2)

RFFTdata3 
*          0    00014508    00000100     UNINITIALIZED
                  00014508    00000100     adc_ex2_soc_epwm.obj (RFFTdata3)

FPUmathTables 
*          0    00082008    0000068c     RUN ADDR = 00008000
                  00082008    0000068c     rts2800_fpu32_fast_supplement_eabi.lib : FPUmathTables.obj (FPUmathTables)

.TI.ramfunc 
*          0    00082698    00000d1c     RUN ADDR = 0000c000
                  00082698    00000207     adc_ex2_soc_epwm.obj (.TI.ramfunc:adcA1ISR)
                  0008289f    00000087     fw_image_rx.obj (.TI.ramfunc:FW_handleWriteFlag)
                  00082926    00000070     fw_image_rx.obj (.TI.ramfunc:FW_writeBootFlag)
                  00082996    00000066     flash_driver.obj (.TI.ramfunc:Example_ProgramUsingAutoECC)
                  000829fc    00000063     fw_update_flash.obj (.TI.ramfunc:FW_eraseFlashRange)
                  00082a5f    00000061     fw_bu_image_rx.obj (.TI.ramfunc:FW_Bu_writeFrameToFlash)
                  00082ac0    00000061     fw_image_rx.obj (.TI.ramfunc:FW_writeFrameToFlash)
                  00082b21    00000043     fw_image_rx.obj (.TI.ramfunc:FW_handleEraseSector)
                  00082b64    0000003a     flash_driver.obj (.TI.ramfunc:Example_EraseSector)
                  00082b9e    00000036     driverlib.lib : flash.obj (.TI.ramfunc:Flash_initModule)
                  00082bd4    00000036     adc_ex2_soc_epwm.obj (.TI.ramfunc:dmaCh1ISR)
                  00082c0a    00000036     adc_ex2_soc_epwm.obj (.TI.ramfunc:dmaCh2ISR)
                  00082c40    00000036     adc_ex2_soc_epwm.obj (.TI.ramfunc:dmaCh3ISR)
                  00082c76    00000030     time_slot.obj (.TI.ramfunc:cpuTimer2ISR)
                  00082ca6    0000002a     fw_image_rx.obj (.TI.ramfunc:FW_handleClearFlag)
                  00082cd0    00000022     driverlib.lib : flash.obj (.TI.ramfunc:Flash_setWaitstates)
                  00082cf2    0000001f     flash_driver.obj (.TI.ramfunc:FlashAPI_init)
                  00082d11    0000001c     flash_driver.obj (.TI.ramfunc:ClearFSMStatus)
                  00082d2d    00000018     driverlib.lib : flash.obj (.TI.ramfunc:Flash_disableCache)
                  00082d45    00000017                   : flash.obj (.TI.ramfunc:Flash_disablePrefetch)
                  00082d5c    00000016                   : flash.obj (.TI.ramfunc:Flash_enableCache)
                  00082d72    00000016                   : flash.obj (.TI.ramfunc:Flash_enableECC)
                  00082d88    00000016                   : flash.obj (.TI.ramfunc:Flash_enablePrefetch)
                  00082d9e    00000004                   : sysctl.obj (.TI.ramfunc)
                  00082da2    00000003     fw_image_rx.obj (.TI.ramfunc:FW_triggerUpdate)
                  00082da5    00000189     FAPI_F28P55x_EABI_v4.00.00.lib : Program.obj (.text:Fapi_issueProgrammingCommand)
                  00082f2e    0000017a                                    : Init.obj (.text:Fapi_initializeAPI)
                  000830a8    00000072                                    : Read.obj (.text:Fapi_loopRegionForValue)
                  0008311a    0000004e                                    : BlankCheck.obj (.text:Fapi_doBlankCheck)
                  00083168    00000042                                    : Async.obj (.text:Fapi_issueBankEraseCommand)
                  000831aa    0000003c                                    : FlashStateMachine.obj (.text:Fapi_isAddressEcc)
                  000831e6    0000003b                                    : Utilities.obj (.text:Fapi_isAddressValid)
                  00083221    0000003a                                    : Async.obj (.text:Fapi_issueAsyncCommandWithAddress)
                  0008325b    00000038                                    : Verify.obj (.text:Fapi_doVerify)
                  00083293    0000002a                                    : Utilities.obj (.text:Write_32bp)
                  000832bd    00000026                                    : Utilities.obj (.text:Write_32)
                  000832e3    00000024                                    : Async.obj (.text:Fapi_issueAsyncCommand)
                  00083307    00000023                                    : Read.obj (.text:Fapi_checkRegionForValue)
                  0008332a    00000021                                    : FlashStateMachine.obj (.text:Fapi_setupBankSectorEnable)
                  0008334b    0000001c                                    : FlashStateMachine.obj (.text:Fapi_CheckLinkPointers)
                  00083367    00000015                                    : Read.obj (.text:Fapi_flushPipeline)
                  0008337c    00000011                                    : FlashStateMachine.obj (.text:Fapi_issueFsmCommand)
                  0008338d    00000010                                    : Utilities.obj (.text:Fapi_regReadback)
                  0008339d    0000000d                                    : FlashStateMachine.obj (.text:Fapi_checkFsmForReady)
                  000833aa    00000006                                    : FlashStateMachine.obj (.text:Fapi_setActiveFlashBank)
                  000833b0    00000004                                    : FlashStateMachine.obj (.text:Fapi_getFsmStatus)

.bss.8     0    00014608    00002000     UNINITIALIZED
                  00014608    00001000     fw_bu_image_rx.obj (.bss:fwBuRingBuf)
                  00015608    00001000     fw_image_rx.obj (.bss:fwRingBuf)

.bss.9     0    00016640    000019b6     UNINITIALIZED
                  00016640    00000eca     runtimedata.obj (.bss)
                  0001750a    000004ec     can_driver.obj (.bss:rxFIFO0MsgB)
                  000179f6    00000400     pdu_manager.obj (.bss:receivedBuffer)
                  00017df6    00000200     adc_ex2_soc_epwm.obj (.bss:RFFTTwiddleCoef)

.text      0    000833b8    00008e9b     
                  000833b8    00000588     runtimedata.obj (.text:populateInputParameters)
                  00083940    00000547     runtimedata.obj (.text:populateOutputParameters)
                  00083e87    00000407     metrology_background.obj (.text:Metrology_perSampleProcessing)
                  0008428e    00000292     isr.obj (.text:MCANIntr1ISR)
                  00084520    00000292     adc_ex2_soc_epwm.obj (.text:main)
                  000847b2    000001c2     driverlib.lib : mcan.obj (.text:MCAN_msgRAMConfig)
                  00084974    0000019a     s_board_runtime_transmission.obj (.text:sendSBoardOutputParamFrame1)
                  00084b0e    00000197     can_driver.obj (.text:MCANAConfig)
                  00084ca5    00000176     s_board_runtime_transmission.obj (.text:sendSBoardInputParamFrame1)
                  00084e1b    00000176     adc_ex2_soc_epwm.obj (.text:startup)
                  00084f91    0000016b     can_driver.obj (.text:MCANBConfig)
                  000850fc    00000162     s_board_runtime_transmission.obj (.text:sendSBoardInputParamFrame2)
                  0008525e    00000156     s_board_runtime_transmission.obj (.text:sendSBoardOutputParamFrame2)
                  000853b4    00000137     i2c_scanner.obj (.text:I2C_Scanner_probeDevice)
                  000854eb    00000137     metrology_calculations.obj (.text:checkSagSwellEvents)
                  00085622    00000123     driverlib.lib : sysctl.obj (.text:SysCtl_setClock)
                  00085745    00000122                   : mcan.obj (.text:MCAN_writeMsg)
                  00085867    00000001     c2000ware_libraries.obj (.text:FFR_init)
                  00085868    0000011d     c28x_fpu_dsp_library_eabi.lib : RFFT_f32.obj (.text)
                  00085985    00000115     s_board_runtime_transmission.obj (.text:sendSBoardBranchFramesToMBoard)
                  00085a9a    0000010c     runtimedata.obj (.text:processBURuntimeFrame)
                  00085ba6    00000108     bu_board.obj (.text:sendBoardCalibrationData)
                  00085cae    00000107     driverlib.lib : mcan.obj (.text:MCAN_readMsg)
                  00085db5    000000fe                   : sysctl.obj (.text:SysCtl_isPLLValid)
                  00085eb3    000000fd     board.obj (.text:myADC0_init)
                  00085fb0    000000f3     fw_bu_master.obj (.text:FW_BuMaster_process)
                  000860a3    000000f0     driverlib.lib : mcan.obj (.text:MCAN_init)
                  00086193    000000eb                   : gpio.obj (.text:GPIO_setAnalogMode)
                  0008627e    000000ea     rts2800_fpu32_eabi.lib : e_hypotf.c.obj (.text)
                  00086368    000000e1     metrology_setup.obj (.text:Metrology_alignwithNVData)
                  00086449    000000db     phase_detection.obj (.text:getPrimaryLL)
                  00086524    000000d8     device.obj (.text:Device_enableAllPeripherals)
                  000865fc    000000d7     phase_detection.obj (.text:PhaseDetection_voltageUnbalance)
                  000866d3    000000cf     phase_detection.obj (.text:PhaseDetection_voltageLack)
                  000867a2    000000c5     device.obj (.text:Device_init)
                  00086867    000000bc     board.obj (.text:EPWM_init)
                  00086923    000000ba     m_board.obj (.text:sendCalibrationDataToMBoard)
                  000869dd    000000ba     adc_ex2_soc_epwm.obj (.text:sendSingleVoltageFrame)
                  00086a97    000000b9     driverlib.lib : mcan.obj (.text:MCAN_setBitTime)
                  00086b50    000000b3     metrology_background.obj (.text:logPhaseParameters)
                  00086c03    000000b3     bu_board.obj (.text:processBUFrameInISR)
                  00086cb6    0000009d     driverlib.lib : dma.obj (.text:DMA_configMode)
                  00086d53    0000009c     thd_signal_processing.obj (.text:THD_SP_estimateFrequency)
                  00086def    0000009a     fw_image_rx.obj (.text:FW_ImageRx_process)
                  00086e89    00000099     can_driver.obj (.text:handleMissingFrames)
                  00086f22    00000098     metro.obj (.text:App_calculateMetrologyParameters)
                  00086fba    00000098     fw_image_rx.obj (.text:FW_handleHeader)
                  00087052    00000098     driverlib.lib : mcan.obj (.text:MCAN_readMsgRam)
                  000870ea    00000097     board.obj (.text:PinMux_init)
                  00087181    00000094     phase_detection.obj (.text:PhaseDetection_phaseSequenceISR)
                  00087215    00000094     phase_detection.obj (.text:getSecondaryLL)
                  000872a9    00000092     fw_bu_image_rx.obj (.text:FW_Bu_handleHeader)
                  0008733b    00000091     phase_detection.obj (.text:PhaseDetection_phaseLoss)
                  000873cc    00000090     metrology_calculations.obj (.text:calculateFundamentalRMSVoltage)
                  0008745c    0000008c     thd_analyzer.obj (.text:THD_processChannel)
                  000874e8    00000089     thd_analyzer.obj (.text:THD_init)
                  00087571    00000088     metro.obj (.text:get_debugData)
                  000875f9    00000087     metrology_foreground.obj (.text:Metrology_calculatePhaseReadings)
                  00087680    00000085     metrology_calculations.obj (.text:calculateFundamentalActivePower)
                  00087705    00000085     metrology_calculations.obj (.text:calculateFundamentalReactivePower)
                  0008778a    00000084     i2c_sboard.obj (.text:INT_I2CA_ISR)
                  0008780e    00000082     fw_bu_master.obj (.text:FW_BuM_sendDataFrame)
                  00087890    0000007f     driverlib.lib : interrupt.obj (.text:Interrupt_clearIFR)
                  0008790f    0000007e     fw_bu_image_rx.obj (.text:FW_BuImageRx_process)
                  0008798d    0000007e     pdu_manager.obj (.text:validateCalibrationGains)
                  00087a0b    0000007d     bu_board.obj (.text:sendBoardCalibrationDataWithRetry)
                  00087a88    00000078     driverlib.lib : mcan.obj (.text:MCAN_getRxFIFOStatus)
                  00087b00    00000078     can_driver.obj (.text:resetCANModule)
                  00087b78    00000075     adc_ex2_soc_epwm.obj (.text:EPWM_setADCTriggerSource)
                  00087bed    00000075     board.obj (.text:EPWM_setADCTriggerSource)
                  00087c62    00000074     thd_signal_processing.obj (.text:THD_SP_calculateTHD)
                  00087cd6    00000074     fw_mode.obj (.text:sendMCANA_BU)
                  00087d4a    00000073     driverlib.lib : sysctl.obj (.text:DCC_setCounterSeeds)
                  00087dbd    00000073     fw_bu_master.obj (.text:FW_BuMaster_sendStatusReply)
                  00087e30    00000073     fw_image_rx.obj (.text:FW_handleStart)
                  00087ea3    00000072     driverlib.lib : mcan.obj (.text:MCAN_getProtocolStatus)
                  00087f15    00000071     phase_detection.obj (.text:PhaseDetection_computeCrestFactors)
                  00087f86    00000071     pdu_manager.obj (.text:prepareFramesForTransmission)
                  00087ff7    00000071     bu_board.obj (.text:updateReceivedBuffer)
                  00088068    00000070     fw_mode.obj (.text:sendMCANB)
                  000880d8    0000006f     fw_bu_master.obj (.text:FW_BuM_sendCommand)
                  00088147    0000006f     fw_bu_image_rx.obj (.text:FW_Bu_sendStateResponse)
                  000881b6    0000006f     phase_detection.obj (.text:PhaseDetection_crestFactorF)
                  00088225    0000006e     timer_driver.obj (.text:timerSystemTick)
                  00088293    0000006d     adc_ex2_soc_epwm.obj (.text:sendAllPhaseVoltages)
                  00088300    0000006c     c28x_fpu_dsp_library_eabi.lib : RFFT_f32_sincostable.obj (.text)
                  0008836c    0000006b     fw_image_rx.obj (.text:FW_sendDebug)
                  000883d7    0000006a     bu_board.obj (.text:copyFlashToBUBoards)
                  00088441    00000069     bu_board.obj (.text:sendBUFrameAck)
                  000884aa    00000068     metrology_calculations.obj (.text:calculateMainsfrequency)
                  00088512    00000067     pdu_manager.obj (.text:writeDefaultCalibrationValues)
                  00088579    00000065     metrology_setup.obj (.text:Metrology_initNVData)
                  000885de    00000065     driverlib.lib : sysctl.obj (.text:SysCtl_getClock)
                  00088643    00000064     can_driver.obj (.text:ClearRxFIFOBuffer)
                  000886a7    00000064     driverlib.lib : i2c.obj (.text:I2C_initController)
                  0008870b    00000063     fw_image_rx.obj (.text:FW_sendResponseWithData)
                  0008876e    00000061     flash_driver.obj (.text:calibDataUpdateFailAck)
                  000887cf    00000061     flash_driver.obj (.text:calibDataUpdateSuccessAck)
                  00088830    00000061     flash_driver.obj (.text:erasedBank4Ack)
                  00088891    00000061     flash_driver.obj (.text:flashWriteEnabledAck)
                  000888f2    00000061     can_driver.obj (.text:maxRetriesExceeded)
                  00088953    00000061     m_board.obj (.text:sendCalibrationDataFormatVersion)
                  000889b4    00000061     flash_driver.obj (.text:writtenDefaultCalibrationValuesAck)
                  00088a15    00000060     metrology_calculations.obj (.text:calculateReactivePower)
                  00088a75    00000060     adc_ex2_soc_epwm.obj (.text:initADC_DMA)
                  00088ad5    0000005d     can_driver.obj (.text:canTxTimeoutReset)
                  00088b32    0000005b     metrology_calculations.obj (.text:calculateActivePower)
                  00088b8d    0000005b     m_board.obj (.text:sendMissingFrames)
                  00088be8    0000005a     driverlib.lib : mcan.obj (.text:MCAN_writeRxFIFOAck)
                  00088c42    0000005a     bu_board.obj (.text:sendDiscoveryResponseAck)
                  00088c9c    00000059     metrology_calculations.obj (.text:calculateCycleRMSVoltage)
                  00088cf5    00000059     rts2800_fpu32_eabi.lib : s_floorf.c.obj (.text)
                  00088d4e    00000058     bu_board.obj (.text:relayCommandToBUBoards)
                  00088da6    00000057     driverlib.lib : mcan.obj (.text:MCAN_writeMsgRam)
                  00088dfd    00000057     can_driver.obj (.text:canTxTryRecover)
                  00088e54    00000057     pdu_manager.obj (.text:processReceivedCalibrationData)
                  00088eab    00000056     can_driver.obj (.text:copyRxFIFO)
                  00088f01    00000055     metrology_calculations.obj (.text:calculateRMSCurrent)
                  00088f56    00000054     fw_mode.obj (.text:FwMode_recordBuResult)
                  00088faa    00000054     bu_board.obj (.text:copyBUBoardsToWorkingStructure)
                  00088ffe    00000054     fw_mode.obj (.text:sendStatusSummary)
                  00089052    00000052     fw_image_rx.obj (.text:FW_sendResponse)
                  000890a4    00000052     driverlib.lib : gpio.obj (.text:GPIO_setPadConfig)
                  000890f6    00000052     metrology_calculations.obj (.text:calculateRMSVoltage)
                  00089148    00000052     bu_board.obj (.text:sendDiscoveryStartMessage)
                  0008919a    00000052     bu_board.obj (.text:sendDiscoveryStopMessage)
                  000891ec    00000051     fw_image_rx.obj (.text:FW_handleComputeCRC)
                  0008923d    00000051     adc_ex2_soc_epwm.obj (.text:sendAppHeartbeat)
                  0008928e    00000050     i2c_scanner.obj (.text:I2C_Scanner_ISR)
                  000892de    0000004f     i2c_scanner.obj (.text:I2C_Scanner_init)
                  0008932d    0000004f     driverlib.lib : mcan.obj (.text:MCAN_addStdMsgIDFilter)
                  0008937c    0000004e                   : interrupt.obj (.text:Interrupt_disable)
                  000893ca    0000004e     c28x_fpu_dsp_library_eabi.lib : RFFT_f32_mag_TMU0.obj (.text)
                  00089418    0000004e     flash_driver.obj (.text:eraseBank4)
                  00089466    0000004d     fw_bu_image_rx.obj (.text:FW_Bu_calculateCRC32)
                  000894b3    0000004d     fw_image_rx.obj (.text:FW_calculateCRC32)
                  00089500    0000004d     metrology_setup.obj (.text:Metrology_setPhaseCorrection)
                  0008954d    0000004c     fw_mode.obj (.text:computeCRC32Image)
                  00089599    0000004b     adc_ex2_soc_epwm.obj (.text:sBoardSuspendNormalMode)
                  000895e4    0000004a     can_driver.obj (.text:canTxWaitBufComplete)
                  0008962e    00000049     fw_bu_image_rx.obj (.text:FW_Bu_sendResponse)
                  00089677    00000049     fw_image_rx.obj (.text:FW_handleComplete)
                  000896c0    00000049     bu_board.obj (.text:processBUAcknowledgment)
                  00089709    00000049     adc_ex2_soc_epwm.obj (.text:sBoardResumeNormalMode)
                  00089752    00000047     fw_image_rx.obj (.text:FW_handleReadFlash)
                  00089799    00000047     driverlib.lib : sysctl.obj (.text:SysCtl_selectOscSource)
                  000897e0    00000046     board.obj (.text:ADC_setupSOC)
                  00089826    00000046     driverlib.lib : sysctl.obj (.text:SysCtl_selectXTAL)
                  0008986c    00000046     can_driver.obj (.text:canTxWaitComplete)
                  000898b2    00000045     driverlib.lib : sysctl.obj (.text:SysCtl_pollX1Counter)
                  000898f7    00000045     flash_driver.obj (.text:findReadAndWriteAddress)
                  0008993c    00000045     s_board_runtime_transmission.obj (.text:sendSingleSBoardRuntimeFrame)
                  00089981    00000044     driverlib.lib : pga.obj (.text:PGA_setOffsetTrimPMOS)
                  000899c5    00000044     runtimedata.obj (.text:initRuntimeDataCollection)
                  00089a09    00000043     bu_board.obj (.text:processBUMessages)
                  00089a4c    00000043     m_board.obj (.text:sendDiscoveryStartAck)
                  00089a8f    00000043     m_board.obj (.text:sendStopCalibrationAck)
                  00089ad2    00000043     bu_board.obj (.text:sendStopCalibrationToBUBoards)
                  00089b15    00000042     metrology_background.obj (.text:logNeutralParameters)
                  00089b57    00000041     driverlib.lib : pga.obj (.text:PGA_setOffsetTrimNMOS)
                  00089b98    00000040     board.obj (.text:EPWM_setActionQualifierAction)
                  00089bd8    00000040     fw_bu_master.obj (.text:FW_BuMaster_start)
                  00089c18    00000040     fw_mode.obj (.text:FwMode_tick)
                  00089c58    00000040     thd_signal_processing.obj (.text:THD_SP_removeDCOffset)
                  00089c98    0000003f     adc_ex2_soc_epwm.obj (.text:INT_Cputimer_ISR)
                  00089cd7    0000003f     metrology_calculations.obj (.text:calculateFundamentalRMSCurrent)
                  00089d16    0000003e     driverlib.lib : adc.obj (.text:ADC_setVREF)
                  00089d54    0000003e     board.obj (.text:EPWM_setCounterCompareShadowLoadMode)
                  00089d92    0000003e     time_slot.obj (.text:TimeSlot_init)
                  00089dd0    0000003e     board.obj (.text:myADC1_init)
                  00089e0e    0000003d     fw_bu_image_rx.obj (.text:FW_Bu_handleStart)
                  00089e4b    0000003d     fw_image_rx.obj (.text:FW_handleReadFlag)
                  00089e88    0000003d     driverlib.lib : interrupt.obj (.text:Interrupt_initModule)
                  00089ec5    0000003d     timer_driver.obj (.text:startSoftwareTimer)
                  00089f02    0000003c     driverlib.lib : dma.obj (.text:DMA_configTransfer)
                  00089f3e    0000003b     adc_ex2_soc_epwm.obj (.text:EPWM_isBaseValid)
                  00089f79    0000003b     board.obj (.text:EPWM_isBaseValid)
                  00089fb4    0000003b     thd_adc_driver.obj (.text:EPWM_isBaseValid)
                  00089fef    0000003a     adc_ex2_soc_epwm.obj (.text:EPWM_setADCTriggerEventPrescale)
                  0008a029    0000003a     board.obj (.text:EPWM_setADCTriggerEventPrescale)
                  0008a063    0000003a     bu_board.obj (.text:finalizeBUDiscovery)
                  0008a09d    00000039     bu_board.obj (.text:handleBUAcknowledgment)
                  0008a0d6    00000038     flash_driver.obj (.text:eraseSectorOrFindEmptySector)
                  0008a10e    00000037     driverlib.lib : dma.obj (.text:DMA_configBurst)
                  0008a145    00000037     fw_bu_master.obj (.text:FW_BuM_sendHeader)
                  0008a17c    00000037     driverlib.lib : gpio.obj (.text:GPIO_setPinConfig)
                  0008a1b3    00000037                   : gpio.obj (.text:GPIO_setQualificationMode)
                  0008a1ea    00000037                   : interrupt.obj (.text:Interrupt_enable)
                  0008a221    00000037     c2000ware_libraries.obj (.text:myRFFT0_init)
                  0008a258    00000036     timer_driver.obj (.text:initTimerSystem)
                  0008a28e    00000034     timer_driver.obj (.text:initMsTick)
                  0008a2c2    00000034     rts2800_fpu32_fast_supplement_eabi.lib : cos_f32.obj (.text)
                  0008a2f6    00000034                                            : sin_f32.obj (.text)
                  0008a32a    00000033     driverlib.lib : mcan.obj (.text:MCAN_enableIntr)
                  0008a35d    00000033                   : mcan.obj (.text:MCAN_selectIntrLine)
                  0008a390    00000033     flash_driver.obj (.text:enableFlashWrite)
                  0008a3c3    00000033     timer_driver.obj (.text:resetFrameTracking)
                  0008a3f6    00000032     m_board.obj (.text:handleMBoardRetransmissionRequest)
                  0008a428    00000031     driverlib.lib : gpio.obj (.text:GPIO_setDirectionMode)
                  0008a459    00000031     metrology_background.obj (.text:metrology_dcFilter)
                  0008a48a    00000030     i2c_scanner.obj (.text:I2C_Scanner_scanBus)
                  0008a4ba    00000030     rts2800_fpu32_eabi.lib : copy_decompress_lzss.c.obj (.text:decompress:lzss)
                  0008a4ea    0000002f     adc_ex2_soc_epwm.obj (.text:ADC_setInterruptSource)
                  0008a519    0000002f     board.obj (.text:ADC_setInterruptSource)
                  0008a548    0000002f     adc_ex2_soc_epwm.obj (.text:initEPWM)
                  0008a577    0000002e     board.obj (.text:ADC_setInterruptSOCTrigger)
                  0008a5a5    0000002d     thd_analyzer.obj (.text:THD_loadChannelData)
                  0008a5d2    0000002c     driverlib.lib : mcan.obj (.text:MCAN_txBufAddReq)
                  0008a5fe    0000002c                   : mcan.obj (.text:MCAN_txBufCancellationReq)
                  0008a62a    0000002c     metrology_calculations.obj (.text:calculatePowerFactor)
                  0008a656    0000002b     fw_mode.obj (.text:FwMode_sendBootStatus)
                  0008a681    0000002b     rts2800_fpu32_eabi.lib : autoinit.c.obj (.text:__TI_auto_init_nobinit_nopinit)
                  0008a6ac    0000002b     bu_board.obj (.text:recordBoardAcknowledgment)
                  0008a6d7    0000002a     driverlib.lib : i2c.obj (.text:I2C_enableInterrupt)
                  0008a701    0000002a     thd_signal_processing.obj (.text:THD_SP_initWindow)
                  0008a72b    0000002a     metro.obj (.text:metrology_main)
                  0008a755    0000002a     rts2800_fpu32_eabi.lib : l_div28.asm.obj (.text)
                  0008a77f    0000002a     adc_ex2_soc_epwm.obj (.text:sendPhaseVoltageBuffer)
                  0008a7a9    00000029     driverlib.lib : mcan.obj (.text:MCAN_enableIntrLine)
                  0008a7d2    00000029     adc_ex2_soc_epwm.obj (.text:SysCtl_setMCANClk)
                  0008a7fb    00000029     rts2800_fpu32_eabi.lib : exit.c.obj (.text)
                  0008a824    00000028     adc_ex2_soc_epwm.obj (.text:CPUTimer_selectClockSource)
                  0008a84c    00000028     time_slot.obj (.text:CPUTimer_selectClockSource)
                  0008a874    00000028     can_driver.obj (.text:canTxStartWatchdog)
                  0008a89c    00000028     adc_ex2_soc_epwm.obj (.text:initDMAChannel)
                  0008a8c4    00000027     fw_image_rx.obj (.text:FW_handleGetState)
                  0008a8eb    00000027     s_board_runtime_timing.obj (.text:GPIO_writePin)
                  0008a912    00000026     fw_bu_image_rx.obj (.text:FW_Bu_handleComplete)
                  0008a938    00000026     board.obj (.text:myCPUTIMER0_init)
                  0008a95e    00000025     driverlib.lib : dma.obj (.text:DMA_configAddresses)
                  0008a983    00000025                   : sysctl.obj (.text:SysCtl_selectXTALSingleEnded)
                  0008a9a8    00000025     bu_board.obj (.text:sendAllBoardsCalibrationDataWithRetry)
                  0008a9cd    00000024     driverlib.lib : sysctl.obj (.text:DCC_enableSingleShotMode)
                  0008a9f1    00000024                   : i2c.obj (.text:I2C_clearInterruptStatus)
                  0008aa15    00000024     runtimedata.obj (.text:isBitSetInMask)
                  0008aa39    00000024     bu_board.obj (.text:processBUDiscoveryResponse)
                  0008aa5d    00000023     adc_ex2_soc_epwm.obj (.text:DMA_isBaseValid)
                  0008aa80    00000023     driverlib.lib : dma.obj (.text:DMA_isBaseValid)
                  0008aaa3    00000023     adc_ex2_soc_epwm.obj (.text:GPIO_isPinValid)
                  0008aac6    00000023     driverlib.lib : gpio.obj (.text:GPIO_isPinValid)
                  0008aae9    00000023     i2c_scanner.obj (.text:GPIO_isPinValid)
                  0008ab0c    00000023     s_board_runtime_timing.obj (.text:GPIO_isPinValid)
                  0008ab2f    00000023     i2c_scanner.obj (.text:GPIO_readPin)
                  0008ab52    00000023     driverlib.lib : i2c.obj (.text:I2C_getInterruptStatus)
                  0008ab75    00000022     adc_ex2_soc_epwm.obj (.text:ADC_readResult)
                  0008ab97    00000022     metro.obj (.text:App_init)
                  0008abb9    00000022     adc_ex2_soc_epwm.obj (.text:EPWM_setCounterCompareValue)
                  0008abdb    00000022     board.obj (.text:EPWM_setCounterCompareValue)
                  0008abfd    00000022     i2c_scanner.obj (.text:I2C_Scanner_checkBusIdle)
                  0008ac1f    00000022     thd_signal_processing.obj (.text:THD_SP_applyWindow)
                  0008ac41    00000022     runtimedata.obj (.text:processBURuntimeMessages)
                  0008ac63    00000022     rts2800_fpu32_eabi.lib : i_div28.asm.obj (.text)
                  0008ac85    00000021     board.obj (.text:ADC_disableContinuousMode)
                  0008aca6    00000021     adc_ex2_soc_epwm.obj (.text:ADC_disableInterrupt)
                  0008acc7    00000021     rts2800_fpu32_fast_supplement_eabi.lib : sqrt_f32.obj (.text)
                  0008ace8    00000020     adc_ex2_soc_epwm.obj (.text:ADC_enableContinuousMode)
                  0008ad08    00000020     adc_ex2_soc_epwm.obj (.text:ADC_enableInterrupt)
                  0008ad28    00000020     board.obj (.text:ADC_enableInterrupt)
                  0008ad48    00000020     fw_bu_master.obj (.text:FW_BuM_consumeResponse)
                  0008ad68    0000001f     adc_ex2_soc_epwm.obj (.text:ADC_getInterruptOverflowStatus)
                  0008ad87    0000001f     adc_ex2_soc_epwm.obj (.text:ADC_isBaseValid)
                  0008ada6    0000001f     board.obj (.text:ADC_isBaseValid)
                  0008adc5    0000001f     driverlib.lib : adc.obj (.text:ADC_isBaseValid)
                  0008ade4    0000001f     thd_adc_driver.obj (.text:ADC_isBaseValid)
                  0008ae03    0000001f     can_driver.obj (.text:CPUTimer_getTimerOverflowStatus)
                  0008ae22    0000001f     board.obj (.text:EPWM_setFallingEdgeDelayCountShadowLoadMode)
                  0008ae41    0000001f     board.obj (.text:EPWM_setRisingEdgeDelayCountShadowLoadMode)
                  0008ae60    0000001f     fw_bu_image_rx.obj (.text:FW_BuImageRx_isrOnData)
                  0008ae7f    0000001f     fw_image_rx.obj (.text:FW_ImageRx_isrOnData)
                  0008ae9e    0000001f     adc_ex2_soc_epwm.obj (.text:GPIO_togglePin)
                  0008aebd    0000001f     driverlib.lib : mcan.obj (.text:MCAN_clearNewDataStatus)
                  0008aedc    0000001f                   : mcan.obj (.text:MCAN_isMemInitDone)
                  0008aefb    0000001f     thd_signal_processing.obj (.text:THD_SP_getDefaultConfig)
                  0008af1a    0000001f     i2c_scanner.obj (.text:configurePinMux)
                  0008af39    0000001f     fw_mode.obj (.text:dlcForLen)
                  0008af58    0000001f     can_driver.obj (.text:processReceivedFrame)
                  0008af77    0000001e     driverlib.lib : sysctl.obj (.text:DCC_setCounter0ClkSource)
                  0008af95    0000001e                   : sysctl.obj (.text:DCC_setCounter1ClkSource)
                  0008afb3    0000001e     board.obj (.text:EPWM_setPhaseShift)
                  0008afd1    0000001e     driverlib.lib : interrupt.obj (.text:Interrupt_initVectorTable)
                  0008afef    0000001d                   : asysctl.obj (.text:ASysCtl_setAnalogReferenceInternal)
                  0008b00c    0000001d     metro.obj (.text:App_updateINT1)
                  0008b029    0000001d     fw_bu_master.obj (.text:FW_BuMaster_isrOnResponse)
                  0008b046    0000001d     driverlib.lib : mcan.obj (.text:MCAN_getNewDataStatus)
                  0008b063    0000001d     rts2800_fpu32_eabi.lib : memcpy.c.obj (.text)
                  0008b080    0000001c     board.obj (.text:ADC_setSOCPriority)
                  0008b09c    0000001c     adc_ex2_soc_epwm.obj (.text:EPWM_disableADCTrigger)
                  0008b0b8    0000001c     adc_ex2_soc_epwm.obj (.text:EPWM_enableADCTrigger)
                  0008b0d4    0000001c     board.obj (.text:EPWM_enableADCTrigger)
                  0008b0f0    0000001c     thd_adc_driver.obj (.text:EPWM_enableADCTrigger)
                  0008b10c    0000001c     adc_ex2_soc_epwm.obj (.text:EPWM_setClockPrescaler)
                  0008b128    0000001c     board.obj (.text:EPWM_setClockPrescaler)
                  0008b144    0000001b     adc_ex2_soc_epwm.obj (.text:DMA_setInterruptMode)
                  0008b15f    0000001b     i2c_scanner.obj (.text:I2C_setOwnAddress)
                  0008b17a    0000001b     i2c_scanner.obj (.text:I2C_setTargetAddress)
                  0008b195    0000001a     adc_ex2_soc_epwm.obj (.text:CPUTimer_startTimer)
                  0008b1af    0000001a     board.obj (.text:CPUTimer_startTimer)
                  0008b1c9    0000001a     can_driver.obj (.text:CPUTimer_startTimer)
                  0008b1e3    0000001a     metro.obj (.text:CPUTimer_startTimer)
                  0008b1fd    0000001a     s_board_runtime_timing.obj (.text:CPUTimer_startTimer)
                  0008b217    0000001a     timer_driver.obj (.text:CPUTimer_startTimer)
                  0008b231    0000001a     device.obj (.text:Device_initGPIO)
                  0008b24b    0000001a     i2c_scanner.obj (.text:I2C_setAddressMode)
                  0008b265    0000001a     i2c_scanner.obj (.text:I2C_setBitCount)
                  0008b27f    0000001a     i2c_scanner.obj (.text:I2C_setConfig)
                  0008b299    0000001a     i2c_scanner.obj (.text:I2C_setEmulationMode)
                  0008b2b3    0000001a     driverlib.lib : mcan.obj (.text:MCAN_clearInterrupt)
                  0008b2cd    0000001a                   : sysctl.obj (.text:SysCtl_getLowSpeedClock)
                  0008b2e7    0000001a     thd_adc_driver.obj (.text:THD_ADC_start)
                  0008b301    00000019     board.obj (.text:ASysCtl_setAnalogReference1P65)
                  0008b31a    00000019     board.obj (.text:INTERRUPT_init)
                  0008b333    00000019     can_driver.obj (.text:MCANIntrConfig)
                  0008b34c    00000019     driverlib.lib : mcan.obj (.text:MCAN_setOpMode)
                  0008b365    00000019                   : mcan.obj (.text:MCAN_writeProtectedRegAccessLock)
                  0008b37e    00000019                   : mcan.obj (.text:MCAN_writeProtectedRegAccessUnlock)
                  0008b397    00000019                   : sysctl.obj (.text:SysCtl_setPLLSysClk)
                  0008b3b0    00000019     s_board_runtime_timing.obj (.text:initRuntimeTiming)
                  0008b3c9    00000019     s_board_runtime_transmission.obj (.text:pack16)
                  0008b3e2    00000019     rts2800_fpu32_fast_supplement_eabi.lib : div_f32.obj (.text)
                  0008b3fb    00000019     runtimedata.obj (.text:setBitInMask)
                  0008b414    00000018     metro.obj (.text:App_updateINT0)
                  0008b42c    00000018     adc_ex2_soc_epwm.obj (.text:EPWM_clearADCTriggerFlag)
                  0008b444    00000018     board.obj (.text:EPWM_disableFallingEdgeDelayCountShadowLoadMode)
                  0008b45c    00000018     board.obj (.text:EPWM_disableRisingEdgeDelayCountShadowLoadMode)
                  0008b474    00000018     adc_ex2_soc_epwm.obj (.text:EPWM_enableADCTriggerEventCountInit)
                  0008b48c    00000018     adc_ex2_soc_epwm.obj (.text:EPWM_forceADCTriggerEventCountInit)
                  0008b4a4    00000018     fw_bu_master.obj (.text:FW_BuM_streamBurst)
                  0008b4bc    00000018     i2c_scanner.obj (.text:I2C_disableFIFO)
                  0008b4d4    00000018     adc_ex2_soc_epwm.obj (.text:SysCtl_disablePeripheral)
                  0008b4ec    00000018     runtimedata.obj (.text:resetRuntimeFrameTracking)
                  0008b504    00000018     bu_board.obj (.text:startNewDiscovery)
                  0008b51c    00000017     adc_ex2_soc_epwm.obj (.text:ADC_clearInterruptOverflowStatus)
                  0008b533    00000017     adc_ex2_soc_epwm.obj (.text:ADC_clearInterruptStatus)
                  0008b54a    00000017     board.obj (.text:ADC_clearInterruptStatus)
                  0008b561    00000017     adc_ex2_soc_epwm.obj (.text:CPUTimer_isBaseValid)
                  0008b578    00000017     board.obj (.text:CPUTimer_isBaseValid)
                  0008b58f    00000017     can_driver.obj (.text:CPUTimer_isBaseValid)
                  0008b5a6    00000017     driverlib.lib : cputimer.obj (.text:CPUTimer_isBaseValid)
                  0008b5bd    00000017     metro.obj (.text:CPUTimer_isBaseValid)
                  0008b5d4    00000017     s_board_runtime_timing.obj (.text:CPUTimer_isBaseValid)
                  0008b5eb    00000017     time_slot.obj (.text:CPUTimer_isBaseValid)
                  0008b602    00000017     timer_driver.obj (.text:CPUTimer_isBaseValid)
                  0008b619    00000017     adc_ex2_soc_epwm.obj (.text:CPUTimer_setPreScaler)
                  0008b630    00000017     board.obj (.text:CPUTimer_setPreScaler)
                  0008b647    00000017     can_driver.obj (.text:CPUTimer_setPreScaler)
                  0008b65e    00000017     time_slot.obj (.text:CPUTimer_setPreScaler)
                  0008b675    00000017     timer_driver.obj (.text:CPUTimer_setPreScaler)
                  0008b68c    00000017     driverlib.lib : mcan.obj (.text:HW_WR_FIELD32_RAW)
                  0008b6a3    00000017                   : mcan.obj (.text:MCAN_getOpMode)
                  0008b6ba    00000017                   : pga.obj (.text:PGA_isBaseValid)
                  0008b6d1    00000017     adc_ex2_soc_epwm.obj (.text:SysCtl_enablePeripheral)
                  0008b6e8    00000017     device.obj (.text:SysCtl_enablePeripheral)
                  0008b6ff    00000017     driverlib.lib : sysctl.obj (.text:SysCtl_enablePeripheral)
                  0008b716    00000017     fw_mode.obj (.text:pollAndReportSummary)
                  0008b72d    00000017     rts2800_fpu32_eabi.lib : boot28.asm.obj (.text)
                  0008b744    00000016     board.obj (.text:ADC_setInterruptCycleOffset)
                  0008b75a    00000016     board.obj (.text:ADC_setInterruptPulseMode)
                  0008b770    00000016     board.obj (.text:ADC_setPrescaler)
                  0008b786    00000016     thd_adc_driver.obj (.text:ADC_setPrescaler)
                  0008b79c    00000016     driverlib.lib : sysctl.obj (.text:DCC_disableDoneSignal)
                  0008b7b2    00000016     fw_image_rx.obj (.text:FW_handleResetDevice)
                  0008b7c8    00000016     driverlib.lib : interrupt.obj (.text:Interrupt_defaultHandler)
                  0008b7de    00000016     metrology_calculations.obj (.text:calculateIdcEstimate)
                  0008b7f4    00000016     metrology_calculations.obj (.text:calculateVdcEstimate)
                  0008b80a    00000016     bu_board.obj (.text:initBUTracking)
                  0008b820    00000016     bu_board.obj (.text:isBoardAcknowledged)
                  0008b836    00000016     i2c_scanner.obj (.text:nackDetected)
                  0008b84c    00000015     board.obj (.text:ADC_disableBurstMode)
                  0008b861    00000015     adc_ex2_soc_epwm.obj (.text:CPUTimer_enableInterrupt)
                  0008b876    00000015     board.obj (.text:CPUTimer_enableInterrupt)
                  0008b88b    00000015     time_slot.obj (.text:CPUTimer_enableInterrupt)
                  0008b8a0    00000015     timer_driver.obj (.text:CPUTimer_enableInterrupt)
                  0008b8b5    00000015     driverlib.lib : sysctl.obj (.text:DCC_clearDoneFlag)
                  0008b8ca    00000015                   : sysctl.obj (.text:DCC_clearErrorFlag)
                  0008b8df    00000015                   : sysctl.obj (.text:DCC_disableErrorSignal)
                  0008b8f4    00000015                   : sysctl.obj (.text:DCC_isBaseValid)
                  0008b909    00000015     adc_ex2_soc_epwm.obj (.text:DMA_clearTriggerFlag)
                  0008b91e    00000015     adc_ex2_soc_epwm.obj (.text:DMA_startChannel)
                  0008b933    00000015     adc_ex2_soc_epwm.obj (.text:DMA_stopChannel)
                  0008b948    00000015     device.obj (.text:GPIO_unlockPortConfig)
                  0008b95d    00000015     driverlib.lib : mcan.obj (.text:MCAN_clearIntrStatus)
                  0008b972    00000015                   : mcan.obj (.text:MCAN_isBaseValid)
                  0008b987    00000015     fw_mode.obj (.text:enterMode)
                  0008b99c    00000015     s_board_runtime_transmission.obj (.text:processSBoardRuntimeToMBoard)
                  0008b9b1    00000015     timer_driver.obj (.text:stopSoftwareTimer)
                  0008b9c6    00000014     adc_ex2_soc_epwm.obj (.text:CPUTimer_reloadTimerCounter)
                  0008b9da    00000014     board.obj (.text:CPUTimer_reloadTimerCounter)
                  0008b9ee    00000014     can_driver.obj (.text:CPUTimer_reloadTimerCounter)
                  0008ba02    00000014     time_slot.obj (.text:CPUTimer_reloadTimerCounter)
                  0008ba16    00000014     timer_driver.obj (.text:CPUTimer_reloadTimerCounter)
                  0008ba2a    00000014     adc_ex2_soc_epwm.obj (.text:CPUTimer_stopTimer)
                  0008ba3e    00000014     board.obj (.text:CPUTimer_stopTimer)
                  0008ba52    00000014     can_driver.obj (.text:CPUTimer_stopTimer)
                  0008ba66    00000014     time_slot.obj (.text:CPUTimer_stopTimer)
                  0008ba7a    00000014     timer_driver.obj (.text:CPUTimer_stopTimer)
                  0008ba8e    00000014     driverlib.lib : sysctl.obj (.text:DCC_disableModule)
                  0008baa2    00000014                   : sysctl.obj (.text:DCC_enableModule)
                  0008bab6    00000014     adc_ex2_soc_epwm.obj (.text:EPWM_setTimeBaseCounterMode)
                  0008baca    00000014     board.obj (.text:EPWM_setTimeBaseCounterMode)
                  0008bade    00000014     thd_adc_driver.obj (.text:EPWM_setTimeBaseCounterMode)
                  0008baf2    00000014     adc_ex2_soc_epwm.obj (.text:EPWM_setTimeBasePeriod)
                  0008bb06    00000014     board.obj (.text:EPWM_setTimeBasePeriod)
                  0008bb1a    00000014     fw_bu_image_rx.obj (.text:FW_Bu_handleAbort)
                  0008bb2e    00000014     i2c_scanner.obj (.text:I2C_putData)
                  0008bb42    00000014     driverlib.lib : mcan.obj (.text:MCAN_getDataSize)
                  0008bb56    00000014                   : mcan.obj (.text:MCAN_getMsgObjSize)
                  0008bb6a    00000014     phase_detection.obj (.text:PhaseDetection_init)
                  0008bb7e    00000013     board.obj (.text:ADC_enableAltDMATiming)
                  0008bb91    00000013     board.obj (.text:ADC_enableConverter)
                  0008bba4    00000013     driverlib.lib : cputimer.obj (.text:CPUTimer_setEmulationMode)
                  0008bbb7    00000013     adc_ex2_soc_epwm.obj (.text:DMA_enableInterrupt)
                  0008bbca    00000013     adc_ex2_soc_epwm.obj (.text:DMA_enableTrigger)
                  0008bbdd    00000013     fw_bu_image_rx.obj (.text:FW_BuImageRx_init)
                  0008bbf0    00000013     fw_mode.obj (.text:FwMode_isrOnCommand)
                  0008bc03    00000013     i2c_scanner.obj (.text:I2C_disableModule)
                  0008bc16    00000013     i2c_scanner.obj (.text:I2C_enableModule)
                  0008bc29    00000013     driverlib.lib : i2c.obj (.text:I2C_isBaseValid)
                  0008bc3c    00000013     i2c_sboard.obj (.text:I2C_isBaseValid)
                  0008bc4f    00000013     i2c_scanner.obj (.text:I2C_isBaseValid)
                  0008bc62    00000013     i2c_scanner.obj (.text:I2C_sendStartCondition)
                  0008bc75    00000013     i2c_sboard.obj (.text:I2C_sendStopCondition)
                  0008bc88    00000013     i2c_scanner.obj (.text:I2C_sendStopCondition)
                  0008bc9b    00000013     driverlib.lib : mcan.obj (.text:MCAN_getIntrStatus)
                  0008bcae    00000013                   : mcan.obj (.text:MCAN_getTxBufReqPend)
                  0008bcc1    00000013     metrology_background.obj (.text:Metrology_directSin)
                  0008bcd4    00000013     pdu_manager.obj (.text:initializePDUManager)
                  0008bce7    00000013     bu_board.obj (.text:syncBUBoardsData)
                  0008bcfa    00000012     adc_ex2_soc_epwm.obj (.text:CPUTimer_clearOverflowFlag)
                  0008bd0c    00000012     can_driver.obj (.text:CPUTimer_clearOverflowFlag)
                  0008bd1e    00000012     time_slot.obj (.text:CPUTimer_clearOverflowFlag)
                  0008bd30    00000012     adc_ex2_soc_epwm.obj (.text:EPWM_setTimeBaseCounter)
                  0008bd42    00000012     board.obj (.text:EPWM_setTimeBaseCounter)
                  0008bd54    00000012     i2c_scanner.obj (.text:I2C_setDataCount)
                  0008bd66    00000012     i2c_sboard.obj (.text:INTERRUPT_init_i2c)
                  0008bd78    00000012     board.obj (.text:SysCtl_setSyncOutputConfig)
                  0008bd8a    00000012     fw_mode.obj (.text:broadcastToBUs)
                  0008bd9c    00000012     timer_driver.obj (.text:msTickISR)
                  0008bdae    00000012     i2c_scanner.obj (.text:waitBusReady)
                  0008bdc0    00000011     board.obj (.text:Board_init)
                  0008bdd1    00000011     adc_ex2_soc_epwm.obj (.text:CPUTimer_setPeriod)
                  0008bde2    00000011     board.obj (.text:CPUTimer_setPeriod)
                  0008bdf3    00000011     can_driver.obj (.text:CPUTimer_setPeriod)
                  0008be04    00000011     time_slot.obj (.text:CPUTimer_setPeriod)
                  0008be15    00000011     timer_driver.obj (.text:CPUTimer_setPeriod)
                  0008be26    00000011     board.obj (.text:EPWM_disablePhaseShiftLoad)
                  0008be37    00000011     thd_adc_driver.obj (.text:THD_ADC_getChannelBuffer)
                  0008be48    00000011     thd_analyzer.obj (.text:THD_processAllChannels)
                  0008be59    00000010     can_driver.obj (.text:CPUTimer_getTimerCount)
                  0008be69    00000010     fw_bu_image_rx.obj (.text:FW_BuImageRx_isrOnCommand)
                  0008be79    00000010     fw_image_rx.obj (.text:FW_ImageRx_isrOnCommand)
                  0008be89    00000010     driverlib.lib : flash.obj (.text:Flash_isCtrlBaseValid)
                  0008be99    00000010                   : flash.obj (.text:Flash_isECCBaseValid)
                  0008bea9    00000010     i2c_scanner.obj (.text:I2C_getData)
                  0008beb9    00000010     i2c_scanner.obj (.text:I2C_getStatus)
                  0008bec9    00000010     metro.obj (.text:Metrology_initializeCalibrationData)
                  0008bed9    00000010     metrology_calculations.obj (.text:calculateFundamentalApparentPower)
                  0008bee9    0000000f     adc_ex2_soc_epwm.obj (.text:Interrupt_register)
                  0008bef8    0000000f     board.obj (.text:Interrupt_register)
                  0008bf07    0000000f     can_driver.obj (.text:Interrupt_register)
                  0008bf16    0000000f     i2c_sboard.obj (.text:Interrupt_register)
                  0008bf25    0000000f     i2c_scanner.obj (.text:Interrupt_register)
                  0008bf34    0000000f     thd_adc_driver.obj (.text:Interrupt_register)
                  0008bf43    0000000f     time_slot.obj (.text:Interrupt_register)
                  0008bf52    0000000f     timer_driver.obj (.text:Interrupt_register)
                  0008bf61    0000000f     m_board.obj (.text:handleRetransmissionRequest)
                  0008bf70    0000000f     runtime.obj (.text:initRuntimeVoltageTransmission)
                  0008bf7f    0000000e     metrology_calculations.obj (.text:calculateApparentPower)
                  0008bf8d    0000000d     driverlib.lib : mcan.obj (.text:HW_RD_FIELD32_RAW)
                  0008bf9a    0000000d                   : interrupt.obj (.text:Interrupt_disableGlobal)
                  0008bfa7    0000000d                   : interrupt.obj (.text:Interrupt_enableGlobal)
                  0008bfb4    0000000d     metro.obj (.text:Metrology_setDefaultCalibrationData)
                  0008bfc1    0000000d     adc_ex2_soc_epwm.obj (.text:SysCtl_resetDevice)
                  0008bfce    0000000d     can_driver.obj (.text:SysCtl_resetDevice)
                  0008bfdb    0000000d     fw_image_rx.obj (.text:SysCtl_resetDevice)
                  0008bfe8    0000000d     device.obj (.text:SysCtl_setLowSpeedClock)
                  0008bff5    0000000d     thd_adc_driver.obj (.text:THD_ADC_isr)
                  0008c002    0000000d     fw_mode.obj (.text:exitMode)
                  0008c00f    0000000d     bu_board.obj (.text:startBUDiscovery)
                  0008c01c    0000000d     pdu_manager.obj (.text:syncReadWriteToWorking)
                  0008c029    0000000c     metrology_setup.obj (.text:Metrology_init)
                  0008c035    0000000c     board.obj (.text:SysCtl_enableExtADCSOCSource)
                  0008c041    0000000c     thd_adc_driver.obj (.text:THD_ADC_init)
                  0008c04d    0000000c     can_driver.obj (.text:canTxIsWatchdogExpired)
                  0008c059    0000000c     i2c_scanner.obj (.text:clearAllFlags)
                  0008c065    0000000c     rts2800_fpu32_eabi.lib : args_main.c.obj (.text)
                  0008c071    0000000b     device.obj (.text:SysCtl_disableWatchdog)
                  0008c07c    0000000b     driverlib.lib : sysctl.obj (.text:SysCtl_isMCDClockFailureDetected)
                  0008c087    0000000a     board.obj (.text:ASYSCTL_init)
                  0008c091    0000000a     fw_bu_master.obj (.text:FW_BuM_finishWith)
                  0008c09b    0000000a     fw_mode.obj (.text:FwMode_init)
                  0008c0a5    0000000a     driverlib.lib : interrupt.obj (.text:Interrupt_illegalOperationHandler)
                  0008c0af    0000000a                   : interrupt.obj (.text:Interrupt_nmiHandler)
                  0008c0b9    0000000a     c2000ware_libraries.obj (.text:RFFT_f32_setFFTSize)
                  0008c0c3    0000000a     c2000ware_libraries.obj (.text:RFFT_f32_setPhasePtr)
                  0008c0cd    0000000a     c2000ware_libraries.obj (.text:RFFT_f32_setStages)
                  0008c0d7    0000000a     board.obj (.text:SYNC_init)
                  0008c0e1    0000000a     phase_detection.obj (.text:fabsval)
                  0008c0eb    0000000a     bu_board.obj (.text:initDiscoveryTracking)
                  0008c0f5    0000000a     timer_driver.obj (.text:restart10SecTimer)
                  0008c0ff    0000000a     timer_driver.obj (.text:startFrameSequenceTimer)
                  0008c109    0000000a     timer_driver.obj (.text:startRetryTimer)
                  0008c113    00000009     metro.obj (.text:App_startDataCollection)
                  0008c11c    00000009     can_driver.obj (.text:canTxStopWatchdog)
                  0008c125    00000009     rts2800_fpu32_eabi.lib : _lock.c.obj (.text)
                  0008c12e    00000008     flash_driver.obj (.text:Example_Error)
                  0008c136    00000008     fw_bu_master.obj (.text:FW_BuMaster_getTargetId)
                  0008c13e    00000008     adc_ex2_soc_epwm.obj (.text:FwMode_isActive)
                  0008c146    00000008     fw_mode.obj (.text:FwMode_isActive)
                  0008c14e    00000008     thd_adc_driver.obj (.text:THD_ADC_isBufferReady)
                  0008c156    00000008     rts2800_fpu32_eabi.lib : copy_decompress_none.c.obj (.text:decompress:none)
                  0008c15e    00000008     f28p55x_codestartbranch.obj (.text)
                  0008c166    00000008     s_board_runtime_transmission.obj (.text:initSBoardRuntimeToMBoard)
                  0008c16e    00000008     pdu_manager.obj (.text:prepareCalibrationFramesForTx)
                  0008c176    00000007     board.obj (.text:ASysCtl_disableTemperatureSensor)
                  0008c17d    00000007     device.obj (.text:ASysCtl_lockVREG)
                  0008c184    00000007     fw_image_rx.obj (.text:FW_ImageRx_init)
                  0008c18b    00000007     driverlib.lib : mcan.obj (.text:HW_RD_REG32_RAW)
                  0008c192    00000007                   : mcan.obj (.text:HW_WR_REG32_RAW)
                  0008c199    00000007     metrology_foreground.obj (.text:Metrology_sagSwellDetection)
                  0008c1a0    00000007     phase_detection.obj (.text:PhaseDetection_runAll)
                  0008c1a7    00000007     c2000ware_libraries.obj (.text:RFFT_f32_setInputPtr)
                  0008c1ae    00000007     c2000ware_libraries.obj (.text:RFFT_f32_setMagnitudePtr)
                  0008c1b5    00000007     c2000ware_libraries.obj (.text:RFFT_f32_setOutputPtr)
                  0008c1bc    00000007     c2000ware_libraries.obj (.text:RFFT_f32_setTwiddlesPtr)
                  0008c1c3    00000007     driverlib.lib : sysctl.obj (.text:SysCtl_resetMCD)
                  0008c1ca    00000007     rts2800_fpu32_eabi.lib : memset.c.obj (.text)
                  0008c1d1    00000007     timer_driver.obj (.text:stop10SecTimer)
                  0008c1d8    00000007     timer_driver.obj (.text:stopRetryTimer)
                  0008c1df    00000006     fw_bu_master.obj (.text:FW_BuM_elapsed)
                  0008c1e5    00000006     fw_bu_master.obj (.text:FW_BuM_resetPhase)
                  0008c1eb    00000006     fw_bu_master.obj (.text:FW_BuMaster_init)
                  0008c1f1    00000006     adc_ex2_soc_epwm.obj (.text:Interrupt_clearACKGroup)
                  0008c1f7    00000006     i2c_sboard.obj (.text:Interrupt_clearACKGroup)
                  0008c1fd    00000006     i2c_scanner.obj (.text:Interrupt_clearACKGroup)
                  0008c203    00000006     isr.obj (.text:Interrupt_clearACKGroup)
                  0008c209    00000006     rts2800_fpu32_eabi.lib : copy_zero_init.c.obj (.text:decompress:ZI)
                  0008c20f    00000005     board.obj (.text:ADC_init)
                  0008c214    00000005     c2000ware_libraries.obj (.text:C2000Ware_libraries_init)
                  0008c219    00000005     flash_driver.obj (.text:FMSTAT_Fail)
                  0008c21e    00000005     thd_adc_driver.obj (.text:THD_ADC_resetAndRearm)
                  0008c223    00000005     device.obj (.text:__error__)
                  0008c228    00000005     s_board_runtime_timing.obj (.text:startRuntimeTiming)
                  0008c22d    00000004     flash_driver.obj (.text:Example_Done)
                  0008c231    00000004     fw_bu_image_rx.obj (.text:FW_BuImageRx_getState)
                  0008c235    00000004     fw_bu_master.obj (.text:FW_BuM_now)
                  0008c239    00000004     fw_mode.obj (.text:FwMode_getState)
                  0008c23d    00000003     board.obj (.text:CPUTIMER_init)
                  0008c240    00000003     c2000ware_libraries.obj (.text:FFT_init)
                  0008c243    00000003     fw_bu_image_rx.obj (.text:FW_BuImageRx_getImageInfo)
                  0008c246    00000003     fw_bu_image_rx.obj (.text:FW_Bu_handleGetState)
                  0008c249    00000003     i2c_scanner.obj (.text:I2C_Scanner_getResults)
                  0008c24c    00000003     timer_driver.obj (.text:timer_system_init)
                  0008c24f    00000002     rts2800_fpu32_eabi.lib : pre_init.c.obj (.text)
                  0008c251    00000001     metro.obj (.text:debugInit)
                  0008c252    00000001     rts2800_fpu32_eabi.lib : startup.c.obj (.text)

MODULE SUMMARY

       Module                             code    ro data   rw data
       ------                             ----    -------   -------
    .\
       adc_ex2_soc_epwm.obj               4541    412       9706   
       metro.obj                          505     208       6952   
       runtimedata.obj                    3222    0         3836   
       can_driver.obj                     1989    264       4135   
       pdu_manager.obj                    469     451       2904   
       bu_board.obj                       1866    128       625    
       flash_driver.obj                   1194    384       1040   
       s_board_runtime_transmission.obj   1880    0         6      
       i2c_scanner.obj                    1076    135       643    
       phase_detection.obj                1343    0         18     
       timer_driver.obj                   579     72        38     
       isr.obj                            664     0         0      
       m_board.obj                        573     64        14     
       runtime.obj                        15      0         488    
       time_slot.obj                      355     72        6      
       i2c_sboard.obj                     209     135       13     
       s_board_runtime_timing.obj         153     140       6      
    +--+----------------------------------+-------+---------+---------+
       Total:                             20633   2465      30430  
                                                                   
    .\BU Firmware Upgrade\
       fw_bu_image_rx.obj                 922     512       4198   
       fw_bu_master.obj                   843     0         25     
    +--+----------------------------------+-------+---------+---------+
       Total:                             1765    512       4223   
                                                                   
    .\Firmware Upgrade\
       fw_image_rx.obj                    2112    512       4204   
       fw_update_flash.obj                198     0         0      
    +--+----------------------------------+-------+---------+---------+
       Total:                             2310    512       4204   
                                                                   
    .\THD_Module\
       thd_adc_driver.obj                 256     136       6148   
       thd_signal_processing.obj          443     0         0      
       thd_analyzer.obj                   339     0         0      
    +--+----------------------------------+-------+---------+---------+
       Total:                             1038    136       6148   
                                                                   
    .\device\
       device.obj                         519     89        0      
       f28p55x_codestartbranch.obj        10      0         0      
    +--+----------------------------------+-------+---------+---------+
       Total:                             529     89        0      
                                                                   
    .\metrology\
       metrology_calculations.obj         1449    0         0      
       metrology_background.obj           1344    4         2      
       metrology_fir_table.obj            0       1024      0      
       metrology_setup.obj                415     0         0      
       metrology_foreground.obj           142     0         0      
    +--+----------------------------------+-------+---------+---------+
       Total:                             3350    1028      2      
                                                                   
    .\src\
       fw_mode.obj                        726     0         76     
    +--+----------------------------------+-------+---------+---------+
       Total:                             726     0         76     
                                                                   
    .\syscfg\
       board.obj                          2089    280       0      
       c2000ware_libraries.obj            122     0         14     
    +--+----------------------------------+-------+---------+---------+
       Total:                             2211    280       14     
                                                                   
    ../driverlib.lib
       mcan.obj                           2686    76        48     
       sysctl.obj                         1350    154       0      
       gpio.obj                           511     152       0      
       flash.obj                          434     155       0      
       interrupt.obj                      419     81        0      
       dma.obj                            344     151       0      
       i2c.obj                            232     75        0      
       adc.obj                            93      151       0      
       pga.obj                            156     75        0      
       cputimer.obj                       42      80        0      
       asysctl.obj                        29      79        0      
    +--+----------------------------------+-------+---------+---------+
       Total:                             6296    1229      48     
                                                                   
    C:/ti/c2000/C2000Ware_5_04_00_00/libraries/flash_api/f28p55x/lib/FAPI_F28P55x_EABI_v4.00.00.lib
       Program.obj                        786     0         0      
       Init.obj                           756     0         0      
       Read.obj                           340     0         0      
       FlashStateMachine.obj              322     0         0      
       Async.obj                          320     0         0      
       Utilities.obj                      310     0         0      
       BlankCheck.obj                     156     0         0      
       Verify.obj                         112     0         0      
    +--+----------------------------------+-------+---------+---------+
       Total:                             3102    0         0      
                                                                   
    C:\ti\c2000\C2000Ware_5_04_00_00\libraries\dsp\FPU\c28\lib\c28x_fpu_dsp_library_eabi.lib
       RFFT_f32.obj                       285     0         0      
       RFFT_f32_sincostable.obj           108     0         0      
       RFFT_f32_mag_TMU0.obj              78      0         0      
    +--+----------------------------------+-------+---------+---------+
       Total:                             471     0         0      
                                                                   
    C:\ti\c2000\C2000Ware_5_04_00_00\libraries\math\FPUfastRTS\c28\lib\rts2800_fpu32_fast_supplement_eabi.lib
       FPUmathTables.obj                  0       3352      0      
       cos_f32.obj                        52      0         0      
       sin_f32.obj                        52      0         0      
       sqrt_f32.obj                       33      0         0      
       div_f32.obj                        25      0         0      
    +--+----------------------------------+-------+---------+---------+
       Total:                             162     3352      0      
                                                                   
    C:\ti\ccs1281\ccs\tools\compiler\ti-cgt-c2000_22.6.1.LTS\lib\rts2800_fpu32_eabi.lib
       e_hypotf.c.obj                     234     0         0      
       s_floorf.c.obj                     89      0         0      
       copy_decompress_lzss.c.obj         48      0         0      
       exit.c.obj                         41      0         6      
       autoinit.c.obj                     43      0         0      
       l_div28.asm.obj                    42      0         0      
       i_div28.asm.obj                    34      0         0      
       memcpy.c.obj                       29      0         0      
       boot28.asm.obj                     23      0         0      
       _lock.c.obj                        9       0         4      
       args_main.c.obj                    12      0         0      
       copy_decompress_none.c.obj         8       0         0      
       memset.c.obj                       7       0         0      
       copy_zero_init.c.obj               6       0         0      
       pre_init.c.obj                     2       0         0      
       startup.c.obj                      1       0         0      
    +--+----------------------------------+-------+---------+---------+
       Total:                             628     0         10     
                                                                   
       Stack:                             0       0         512    
       Linker Generated:                  0       272       0      
    +--+----------------------------------+-------+---------+---------+
       Grand Total:                       43221   9875      45667  


LINKER GENERATED COPY TABLES

__TI_cinit_table @ 0008dbc4 records: 17, size/record: 4, table size: 68
	.data: load addr=0008daf8, load size=00000086 bytes, run addr=0000a800, run size=000001fc bytes, compression=lzss
	.bss.1: load addr=0008db84, load size=00000004 bytes, run addr=00008800, run size=000003cf bytes, compression=zero_init
	.bss.2: load addr=0008db88, load size=00000004 bytes, run addr=00008c00, run size=00000389 bytes, compression=zero_init
[...]
0     0000e107  bufferCount10                         
0     0000e108  dwMathWordBuff                        
0     0000e10a  dwMathWordBuff1                       
0     0000e10c  gAppHandle                            
0     0000e140  updatedData                           
0     0000e200  nvParams                              
0     0000e300  gMetrologyWorkingData                 
0     0000fb1c  Buffer                                
0     0000ff1c  softwareTimers                        
0     0000ff3c  datasize                              
0     0000ff3e  missingFrames                         
0     0000ffa2  boardAckStatus                        
0     0000ffea  runtimeMessagePending                 
0     00010000  adcBufferB                            
0     00010100  g_adcState                            
0     00011904  rxMsg                                 
0     00011ffa  sBoardRuntimeTx                       
0     00012000  AdcRawBuffers                         
0     00013800  rxFIFO0Msg                            
0     00013f6c  discoveredBoardsInfo                  
0     00013f9c  frameReceivedMask                     
0     00013faa  ADCResults                            
0     00013fb6  buBoardVersion                        
0     00013fc2  myRFFT0_obj                           
0     00013fce  vRY                                   
0     00013fd0  vYB                                   
0     00013fd2  vBR                                   
0     00013fd4  v_alpha                               
0     00013fd6  v_beta                                
0     00013fd8  cross                                 
0     00014000  RFFTin1Buff                           
0     00014200  RFFToutBuff                           
0     00014400  RFFTmagBuff                           
0     00014508  RFFTphBuff                            
0     00016640  sBoardRuntimeData                     
0     0001750a  rxFIFO0MsgB                           
0     000179f6  receivedBuffer                        
0     00017df6  RFFTTwiddleCoef                       
0     00082000  code_start                            
0     00082008  FPUmathTablesLoadStart                
0     000833b8  populateInputParameters               
0     00083940  populateOutputParameters              
0     00083e87  Metrology_perSampleProcessing         
0     0008428e  MCANIntr1ISR                          
0     00084520  main                                  
0     000847b2  MCAN_msgRAMConfig                     
0     00084974  sendSBoardOutputParamFrame1           
0     00084b0e  MCANAConfig                           
0     00084ca5  sendSBoardInputParamFrame1            
0     00084e1b  startup                               
0     00084f91  MCANBConfig                           
0     000850fc  sendSBoardInputParamFrame2            
0     0008525e  sendSBoardOutputParamFrame2           
0     000853b4  I2C_Scanner_probeDevice               
0     000854eb  checkSagSwellEvents                   
0     00085622  SysCtl_setClock                       
0     00085867  FFR_init                              
0     00085868  RFFT_f32                              
0     00085871  _rfft_f32_Stages1and2and3andBitReverse
0     000858dd  _rfft_f32_Stages4andUp                
0     00085985  sendSBoardBranchFramesToMBoard        
0     00085a9a  processBURuntimeFrame                 
0     00085ba6  sendBoardCalibrationData              
0     00085db5  SysCtl_isPLLValid                     
0     00085eb3  myADC0_init                           
0     00085fb0  FW_BuMaster_process                   
0     000860a3  MCAN_init                             
0     00086193  GPIO_setAnalogMode                    
0     0008627e  hypotf                                
0     00086368  Metrology_alignwithNVData             
0     00086524  Device_enableAllPeripherals           
0     000865fc  PhaseDetection_voltageUnbalance       
0     000866d3  PhaseDetection_voltageLack            
0     000867a2  Device_init                           
0     00086867  EPWM_init                             
0     00086923  sendCalibrationDataToMBoard           
0     000869dd  sendSingleVoltageFrame                
0     00086a97  MCAN_setBitTime                       
0     00086b50  logPhaseParameters                    
0     00086c03  processBUFrameInISR                   
0     00086cb6  DMA_configMode                        
0     00086d53  THD_SP_estimateFrequency              
0     00086def  FW_ImageRx_process                    
0     00086e89  handleMissingFrames                   
0     00086f22  App_calculateMetrologyParameters      
0     00087052  MCAN_readMsgRam                       
0     000870ea  PinMux_init                           
0     00087181  PhaseDetection_phaseSequenceISR       
0     0008733b  PhaseDetection_phaseLoss              
0     000873cc  calculateFundamentalRMSVoltage        
0     0008745c  THD_processChannel                    
0     000874e8  THD_init                              
0     00087571  get_debugData                         
0     000875f9  Metrology_calculatePhaseReadings      
0     00087680  calculateFundamentalActivePower       
0     00087705  calculateFundamentalReactivePower     
0     0008778a  INT_I2CA_ISR                          
0     0008790f  FW_BuImageRx_process                  
0     0008798d  validateCalibrationGains              
0     00087a0b  sendBoardCalibrationDataWithRetry     
0     00087a88  MCAN_getRxFIFOStatus                  
0     00087b00  resetCANModule                        
0     00087c62  THD_SP_calculateTHD                   
0     00087dbd  FW_BuMaster_sendStatusReply           
0     00087ea3  MCAN_getProtocolStatus                
0     00087f15  PhaseDetection_computeCrestFactors    
0     00087f86  prepareFramesForTransmission          
0     00087ff7  updateReceivedBuffer                  
0     000881b6  PhaseDetection_crestFactorF           
0     00088225  timerSystemTick                       
0     00088293  sendAllPhaseVoltages                  
0     00088300  RFFT_f32_sincostable                  
0     0008836c  FW_sendDebug                          
0     000883d7  copyFlashToBUBoards                   
0     00088441  sendBUFrameAck                        
0     000884aa  calculateMainsfrequency               
0     00088512  writeDefaultCalibrationValues         
0     00088579  Metrology_initNVData                  
0     000885de  SysCtl_getClock                       
0     00088643  ClearRxFIFOBuffer                     
0     000886a7  I2C_initController                    
0     0008876e  calibDataUpdateFailAck                
0     000887cf  calibDataUpdateSuccessAck             
0     00088830  erasedBank4Ack                        
0     00088891  flashWriteEnabledAck                  
0     000888f2  maxRetriesExceeded                    
0     00088953  sendCalibrationDataFormatVersion      
0     000889b4  writtenDefaultCalibrationValuesAck    
0     00088a15  calculateReactivePower                
0     00088a75  initADC_DMA                           
0     00088ad5  canTxTimeoutReset                     
0     00088b32  calculateActivePower                  
0     00088b8d  sendMissingFrames                     
0     00088be8  MCAN_writeRxFIFOAck                   
0     00088c42  sendDiscoveryResponseAck              
0     00088c9c  calculateCycleRMSVoltage              
0     00088cf5  floorf                                
0     00088d4e  relayCommandToBUBoards                
0     00088da6  MCAN_writeMsgRam                      
0     00088e54  processReceivedCalibrationData        
0     00088eab  copyRxFIFO                            
0     00088f01  calculateRMSCurrent                   
0     00088f56  FwMode_recordBuResult                 
0     00088faa  copyBUBoardsToWorkingStructure        
0     000890a4  GPIO_setPadConfig                     
0     000890f6  calculateRMSVoltage                   
0     00089148  sendDiscoveryStartMessage             
0     0008919a  sendDiscoveryStopMessage              
0     0008928e  I2C_Scanner_ISR                       
0     000892de  I2C_Scanner_init                      
0     0008932d  MCAN_addStdMsgIDFilter                
0     0008937c  Interrupt_disable                     
0     000893ca  RFFT_f32_mag_TMU0                     
0     00089418  eraseBank4                            
0     00089500  Metrology_setPhaseCorrection          
0     00089599  sBoardSuspendNormalMode               
0     000895e4  canTxWaitBufComplete                  
0     000896c0  processBUAcknowledgment               
0     00089709  sBoardResumeNormalMode                
0     00089799  SysCtl_selectOscSource                
0     00089826  SysCtl_selectXTAL                     
0     0008986c  canTxWaitComplete                     
0     000898f7  findReadAndWriteAddress               
0     0008993c  sendSingleSBoardRuntimeFrame          
0     00089981  PGA_setOffsetTrimPMOS                 
0     000899c5  initRuntimeDataCollection             
0     00089a09  processBUMessages                     
0     00089a4c  sendDiscoveryStartAck                 
0     00089a8f  sendStopCalibrationAck                
0     00089ad2  sendStopCalibrationToBUBoards         
0     00089b15  logNeutralParameters                  
0     00089b57  PGA_setOffsetTrimNMOS                 
0     00089bd8  FW_BuMaster_start                     
0     00089c18  FwMode_tick                           
0     00089c58  THD_SP_removeDCOffset                 
0     00089c98  INT_Cputimer_ISR                      
0     00089cd7  calculateFundamentalRMSCurrent        
0     00089d16  ADC_setVREF                           
0     00089d92  TimeSlot_init                         
0     00089dd0  myADC1_init                           
0     00089e88  Interrupt_initModule                  
0     00089ec5  startSoftwareTimer                    
0     00089f02  DMA_configTransfer                    
0     0008a063  finalizeBUDiscovery                   
0     0008a09d  handleBUAcknowledgment                
0     0008a0d6  eraseSectorOrFindEmptySector          
0     0008a10e  DMA_configBurst                       
0     0008a17c  GPIO_setPinConfig                     
0     0008a1b3  GPIO_setQualificationMode             
0     0008a1ea  Interrupt_enable                      
0     0008a221  myRFFT0_init                          
0     0008a258  initTimerSystem                       
0     0008a28e  initMsTick                            
0     0008a2c2  cosf                                  
0     0008a2f6  sinf                                  
0     0008a32a  MCAN_enableIntr                       
0     0008a35d  MCAN_selectIntrLine                   
0     0008a390  enableFlashWrite                      
0     0008a3c3  resetFrameTracking                    
0     0008a3f6  handleMBoardRetransmissionRequest     
0     0008a428  GPIO_setDirectionMode                 
0     0008a48a  I2C_Scanner_scanBus                   
0     0008a4ba  __TI_decompress_lzss                  
0     0008a548  initEPWM                              
0     0008a5a5  THD_loadChannelData                   
0     0008a5d2  MCAN_txBufAddReq                      
0     0008a5fe  MCAN_txBufCancellationReq             
0     0008a62a  calculatePowerFactor                  
0     0008a656  FwMode_sendBootStatus                 
0     0008a681  __TI_auto_init_nobinit_nopinit        
0     0008a6ac  recordBoardAcknowledgment             
0     0008a6d7  I2C_enableInterrupt                   
0     0008a701  THD_SP_initWindow                     
0     0008a72b  metrology_main                        
0     0008a755  __c28xabi_divl                        
0     0008a764  __c28xabi_modl                        
0     0008a772  __c28xabi_divul                       
0     0008a779  __c28xabi_modul                       
0     0008a77f  sendPhaseVoltageBuffer                
0     0008a7a9  MCAN_enableIntrLine                   
0     0008a7fb  C$$EXIT                               
0     0008a7fb  abort                                 
0     0008a7fd  exit                                  
0     0008a89c  initDMAChannel                        
0     0008a938  myCPUTIMER0_init                      
0     0008a95e  DMA_configAddresses                   
0     0008a983  SysCtl_selectXTALSingleEnded          
0     0008a9a8  sendAllBoardsCalibrationDataWithRetry 
0     0008a9f1  I2C_clearInterruptStatus              
0     0008aa39  processBUDiscoveryResponse            
0     0008ab52  I2C_getInterruptStatus                
0     0008ab97  App_init                              
0     0008abfd  I2C_Scanner_checkBusIdle              
0     0008ac1f  THD_SP_applyWindow                    
0     0008ac41  processBURuntimeMessages              
0     0008ac63  __c28xabi_divi                        
0     0008ac74  __c28xabi_modi                        
0     0008acc7  sqrtf                                 
0     0008ae60  FW_BuImageRx_isrOnData                
0     0008ae7f  FW_ImageRx_isrOnData                  
0     0008aebd  MCAN_clearNewDataStatus               
0     0008aedc  MCAN_isMemInitDone                    
0     0008aefb  THD_SP_getDefaultConfig               
0     0008af58  processReceivedFrame                  
0     0008afd1  Interrupt_initVectorTable             
0     0008afef  ASysCtl_setAnalogReferenceInternal    
0     0008b00c  App_updateINT1                        
0     0008b029  FW_BuMaster_isrOnResponse             
0     0008b046  MCAN_getNewDataStatus                 
0     0008b063  memcpy                                
0     0008b231  Device_initGPIO                       
0     0008b2b3  MCAN_clearInterrupt                   
0     0008b2cd  SysCtl_getLowSpeedClock               
0     0008b2e7  THD_ADC_start                         
0     0008b31a  INTERRUPT_init                        
0     0008b333  MCANIntrConfig                        
0     0008b34c  MCAN_setOpMode                        
0     0008b3b0  initRuntimeTiming                     
0     0008b3e2  __c28xabi_divf                        
0     0008b414  App_updateINT0                        
0     0008b4ec  resetRuntimeFrameTracking             
0     0008b504  startNewDiscovery                     
0     0008b6a3  MCAN_getOpMode                        
0     0008b72d  _c_int00                              
0     0008b7c8  Interrupt_defaultHandler              
0     0008b7de  calculateIdcEstimate                  
0     0008b7f4  calculateVdcEstimate                  
0     0008b80a  initBUTracking                        
0     0008b820  isBoardAcknowledged                   
0     0008b95d  MCAN_clearIntrStatus                  
0     0008b99c  processSBoardRuntimeToMBoard          
0     0008b9b1  stopSoftwareTimer                     
0     0008bb56  MCAN_getMsgObjSize                    
0     0008bb6a  PhaseDetection_init                   
0     0008bba4  CPUTimer_setEmulationMode             
0     0008bbdd  FW_BuImageRx_init                     
0     0008bbf0  FwMode_isrOnCommand                   
0     0008bc9b  MCAN_getIntrStatus                    
0     0008bcae  MCAN_getTxBufReqPend                  
0     0008bcc1  Metrology_directSin                   
0     0008bcd4  initializePDUManager                  
0     0008bce7  syncBUBoardsData                      
0     0008bd66  INTERRUPT_init_i2c                    
0     0008bd9c  msTickISR                             
0     0008bdc0  Board_init                            
0     0008be37  THD_ADC_getChannelBuffer              
0     0008be48  THD_processAllChannels                
0     0008be69  FW_BuImageRx_isrOnCommand             
0     0008be79  FW_ImageRx_isrOnCommand               
0     0008bec9  Metrology_initializeCalibrationData   
0     0008bed9  calculateFundamentalApparentPower     
0     0008bf61  handleRetransmissionRequest           
0     0008bf70  initRuntimeVoltageTransmission        
0     0008bf7f  calculateApparentPower                
0     0008bfb4  Metrology_setDefaultCalibrationData   
0     0008bff5  THD_ADC_isr                           
0     0008c00f  startBUDiscovery                      
0     0008c01c  syncReadWriteToWorking                
0     0008c029  Metrology_init                        
0     0008c041  THD_ADC_init                          
0     0008c065  _args_main                            
0     0008c087  ASYSCTL_init                          
0     0008c09b  FwMode_init                           
0     0008c0a5  Interrupt_illegalOperationHandler     
0     0008c0af  Interrupt_nmiHandler                  
0     0008c0d7  SYNC_init                             
0     0008c0eb  initDiscoveryTracking                 
0     0008c0f5  restart10SecTimer                     
0     0008c0ff  startFrameSequenceTimer               
0     0008c109  startRetryTimer                       
0     0008c113  App_startDataCollection               
0     0008c125  _register_unlock                      
0     0008c129  _register_lock                        
0     0008c12d  _nop                                  
0     0008c12e  Example_Error                         
0     0008c136  FW_BuMaster_getTargetId               
0     0008c14e  THD_ADC_isBufferReady                 
0     0008c156  __TI_decompress_none                  
0     0008c166  initSBoardRuntimeToMBoard             
0     0008c16e  prepareCalibrationFramesForTx         
0     0008c184  FW_ImageRx_init                       
0     0008c199  Metrology_sagSwellDetection           
0     0008c1a0  PhaseDetection_runAll                 
0     0008c1ca  memset                                
0     0008c1d1  stop10SecTimer                        
0     0008c1d8  stopRetryTimer                        
0     0008c1eb  FW_BuMaster_init                      
0     0008c209  __TI_zero_init                        
0     0008c20f  ADC_init                              
0     0008c214  C2000Ware_libraries_init              
0     0008c219  FMSTAT_Fail                           
0     0008c21e  THD_ADC_resetAndRearm                 
0     0008c223  __error__                             
0     0008c228  startRuntimeTiming                    
0     0008c22d  Example_Done                          
0     0008c231  FW_BuImageRx_getState                 
0     0008c239  FwMode_getState                       
0     0008c23d  CPUTIMER_init                         
0     0008c240  FFT_init                              
0     0008c243  FW_BuImageRx_getImageInfo             
0     0008c249  I2C_Scanner_getResults                
0     0008c24c  timer_system_init                     
0     0008c24f  _system_pre_init                      
0     0008c251  debugInit                             
0     0008c252  _system_post_cinit                    
0     0008c258  phase_shift_fir_coeffs                
0     0008db7e  __TI_Handler_Table_Base               
0     0008db84  __TI_Handler_Table_Limit              
0     0008dbc4  __TI_CINIT_Base                       
0     0008dc08  __TI_CINIT_Limit                      
0     0008dc08  __TI_CINIT_Warm                       
abs   00000200  __TI_STACK_SIZE                       
abs   0000068c  FPUmathTablesLoadSize                 
abs   00000d1c  RamfuncsLoadSize                      
abs   00000d1c  RamfuncsRunSize                       
abs   0000c000  RamfuncsRunStart                      
abs   0000cd1c  RamfuncsRunEnd                        
abs   00082698  RamfuncsLoadStart                     
abs   000833b4  RamfuncsLoadEnd                       
abs   ffffffff  __TI_pprof_out_hndl                   
abs   ffffffff  __TI_prof_data_size                   
abs   ffffffff  __TI_prof_data_start                  
n/a   UNDEFED   __c_args__                            

[566 symbols]
