<?xml version="1.0" encoding="ISO-8859-1" ?>
<link_info>
   <banner>TMS320C2000 Linker PC v22.6.1.LTS</banner>
   <copyright>Copyright (c) 1996-2018 Texas Instruments Incorporated</copyright>
   <link_time>0x69e0bfd3</link_time>
   <link_errors>0x0</link_errors>
   <output_file>adc_ex2_soc_epwm.out</output_file>
   <entry_point>
      <name>code_start</name>
      <address>0x82000</address>
   </entry_point>
   <input_file_list>
      <input_file id="fl-2">
         <path>.\</path>
         <kind>object</kind>
         <file>adc_ex2_soc_epwm.obj</file>
         <name>adc_ex2_soc_epwm.obj</name>
      </input_file>
      <input_file id="fl-3">
         <path>.\syscfg\</path>
         <kind>object</kind>
         <file>board.obj</file>
         <name>board.obj</name>
      </input_file>
      <input_file id="fl-4">
         <path>.\syscfg\</path>
         <kind>object</kind>
         <file>c2000ware_libraries.obj</file>
         <name>c2000ware_libraries.obj</name>
      </input_file>
      <input_file id="fl-5">
         <path>.\</path>
         <kind>object</kind>
         <file>bu_board.obj</file>
         <name>bu_board.obj</name>
      </input_file>
      <input_file id="fl-6">
         <path>.\</path>
         <kind>object</kind>
         <file>can_driver.obj</file>
         <name>can_driver.obj</name>
      </input_file>
      <input_file id="fl-7">
         <path>.\</path>
         <kind>object</kind>
         <file>flash_driver.obj</file>
         <name>flash_driver.obj</name>
      </input_file>
      <input_file id="fl-8">
         <path>.\</path>
         <kind>object</kind>
         <file>i2c_sboard.obj</file>
         <name>i2c_sboard.obj</name>
      </input_file>
      <input_file id="fl-9">
         <path>.\</path>
         <kind>object</kind>
         <file>i2c_scanner.obj</file>
         <name>i2c_scanner.obj</name>
      </input_file>
      <input_file id="fl-a">
         <path>.\</path>
         <kind>object</kind>
         <file>isr.obj</file>
         <name>isr.obj</name>
      </input_file>
      <input_file id="fl-b">
         <path>.\</path>
         <kind>object</kind>
         <file>m_board.obj</file>
         <name>m_board.obj</name>
      </input_file>
      <input_file id="fl-c">
         <path>.\</path>
         <kind>object</kind>
         <file>metro.obj</file>
         <name>metro.obj</name>
      </input_file>
      <input_file id="fl-d">
         <path>.\</path>
         <kind>object</kind>
         <file>pdu_manager.obj</file>
         <name>pdu_manager.obj</name>
      </input_file>
      <input_file id="fl-e">
         <path>.\</path>
         <kind>object</kind>
         <file>phase_detection.obj</file>
         <name>phase_detection.obj</name>
      </input_file>
      <input_file id="fl-f">
         <path>.\</path>
         <kind>object</kind>
         <file>runtime.obj</file>
         <name>runtime.obj</name>
      </input_file>
      <input_file id="fl-10">
         <path>.\</path>
         <kind>object</kind>
         <file>runtimedata.obj</file>
         <name>runtimedata.obj</name>
      </input_file>
      <input_file id="fl-11">
         <path>.\</path>
         <kind>object</kind>
         <file>s_board_adc.obj</file>
         <name>s_board_adc.obj</name>
      </input_file>
      <input_file id="fl-12">
         <path>.\</path>
         <kind>object</kind>
         <file>s_board_runtime_timing.obj</file>
         <name>s_board_runtime_timing.obj</name>
      </input_file>
      <input_file id="fl-13">
         <path>.\</path>
         <kind>object</kind>
         <file>s_board_runtime_transmission.obj</file>
         <name>s_board_runtime_transmission.obj</name>
      </input_file>
      <input_file id="fl-14">
         <path>.\</path>
         <kind>object</kind>
         <file>time_slot.obj</file>
         <name>time_slot.obj</name>
      </input_file>
      <input_file id="fl-15">
         <path>.\</path>
         <kind>object</kind>
         <file>timer_driver.obj</file>
         <name>timer_driver.obj</name>
      </input_file>
      <input_file id="fl-16">
         <path>.\BU Firmware Upgrade\</path>
         <kind>object</kind>
         <file>fw_bu_image_rx.obj</file>
         <name>fw_bu_image_rx.obj</name>
      </input_file>
      <input_file id="fl-17">
         <path>.\BU Firmware Upgrade\</path>
         <kind>object</kind>
         <file>fw_bu_master.obj</file>
         <name>fw_bu_master.obj</name>
      </input_file>
      <input_file id="fl-18">
         <path>.\Firmware Upgrade\</path>
         <kind>object</kind>
         <file>fw_image_rx.obj</file>
         <name>fw_image_rx.obj</name>
      </input_file>
      <input_file id="fl-19">
         <path>.\Firmware Upgrade\</path>
         <kind>object</kind>
         <file>fw_update_flash.obj</file>
         <name>fw_update_flash.obj</name>
      </input_file>
      <input_file id="fl-1a">
         <path>.\THD_Module\</path>
         <kind>object</kind>
         <file>thd_adc_driver.obj</file>
         <name>thd_adc_driver.obj</name>
      </input_file>
      <input_file id="fl-1b">
         <path>.\THD_Module\</path>
         <kind>object</kind>
         <file>thd_analyzer.obj</file>
         <name>thd_analyzer.obj</name>
      </input_file>
      <input_file id="fl-1c">
         <path>.\THD_Module\</path>
         <kind>object</kind>
         <file>thd_signal_processing.obj</file>
         <name>thd_signal_processing.obj</name>
      </input_file>
      <input_file id="fl-1d">
         <path>.\device\</path>
         <kind>object</kind>
         <file>device.obj</file>
         <name>device.obj</name>
      </input_file>
      <input_file id="fl-1e">
         <path>.\device\</path>
         <kind>object</kind>
         <file>f28p55x_codestartbranch.obj</file>
         <name>f28p55x_codestartbranch.obj</name>
      </input_file>
      <input_file id="fl-1f">
         <path>.\metrology\</path>
         <kind>object</kind>
         <file>fft.obj</file>
         <name>fft.obj</name>
      </input_file>
      <input_file id="fl-20">
         <path>.\metrology\</path>
         <kind>object</kind>
         <file>metrology_background.obj</file>
         <name>metrology_background.obj</name>
      </input_file>
      <input_file id="fl-21">
         <path>.\metrology\</path>
         <kind>object</kind>
         <file>metrology_calculations.obj</file>
         <name>metrology_calculations.obj</name>
      </input_file>
      <input_file id="fl-22">
         <path>.\metrology\</path>
         <kind>object</kind>
         <file>metrology_fir_table.obj</file>
         <name>metrology_fir_table.obj</name>
      </input_file>
      <input_file id="fl-23">
         <path>.\metrology\</path>
         <kind>object</kind>
         <file>metrology_foreground.obj</file>
         <name>metrology_foreground.obj</name>
      </input_file>
      <input_file id="fl-24">
         <path>.\metrology\</path>
         <kind>object</kind>
         <file>metrology_setup.obj</file>
         <name>metrology_setup.obj</name>
      </input_file>
      <input_file id="fl-2f">
         <kind>object</kind>
         <file>&lt;internal&gt;</file>
         <name>&lt;internal&gt;</name>
      </input_file>
      <input_file id="fl-30">
         <path>C:\ti\c2000\C2000Ware_5_04_00_00\libraries\flash_api\f28p55x\lib\</path>
         <kind>archive</kind>
         <file>FAPI_F28P55x_EABI_v4.00.00.lib</file>
         <name>Async.obj</name>
      </input_file>
      <input_file id="fl-31">
         <path>C:\ti\c2000\C2000Ware_5_04_00_00\libraries\flash_api\f28p55x\lib\</path>
         <kind>archive</kind>
         <file>FAPI_F28P55x_EABI_v4.00.00.lib</file>
         <name>Program.obj</name>
      </input_file>
      <input_file id="fl-32">
         <path>C:\ti\c2000\C2000Ware_5_04_00_00\libraries\flash_api\f28p55x\lib\</path>
         <kind>archive</kind>
         <file>FAPI_F28P55x_EABI_v4.00.00.lib</file>
         <name>BlankCheck.obj</name>
      </input_file>
      <input_file id="fl-33">
         <path>C:\ti\c2000\C2000Ware_5_04_00_00\libraries\flash_api\f28p55x\lib\</path>
         <kind>archive</kind>
         <file>FAPI_F28P55x_EABI_v4.00.00.lib</file>
         <name>Read.obj</name>
      </input_file>
      <input_file id="fl-34">
         <path>C:\ti\c2000\C2000Ware_5_04_00_00\libraries\flash_api\f28p55x\lib\</path>
         <kind>archive</kind>
         <file>FAPI_F28P55x_EABI_v4.00.00.lib</file>
         <name>Verify.obj</name>
      </input_file>
      <input_file id="fl-35">
         <path>C:\ti\c2000\C2000Ware_5_04_00_00\libraries\flash_api\f28p55x\lib\</path>
         <kind>archive</kind>
         <file>FAPI_F28P55x_EABI_v4.00.00.lib</file>
         <name>FlashStateMachine.obj</name>
      </input_file>
      <input_file id="fl-36">
         <path>C:\ti\c2000\C2000Ware_5_04_00_00\libraries\flash_api\f28p55x\lib\</path>
         <kind>archive</kind>
         <file>FAPI_F28P55x_EABI_v4.00.00.lib</file>
         <name>Init.obj</name>
      </input_file>
      <input_file id="fl-37">
         <path>C:\ti\c2000\C2000Ware_5_04_00_00\libraries\flash_api\f28p55x\lib\</path>
         <kind>archive</kind>
         <file>FAPI_F28P55x_EABI_v4.00.00.lib</file>
         <name>Utilities.obj</name>
      </input_file>
      <input_file id="fl-38">
         <path>..\</path>
         <kind>archive</kind>
         <file>driverlib.lib</file>
         <name>adc.obj</name>
      </input_file>
      <input_file id="fl-39">
         <path>..\</path>
         <kind>archive</kind>
         <file>driverlib.lib</file>
         <name>asysctl.obj</name>
      </input_file>
      <input_file id="fl-3a">
         <path>..\</path>
         <kind>archive</kind>
         <file>driverlib.lib</file>
         <name>cputimer.obj</name>
      </input_file>
      <input_file id="fl-3b">
         <path>..\</path>
         <kind>archive</kind>
         <file>driverlib.lib</file>
         <name>dcc.obj</name>
      </input_file>
      <input_file id="fl-3c">
         <path>..\</path>
         <kind>archive</kind>
         <file>driverlib.lib</file>
         <name>dma.obj</name>
      </input_file>
      <input_file id="fl-3d">
         <path>..\</path>
         <kind>archive</kind>
         <file>driverlib.lib</file>
         <name>flash.obj</name>
      </input_file>
      <input_file id="fl-3e">
         <path>..\</path>
         <kind>archive</kind>
         <file>driverlib.lib</file>
         <name>gpio.obj</name>
      </input_file>
      <input_file id="fl-3f">
         <path>..\</path>
         <kind>archive</kind>
         <file>driverlib.lib</file>
         <name>i2c.obj</name>
      </input_file>
      <input_file id="fl-40">
         <path>..\</path>
         <kind>archive</kind>
         <file>driverlib.lib</file>
         <name>interrupt.obj</name>
      </input_file>
      <input_file id="fl-41">
         <path>..\</path>
         <kind>archive</kind>
         <file>driverlib.lib</file>
         <name>mcan.obj</name>
      </input_file>
      <input_file id="fl-42">
         <path>..\</path>
         <kind>archive</kind>
         <file>driverlib.lib</file>
         <name>pga.obj</name>
      </input_file>
      <input_file id="fl-43">
         <path>..\</path>
         <kind>archive</kind>
         <file>driverlib.lib</file>
         <name>sysctl.obj</name>
      </input_file>
      <input_file id="fl-47">
         <path>C:\ti\c2000\C2000Ware_5_04_00_00\libraries\dsp\FPU\c28\lib\</path>
         <kind>archive</kind>
         <file>c28x_fpu_dsp_library_eabi.lib</file>
         <name>RFFT_f32.obj</name>
      </input_file>
      <input_file id="fl-48">
         <path>C:\ti\c2000\C2000Ware_5_04_00_00\libraries\dsp\FPU\c28\lib\</path>
         <kind>archive</kind>
         <file>c28x_fpu_dsp_library_eabi.lib</file>
         <name>RFFT_f32_mag_TMU0.obj</name>
      </input_file>
      <input_file id="fl-49">
         <path>C:\ti\c2000\C2000Ware_5_04_00_00\libraries\dsp\FPU\c28\lib\</path>
         <kind>archive</kind>
         <file>c28x_fpu_dsp_library_eabi.lib</file>
         <name>RFFT_f32_sincostable.obj</name>
      </input_file>
      <input_file id="fl-4d">
         <path>C:\ti\c2000\C2000Ware_5_04_00_00\libraries\math\FPUfastRTS\c28\lib\</path>
         <kind>archive</kind>
         <file>rts2800_fpu32_fast_supplement_eabi.lib</file>
         <name>atan2_f32.obj</name>
      </input_file>
      <input_file id="fl-4e">
         <path>C:\ti\c2000\C2000Ware_5_04_00_00\libraries\math\FPUfastRTS\c28\lib\</path>
         <kind>archive</kind>
         <file>rts2800_fpu32_fast_supplement_eabi.lib</file>
         <name>cos_f32.obj</name>
      </input_file>
      <input_file id="fl-4f">
         <path>C:\ti\c2000\C2000Ware_5_04_00_00\libraries\math\FPUfastRTS\c28\lib\</path>
         <kind>archive</kind>
         <file>rts2800_fpu32_fast_supplement_eabi.lib</file>
         <name>div_f32.obj</name>
      </input_file>
      <input_file id="fl-50">
         <path>C:\ti\c2000\C2000Ware_5_04_00_00\libraries\math\FPUfastRTS\c28\lib\</path>
         <kind>archive</kind>
         <file>rts2800_fpu32_fast_supplement_eabi.lib</file>
         <name>sin_f32.obj</name>
      </input_file>
      <input_file id="fl-51">
         <path>C:\ti\c2000\C2000Ware_5_04_00_00\libraries\math\FPUfastRTS\c28\lib\</path>
         <kind>archive</kind>
         <file>rts2800_fpu32_fast_supplement_eabi.lib</file>
         <name>sqrt_f32.obj</name>
      </input_file>
      <input_file id="fl-52">
         <path>C:\ti\c2000\C2000Ware_5_04_00_00\libraries\math\FPUfastRTS\c28\lib\</path>
         <kind>archive</kind>
         <file>rts2800_fpu32_fast_supplement_eabi.lib</file>
         <name>FPUmathTables.obj</name>
      </input_file>
      <input_file id="fl-5e">
         <path>C:\ti\ccs1281\ccs\tools\compiler\ti-cgt-c2000_22.6.1.LTS\lib\</path>
         <kind>archive</kind>
         <file>rts2800_fpu32_eabi.lib</file>
         <name>s_floorf.c.obj</name>
      </input_file>
      <input_file id="fl-5f">
         <path>C:\ti\ccs1281\ccs\tools\compiler\ti-cgt-c2000_22.6.1.LTS\lib\</path>
         <kind>archive</kind>
         <file>rts2800_fpu32_eabi.lib</file>
         <name>e_hypotf.c.obj</name>
      </input_file>
      <input_file id="fl-60">
         <path>C:\ti\ccs1281\ccs\tools\compiler\ti-cgt-c2000_22.6.1.LTS\lib\</path>
         <kind>archive</kind>
         <file>rts2800_fpu32_eabi.lib</file>
         <name>boot28.asm.obj</name>
      </input_file>
      <input_file id="fl-61">
         <path>C:\ti\ccs1281\ccs\tools\compiler\ti-cgt-c2000_22.6.1.LTS\lib\</path>
         <kind>archive</kind>
         <file>rts2800_fpu32_eabi.lib</file>
         <name>ll_aox28.asm.obj</name>
      </input_file>
      <input_file id="fl-62">
         <path>C:\ti\ccs1281\ccs\tools\compiler\ti-cgt-c2000_22.6.1.LTS\lib\</path>
         <kind>archive</kind>
         <file>rts2800_fpu32_eabi.lib</file>
         <name>ll_cmp28.asm.obj</name>
      </input_file>
      <input_file id="fl-63">
         <path>C:\ti\ccs1281\ccs\tools\compiler\ti-cgt-c2000_22.6.1.LTS\lib\</path>
         <kind>archive</kind>
         <file>rts2800_fpu32_eabi.lib</file>
         <name>i_div28.asm.obj</name>
      </input_file>
      <input_file id="fl-64">
         <path>C:\ti\ccs1281\ccs\tools\compiler\ti-cgt-c2000_22.6.1.LTS\lib\</path>
         <kind>archive</kind>
         <file>rts2800_fpu32_eabi.lib</file>
         <name>l_div28.asm.obj</name>
      </input_file>
      <input_file id="fl-65">
         <path>C:\ti\ccs1281\ccs\tools\compiler\ti-cgt-c2000_22.6.1.LTS\lib\</path>
         <kind>archive</kind>
         <file>rts2800_fpu32_eabi.lib</file>
         <name>fs_tofdfpu32.asm.obj</name>
      </input_file>
      <input_file id="fl-66">
         <path>C:\ti\ccs1281\ccs\tools\compiler\ti-cgt-c2000_22.6.1.LTS\lib\</path>
         <kind>archive</kind>
         <file>rts2800_fpu32_eabi.lib</file>
         <name>fd_tofsfpu32.asm.obj</name>
      </input_file>
      <input_file id="fl-67">
         <path>C:\ti\ccs1281\ccs\tools\compiler\ti-cgt-c2000_22.6.1.LTS\lib\</path>
         <kind>archive</kind>
         <file>rts2800_fpu32_eabi.lib</file>
         <name>memcpy.c.obj</name>
      </input_file>
      <input_file id="fl-68">
         <path>C:\ti\ccs1281\ccs\tools\compiler\ti-cgt-c2000_22.6.1.LTS\lib\</path>
         <kind>archive</kind>
         <file>rts2800_fpu32_eabi.lib</file>
         <name>pre_init.c.obj</name>
      </input_file>
      <input_file id="fl-69">
         <path>C:\ti\ccs1281\ccs\tools\compiler\ti-cgt-c2000_22.6.1.LTS\lib\</path>
         <kind>archive</kind>
         <file>rts2800_fpu32_eabi.lib</file>
         <name>autoinit.c.obj</name>
      </input_file>
      <input_file id="fl-6a">
         <path>C:\ti\ccs1281\ccs\tools\compiler\ti-cgt-c2000_22.6.1.LTS\lib\</path>
         <kind>archive</kind>
         <file>rts2800_fpu32_eabi.lib</file>
         <name>copy_zero_init.c.obj</name>
      </input_file>
      <input_file id="fl-6b">
         <path>C:\ti\ccs1281\ccs\tools\compiler\ti-cgt-c2000_22.6.1.LTS\lib\</path>
         <kind>archive</kind>
         <file>rts2800_fpu32_eabi.lib</file>
         <name>copy_decompress_none.c.obj</name>
      </input_file>
      <input_file id="fl-6c">
         <path>C:\ti\ccs1281\ccs\tools\compiler\ti-cgt-c2000_22.6.1.LTS\lib\</path>
         <kind>archive</kind>
         <file>rts2800_fpu32_eabi.lib</file>
         <name>copy_decompress_lzss.c.obj</name>
      </input_file>
      <input_file id="fl-6d">
         <path>C:\ti\ccs1281\ccs\tools\compiler\ti-cgt-c2000_22.6.1.LTS\lib\</path>
         <kind>archive</kind>
         <file>rts2800_fpu32_eabi.lib</file>
         <name>exit.c.obj</name>
      </input_file>
      <input_file id="fl-6e">
         <path>C:\ti\ccs1281\ccs\tools\compiler\ti-cgt-c2000_22.6.1.LTS\lib\</path>
         <kind>archive</kind>
         <file>rts2800_fpu32_eabi.lib</file>
         <name>_lock.c.obj</name>
      </input_file>
      <input_file id="fl-6f">
         <path>C:\ti\ccs1281\ccs\tools\compiler\ti-cgt-c2000_22.6.1.LTS\lib\</path>
         <kind>archive</kind>
         <file>rts2800_fpu32_eabi.lib</file>
         <name>args_main.c.obj</name>
      </input_file>
      <input_file id="fl-70">
         <path>C:\ti\ccs1281\ccs\tools\compiler\ti-cgt-c2000_22.6.1.LTS\lib\</path>
         <kind>archive</kind>
         <file>rts2800_fpu32_eabi.lib</file>
         <name>memset.c.obj</name>
      </input_file>
      <input_file id="fl-71">
         <path>C:\ti\ccs1281\ccs\tools\compiler\ti-cgt-c2000_22.6.1.LTS\lib\</path>
         <kind>archive</kind>
         <file>rts2800_fpu32_eabi.lib</file>
         <name>cpy_tbl.c.obj</name>
      </input_file>
      <input_file id="fl-72">
         <path>C:\ti\ccs1281\ccs\tools\compiler\ti-cgt-c2000_22.6.1.LTS\lib\</path>
         <kind>archive</kind>
         <file>rts2800_fpu32_eabi.lib</file>
         <name>startup.c.obj</name>
      </input_file>
   </input_file_list>
   <object_component_list>
      <object_component id="oc-28">
         <name>codestart</name>
         <load_address>0x82000</load_address>
         <run_address>0x82000</run_address>
         <size>0x2</size>
         <input_file_ref idref="fl-1e"/>
      </object_component>
      <object_component id="oc-105">
         <name>.text:Metrology_perSampleProcessing</name>
         <load_address>0x83278</load_address>
         <run_address>0x83278</run_address>
         <size>0x407</size>
         <input_file_ref idref="fl-20"/>
      </object_component>
      <object_component id="oc-72">
         <name>.text:MCANIntr1ISR</name>
         <load_address>0x8367f</load_address>
         <run_address>0x8367f</run_address>
         <size>0x26d</size>
         <input_file_ref idref="fl-a"/>
      </object_component>
      <object_component id="oc-7b3">
         <name>.text:MCAN_msgRAMConfig</name>
         <load_address>0x838ec</load_address>
         <run_address>0x838ec</run_address>
         <size>0x1c2</size>
         <input_file_ref idref="fl-41"/>
      </object_component>
      <object_component id="oc-62b">
         <name>.text:MCANAConfig</name>
         <load_address>0x83aae</load_address>
         <run_address>0x83aae</run_address>
         <size>0x197</size>
         <input_file_ref idref="fl-6"/>
      </object_component>
      <object_component id="oc-655">
         <name>.text:MCANBConfig</name>
         <load_address>0x83c45</load_address>
         <run_address>0x83c45</run_address>
         <size>0x16b</size>
         <input_file_ref idref="fl-6"/>
      </object_component>
      <object_component id="oc-740">
         <name>.text:SysCtl_setClock</name>
         <load_address>0x83db0</load_address>
         <run_address>0x83db0</run_address>
         <size>0x123</size>
         <input_file_ref idref="fl-43"/>
      </object_component>
      <object_component id="oc-4df">
         <name>.text:MCAN_writeMsg</name>
         <load_address>0x83ed3</load_address>
         <run_address>0x83ed3</run_address>
         <size>0x122</size>
         <input_file_ref idref="fl-41"/>
      </object_component>
      <object_component id="oc-1fc">
         <name>.text:processBURuntimeFrame</name>
         <load_address>0x83ff5</load_address>
         <run_address>0x83ff5</run_address>
         <size>0x10c</size>
         <input_file_ref idref="fl-10"/>
      </object_component>
      <object_component id="oc-3f3">
         <name>.text:MCAN_readMsg</name>
         <load_address>0x84101</load_address>
         <run_address>0x84101</run_address>
         <size>0x107</size>
         <input_file_ref idref="fl-41"/>
      </object_component>
      <object_component id="oc-8b9">
         <name>.text:SysCtl_isPLLValid</name>
         <load_address>0x84208</load_address>
         <run_address>0x84208</run_address>
         <size>0xfe</size>
         <input_file_ref idref="fl-43"/>
      </object_component>
      <object_component id="oc-5d4">
         <name>.text:FW_BuMaster_process</name>
         <load_address>0x84306</load_address>
         <run_address>0x84306</run_address>
         <size>0xf3</size>
         <input_file_ref idref="fl-17"/>
      </object_component>
      <object_component id="oc-7a7">
         <name>.text:MCAN_init</name>
         <load_address>0x843f9</load_address>
         <run_address>0x843f9</run_address>
         <size>0xf0</size>
         <input_file_ref idref="fl-41"/>
      </object_component>
      <object_component id="oc-771">
         <name>.text:GPIO_setAnalogMode</name>
         <load_address>0x844e9</load_address>
         <run_address>0x844e9</run_address>
         <size>0xeb</size>
         <input_file_ref idref="fl-3e"/>
      </object_component>
      <object_component id="oc-759">
         <name>.text:Device_enableAllPeripherals</name>
         <load_address>0x845d4</load_address>
         <run_address>0x845d4</run_address>
         <size>0xd8</size>
         <input_file_ref idref="fl-1d"/>
      </object_component>
      <object_component id="oc-60d">
         <name>.text:Device_init</name>
         <load_address>0x846ac</load_address>
         <run_address>0x846ac</run_address>
         <size>0xc5</size>
         <input_file_ref idref="fl-1d"/>
      </object_component>
      <object_component id="oc-7ad">
         <name>.text:MCAN_setBitTime</name>
         <load_address>0x84771</load_address>
         <run_address>0x84771</run_address>
         <size>0xb9</size>
         <input_file_ref idref="fl-41"/>
      </object_component>
      <object_component id="oc-32a">
         <name>.text:logPhaseParameters</name>
         <load_address>0x8482a</load_address>
         <run_address>0x8482a</run_address>
         <size>0xb3</size>
         <input_file_ref idref="fl-20"/>
      </object_component>
      <object_component id="oc-5c8">
         <name>.text:FW_ImageRx_process</name>
         <load_address>0x848dd</load_address>
         <run_address>0x848dd</run_address>
         <size>0x9a</size>
         <input_file_ref idref="fl-18"/>
      </object_component>
      <object_component id="oc-663">
         <name>.text:FW_handleHeader</name>
         <load_address>0x84977</load_address>
         <run_address>0x84977</run_address>
         <size>0x98</size>
         <input_file_ref idref="fl-18"/>
      </object_component>
      <object_component id="oc-1db">
         <name>.text:MCAN_readMsgRam</name>
         <load_address>0x84a0f</load_address>
         <run_address>0x84a0f</run_address>
         <size>0x98</size>
         <input_file_ref idref="fl-41"/>
      </object_component>
      <object_component id="oc-10b">
         <name>.text:PhaseDetection_phaseSequenceISR</name>
         <load_address>0x84aa7</load_address>
         <run_address>0x84aa7</run_address>
         <size>0x94</size>
         <input_file_ref idref="fl-e"/>
      </object_component>
      <object_component id="oc-6b8">
         <name>.text:FW_Bu_handleHeader</name>
         <load_address>0x84b3b</load_address>
         <run_address>0x84b3b</run_address>
         <size>0x92</size>
         <input_file_ref idref="fl-16"/>
      </object_component>
      <object_component id="oc-ff">
         <name>.text:get_debugData</name>
         <load_address>0x84bcd</load_address>
         <run_address>0x84bcd</run_address>
         <size>0x88</size>
         <input_file_ref idref="fl-c"/>
      </object_component>
      <object_component id="oc-5a">
         <name>.text:INT_I2CA_ISR</name>
         <load_address>0x84c55</load_address>
         <run_address>0x84c55</run_address>
         <size>0x84</size>
         <input_file_ref idref="fl-8"/>
      </object_component>
      <object_component id="oc-83e">
         <name>.text:FW_BuM_sendDataFrame</name>
         <load_address>0x84cd9</load_address>
         <run_address>0x84cd9</run_address>
         <size>0x82</size>
         <input_file_ref idref="fl-17"/>
      </object_component>
      <object_component id="oc-5c2">
         <name>.text:startup</name>
         <load_address>0x84d5b</load_address>
         <run_address>0x84d5b</run_address>
         <size>0x81</size>
         <input_file_ref idref="fl-2"/>
      </object_component>
      <object_component id="oc-391">
         <name>.text:Interrupt_clearIFR</name>
         <load_address>0x84ddc</load_address>
         <run_address>0x84ddc</run_address>
         <size>0x7f</size>
         <input_file_ref idref="fl-40"/>
      </object_component>
      <object_component id="oc-5ce">
         <name>.text:FW_BuImageRx_process</name>
         <load_address>0x84e5b</load_address>
         <run_address>0x84e5b</run_address>
         <size>0x7e</size>
         <input_file_ref idref="fl-16"/>
      </object_component>
      <object_component id="oc-1d2">
         <name>.text:MCAN_getRxFIFOStatus</name>
         <load_address>0x84ed9</load_address>
         <run_address>0x84ed9</run_address>
         <size>0x78</size>
         <input_file_ref idref="fl-41"/>
      </object_component>
      <object_component id="oc-9c7">
         <name>.text:DCC_setCounterSeeds</name>
         <load_address>0x84f51</load_address>
         <run_address>0x84f51</run_address>
         <size>0x73</size>
         <input_file_ref idref="fl-43"/>
      </object_component>
      <object_component id="oc-5e6">
         <name>.text:FW_BuMaster_sendStatusReply</name>
         <load_address>0x84fc4</load_address>
         <run_address>0x84fc4</run_address>
         <size>0x73</size>
         <input_file_ref idref="fl-17"/>
      </object_component>
      <object_component id="oc-65d">
         <name>.text:FW_handleStart</name>
         <load_address>0x85037</load_address>
         <run_address>0x85037</run_address>
         <size>0x73</size>
         <input_file_ref idref="fl-18"/>
      </object_component>
      <object_component id="oc-850">
         <name>.text:MCAN_getProtocolStatus</name>
         <load_address>0x850aa</load_address>
         <run_address>0x850aa</run_address>
         <size>0x72</size>
         <input_file_ref idref="fl-41"/>
      </object_component>
      <object_component id="oc-701">
         <name>.text:FW_BuM_sendCommand</name>
         <load_address>0x8511c</load_address>
         <run_address>0x8511c</run_address>
         <size>0x6f</size>
         <input_file_ref idref="fl-17"/>
      </object_component>
      <object_component id="oc-82a">
         <name>.text:FW_Bu_sendStateResponse</name>
         <load_address>0x8518b</load_address>
         <run_address>0x8518b</run_address>
         <size>0x6f</size>
         <input_file_ref idref="fl-16"/>
      </object_component>
      <object_component id="oc-135">
         <name>.text:timerSystemTick</name>
         <load_address>0x851fa</load_address>
         <run_address>0x851fa</run_address>
         <size>0x6e</size>
         <input_file_ref idref="fl-15"/>
      </object_component>
      <object_component id="oc-6a5">
         <name>.text:FW_sendDebug</name>
         <load_address>0x85268</load_address>
         <run_address>0x85268</run_address>
         <size>0x6b</size>
         <input_file_ref idref="fl-18"/>
      </object_component>
      <object_component id="oc-74c">
         <name>.text:SysCtl_getClock</name>
         <load_address>0x852d3</load_address>
         <run_address>0x852d3</run_address>
         <size>0x65</size>
         <input_file_ref idref="fl-43"/>
      </object_component>
      <object_component id="oc-187">
         <name>.text:I2C_initController</name>
         <load_address>0x85338</load_address>
         <run_address>0x85338</run_address>
         <size>0x64</size>
         <input_file_ref idref="fl-3f"/>
      </object_component>
      <object_component id="oc-7df">
         <name>.text:FW_sendResponseWithData</name>
         <load_address>0x8539c</load_address>
         <run_address>0x8539c</run_address>
         <size>0x63</size>
         <input_file_ref idref="fl-18"/>
      </object_component>
      <object_component id="oc-862">
         <name>.text:canTxTimeoutReset</name>
         <load_address>0x853ff</load_address>
         <run_address>0x853ff</run_address>
         <size>0x5d</size>
         <input_file_ref idref="fl-6"/>
      </object_component>
      <object_component id="oc-1e1">
         <name>.text:MCAN_writeRxFIFOAck</name>
         <load_address>0x8545c</load_address>
         <run_address>0x8545c</run_address>
         <size>0x5a</size>
         <input_file_ref idref="fl-41"/>
      </object_component>
      <object_component id="oc-369">
         <name>.text:MCAN_writeMsgRam</name>
         <load_address>0x854b6</load_address>
         <run_address>0x854b6</run_address>
         <size>0x57</size>
         <input_file_ref idref="fl-41"/>
      </object_component>
      <object_component id="oc-85c">
         <name>.text:canTxTryRecover</name>
         <load_address>0x8550d</load_address>
         <run_address>0x8550d</run_address>
         <size>0x57</size>
         <input_file_ref idref="fl-6"/>
      </object_component>
      <object_component id="oc-6ab">
         <name>.text:FW_sendResponse</name>
         <load_address>0x85564</load_address>
         <run_address>0x85564</run_address>
         <size>0x52</size>
         <input_file_ref idref="fl-18"/>
      </object_component>
      <object_component id="oc-3a5">
         <name>.text:GPIO_setPadConfig</name>
         <load_address>0x855b6</load_address>
         <run_address>0x855b6</run_address>
         <size>0x52</size>
         <input_file_ref idref="fl-3e"/>
      </object_component>
      <object_component id="oc-687">
         <name>.text:FW_handleComputeCRC</name>
         <load_address>0x85608</load_address>
         <run_address>0x85608</run_address>
         <size>0x51</size>
         <input_file_ref idref="fl-18"/>
      </object_component>
      <object_component id="oc-13b">
         <name>.text:sendAppHeartbeat</name>
         <load_address>0x85659</load_address>
         <run_address>0x85659</run_address>
         <size>0x51</size>
         <input_file_ref idref="fl-2"/>
      </object_component>
      <object_component id="oc-66">
         <name>.text:I2C_Scanner_ISR</name>
         <load_address>0x856aa</load_address>
         <run_address>0x856aa</run_address>
         <size>0x50</size>
         <input_file_ref idref="fl-9"/>
      </object_component>
      <object_component id="oc-67">
         <name>.text:I2C_Scanner_init</name>
         <load_address>0x856fa</load_address>
         <run_address>0x856fa</run_address>
         <size>0x4f</size>
         <input_file_ref idref="fl-9"/>
      </object_component>
      <object_component id="oc-7b9">
         <name>.text:MCAN_addStdMsgIDFilter</name>
         <load_address>0x85749</load_address>
         <run_address>0x85749</run_address>
         <size>0x4f</size>
         <input_file_ref idref="fl-41"/>
      </object_component>
      <object_component id="oc-15d">
         <name>.text:Interrupt_disable</name>
         <load_address>0x85798</load_address>
         <run_address>0x85798</run_address>
         <size>0x4e</size>
         <input_file_ref idref="fl-40"/>
      </object_component>
      <object_component id="oc-822">
         <name>.text:FW_Bu_calculateCRC32</name>
         <load_address>0x857e6</load_address>
         <run_address>0x857e6</run_address>
         <size>0x4d</size>
         <input_file_ref idref="fl-16"/>
      </object_component>
      <object_component id="oc-7d2">
         <name>.text:FW_calculateCRC32</name>
         <load_address>0x85833</load_address>
         <run_address>0x85833</run_address>
         <size>0x4d</size>
         <input_file_ref idref="fl-18"/>
      </object_component>
      <object_component id="oc-582">
         <name>.text:main</name>
         <load_address>0x85880</load_address>
         <run_address>0x85880</run_address>
         <size>0x4b</size>
         <input_file_ref idref="fl-2"/>
      </object_component>
      <object_component id="oc-6d0">
         <name>.text:FW_Bu_sendResponse</name>
         <load_address>0x858cb</load_address>
         <run_address>0x858cb</run_address>
         <size>0x49</size>
         <input_file_ref idref="fl-16"/>
      </object_component>
      <object_component id="oc-669">
         <name>.text:FW_handleComplete</name>
         <load_address>0x85914</load_address>
         <run_address>0x85914</run_address>
         <size>0x49</size>
         <input_file_ref idref="fl-18"/>
      </object_component>
      <object_component id="oc-438">
         <name>.text:processBUAcknowledgment</name>
         <load_address>0x8595d</load_address>
         <run_address>0x8595d</run_address>
         <size>0x49</size>
         <input_file_ref idref="fl-5"/>
      </object_component>
      <object_component id="oc-681">
         <name>.text:FW_handleReadFlash</name>
         <load_address>0x859a6</load_address>
         <run_address>0x859a6</run_address>
         <size>0x47</size>
         <input_file_ref idref="fl-18"/>
      </object_component>
      <object_component id="oc-8ad">
         <name>.text:SysCtl_selectOscSource</name>
         <load_address>0x859ed</load_address>
         <run_address>0x859ed</run_address>
         <size>0x47</size>
         <input_file_ref idref="fl-43"/>
      </object_component>
      <object_component id="oc-989">
         <name>.text:SysCtl_selectXTAL</name>
         <load_address>0x85a34</load_address>
         <run_address>0x85a34</run_address>
         <size>0x46</size>
         <input_file_ref idref="fl-43"/>
      </object_component>
      <object_component id="oc-719">
         <name>.text:canTxWaitComplete</name>
         <load_address>0x85a7a</load_address>
         <run_address>0x85a7a</run_address>
         <size>0x46</size>
         <input_file_ref idref="fl-6"/>
      </object_component>
      <object_component id="oc-a25">
         <name>.text:SysCtl_pollX1Counter</name>
         <load_address>0x85ac0</load_address>
         <run_address>0x85ac0</run_address>
         <size>0x45</size>
         <input_file_ref idref="fl-43"/>
      </object_component>
      <object_component id="oc-765">
         <name>.text:PGA_setOffsetTrimPMOS</name>
         <load_address>0x85b05</load_address>
         <run_address>0x85b05</run_address>
         <size>0x44</size>
         <input_file_ref idref="fl-42"/>
      </object_component>
      <object_component id="oc-330">
         <name>.text:logNeutralParameters</name>
         <load_address>0x85b49</load_address>
         <run_address>0x85b49</run_address>
         <size>0x42</size>
         <input_file_ref idref="fl-20"/>
      </object_component>
      <object_component id="oc-75f">
         <name>.text:PGA_setOffsetTrimNMOS</name>
         <load_address>0x85b8b</load_address>
         <run_address>0x85b8b</run_address>
         <size>0x41</size>
         <input_file_ref idref="fl-42"/>
      </object_component>
      <object_component id="oc-5e0">
         <name>.text:FW_BuMaster_start</name>
         <load_address>0x85bcc</load_address>
         <run_address>0x85bcc</run_address>
         <size>0x40</size>
         <input_file_ref idref="fl-17"/>
      </object_component>
      <object_component id="oc-54">
         <name>.text:INT_Cputimer_ISR</name>
         <load_address>0x85c0c</load_address>
         <run_address>0x85c0c</run_address>
         <size>0x3f</size>
         <input_file_ref idref="fl-2"/>
      </object_component>
      <object_component id="oc-83">
         <name>.text:TimeSlot_init</name>
         <load_address>0x85c4b</load_address>
         <run_address>0x85c4b</run_address>
         <size>0x3e</size>
         <input_file_ref idref="fl-14"/>
      </object_component>
      <object_component id="oc-6b2">
         <name>.text:FW_Bu_handleStart</name>
         <load_address>0x85c89</load_address>
         <run_address>0x85c89</run_address>
         <size>0x3d</size>
         <input_file_ref idref="fl-16"/>
      </object_component>
      <object_component id="oc-66f">
         <name>.text:FW_handleReadFlag</name>
         <load_address>0x85cc6</load_address>
         <run_address>0x85cc6</run_address>
         <size>0x3d</size>
         <input_file_ref idref="fl-18"/>
      </object_component>
      <object_component id="oc-61f">
         <name>.text:Interrupt_initModule</name>
         <load_address>0x85d03</load_address>
         <run_address>0x85d03</run_address>
         <size>0x3d</size>
         <input_file_ref idref="fl-40"/>
      </object_component>
      <object_component id="oc-514">
         <name>.text:startSoftwareTimer</name>
         <load_address>0x85d40</load_address>
         <run_address>0x85d40</run_address>
         <size>0x3d</size>
         <input_file_ref idref="fl-15"/>
      </object_component>
      <object_component id="oc-482">
         <name>.text:EPWM_isBaseValid</name>
         <load_address>0x85d7d</load_address>
         <run_address>0x85d7d</run_address>
         <size>0x3b</size>
         <input_file_ref idref="fl-1a"/>
      </object_component>
      <object_component id="oc-220">
         <name>.text:handleBUAcknowledgment</name>
         <load_address>0x85db8</load_address>
         <run_address>0x85db8</run_address>
         <size>0x39</size>
         <input_file_ref idref="fl-5"/>
      </object_component>
      <object_component id="oc-6e3">
         <name>.text:FW_BuM_sendHeader</name>
         <load_address>0x85df1</load_address>
         <run_address>0x85df1</run_address>
         <size>0x37</size>
         <input_file_ref idref="fl-17"/>
      </object_component>
      <object_component id="oc-39f">
         <name>.text:GPIO_setPinConfig</name>
         <load_address>0x85e28</load_address>
         <run_address>0x85e28</run_address>
         <size>0x37</size>
         <input_file_ref idref="fl-3e"/>
      </object_component>
      <object_component id="oc-3ab">
         <name>.text:GPIO_setQualificationMode</name>
         <load_address>0x85e5f</load_address>
         <run_address>0x85e5f</run_address>
         <size>0x37</size>
         <input_file_ref idref="fl-3e"/>
      </object_component>
      <object_component id="oc-12a">
         <name>.text:Interrupt_enable</name>
         <load_address>0x85e96</load_address>
         <run_address>0x85e96</run_address>
         <size>0x37</size>
         <input_file_ref idref="fl-40"/>
      </object_component>
      <object_component id="oc-8b">
         <name>.text:initMsTick</name>
         <load_address>0x85ecd</load_address>
         <run_address>0x85ecd</run_address>
         <size>0x34</size>
         <input_file_ref idref="fl-15"/>
      </object_component>
      <object_component id="oc-4c5">
         <name>.text</name>
         <load_address>0x85f01</load_address>
         <run_address>0x85f01</run_address>
         <size>0x34</size>
         <input_file_ref idref="fl-50"/>
      </object_component>
      <object_component id="oc-643">
         <name>.text:MCAN_enableIntr</name>
         <load_address>0x85f35</load_address>
         <run_address>0x85f35</run_address>
         <size>0x33</size>
         <input_file_ref idref="fl-41"/>
      </object_component>
      <object_component id="oc-649">
         <name>.text:MCAN_selectIntrLine</name>
         <load_address>0x85f68</load_address>
         <run_address>0x85f68</run_address>
         <size>0x33</size>
         <input_file_ref idref="fl-41"/>
      </object_component>
      <object_component id="oc-5bc">
         <name>.text:GPIO_setDirectionMode</name>
         <load_address>0x85f9b</load_address>
         <run_address>0x85f9b</run_address>
         <size>0x31</size>
         <input_file_ref idref="fl-3e"/>
      </object_component>
      <object_component id="oc-319">
         <name>.text:metrology_dcFilter</name>
         <load_address>0x85fcc</load_address>
         <run_address>0x85fcc</run_address>
         <size>0x31</size>
         <input_file_ref idref="fl-20"/>
      </object_component>
      <object_component id="oc-1b">
         <name>.text:decompress:lzss</name>
         <load_address>0x85ffd</load_address>
         <run_address>0x85ffd</run_address>
         <size>0x30</size>
         <input_file_ref idref="fl-6c"/>
      </object_component>
      <object_component id="oc-36f">
         <name>.text:MCAN_txBufAddReq</name>
         <load_address>0x8602d</load_address>
         <run_address>0x8602d</run_address>
         <size>0x2c</size>
         <input_file_ref idref="fl-41"/>
      </object_component>
      <object_component id="oc-962">
         <name>.text:MCAN_txBufCancellationReq</name>
         <load_address>0x86059</load_address>
         <run_address>0x86059</run_address>
         <size>0x2c</size>
         <input_file_ref idref="fl-41"/>
      </object_component>
      <object_component id="oc-552">
         <name>.text:__TI_auto_init_nobinit_nopinit</name>
         <load_address>0x86085</load_address>
         <run_address>0x86085</run_address>
         <size>0x2b</size>
         <input_file_ref idref="fl-69"/>
      </object_component>
      <object_component id="oc-1ab">
         <name>.text:I2C_enableInterrupt</name>
         <load_address>0x860b0</load_address>
         <run_address>0x860b0</run_address>
         <size>0x2a</size>
         <input_file_ref idref="fl-3f"/>
      </object_component>
      <object_component id="oc-64f">
         <name>.text:MCAN_enableIntrLine</name>
         <load_address>0x860da</load_address>
         <run_address>0x860da</run_address>
         <size>0x29</size>
         <input_file_ref idref="fl-41"/>
      </object_component>
      <object_component id="oc-625">
         <name>.text:SysCtl_setMCANClk</name>
         <load_address>0x86103</load_address>
         <run_address>0x86103</run_address>
         <size>0x29</size>
         <input_file_ref idref="fl-2"/>
      </object_component>
      <object_component id="oc-4a6">
         <name>.text</name>
         <load_address>0x8612c</load_address>
         <run_address>0x8612c</run_address>
         <size>0x29</size>
         <input_file_ref idref="fl-6d"/>
      </object_component>
      <object_component id="oc-253">
         <name>.text:CPUTimer_selectClockSource</name>
         <load_address>0x86155</load_address>
         <run_address>0x86155</run_address>
         <size>0x28</size>
         <input_file_ref idref="fl-14"/>
      </object_component>
      <object_component id="oc-84a">
         <name>.text:canTxStartWatchdog</name>
         <load_address>0x8617d</load_address>
         <run_address>0x8617d</run_address>
         <size>0x28</size>
         <input_file_ref idref="fl-6"/>
      </object_component>
      <object_component id="oc-699">
         <name>.text:FW_handleGetState</name>
         <load_address>0x861a5</load_address>
         <run_address>0x861a5</run_address>
         <size>0x27</size>
         <input_file_ref idref="fl-18"/>
      </object_component>
      <object_component id="oc-6be">
         <name>.text:FW_Bu_handleComplete</name>
         <load_address>0x861cc</load_address>
         <run_address>0x861cc</run_address>
         <size>0x26</size>
         <input_file_ref idref="fl-16"/>
      </object_component>
      <object_component id="oc-98f">
         <name>.text:SysCtl_selectXTALSingleEnded</name>
         <load_address>0x861f2</load_address>
         <run_address>0x861f2</run_address>
         <size>0x25</size>
         <input_file_ref idref="fl-43"/>
      </object_component>
      <object_component id="oc-9cd">
         <name>.text:DCC_enableSingleShotMode</name>
         <load_address>0x86217</load_address>
         <run_address>0x86217</run_address>
         <size>0x24</size>
         <input_file_ref idref="fl-43"/>
      </object_component>
      <object_component id="oc-14b">
         <name>.text:I2C_clearInterruptStatus</name>
         <load_address>0x8623b</load_address>
         <run_address>0x8623b</run_address>
         <size>0x24</size>
         <input_file_ref idref="fl-3f"/>
      </object_component>
      <object_component id="oc-40d">
         <name>.text:isBitSetInMask</name>
         <load_address>0x8625f</load_address>
         <run_address>0x8625f</run_address>
         <size>0x24</size>
         <input_file_ref idref="fl-10"/>
      </object_component>
      <object_component id="oc-2f8">
         <name>.text:DMA_isBaseValid</name>
         <load_address>0x86283</load_address>
         <run_address>0x86283</run_address>
         <size>0x23</size>
         <input_file_ref idref="fl-2"/>
      </object_component>
      <object_component id="oc-720">
         <name>.text:GPIO_isPinValid</name>
         <load_address>0x862a6</load_address>
         <run_address>0x862a6</run_address>
         <size>0x23</size>
         <input_file_ref idref="fl-2"/>
      </object_component>
      <object_component id="oc-4f7">
         <name>.text:GPIO_isPinValid</name>
         <load_address>0x862c9</load_address>
         <run_address>0x862c9</run_address>
         <size>0x23</size>
         <input_file_ref idref="fl-3e"/>
      </object_component>
      <object_component id="oc-145">
         <name>.text:I2C_getInterruptStatus</name>
         <load_address>0x862ec</load_address>
         <run_address>0x862ec</run_address>
         <size>0x23</size>
         <input_file_ref idref="fl-3f"/>
      </object_component>
      <object_component id="oc-f9">
         <name>.text:ADC_readResult</name>
         <load_address>0x8630f</load_address>
         <run_address>0x8630f</run_address>
         <size>0x22</size>
         <input_file_ref idref="fl-2"/>
      </object_component>
      <object_component id="oc-6dd">
         <name>.text:FW_BuM_consumeResponse</name>
         <load_address>0x86331</load_address>
         <run_address>0x86331</run_address>
         <size>0x20</size>
         <input_file_ref idref="fl-17"/>
      </object_component>
      <object_component id="oc-117">
         <name>.text:ADC_getInterruptOverflowStatus</name>
         <load_address>0x86351</load_address>
         <run_address>0x86351</run_address>
         <size>0x1f</size>
         <input_file_ref idref="fl-2"/>
      </object_component>
      <object_component id="oc-349">
         <name>.text:ADC_isBaseValid</name>
         <load_address>0x86370</load_address>
         <run_address>0x86370</run_address>
         <size>0x1f</size>
         <input_file_ref idref="fl-2"/>
      </object_component>
      <object_component id="oc-976">
         <name>.text:CPUTimer_getTimerOverflowStatus</name>
         <load_address>0x8638f</load_address>
         <run_address>0x8638f</run_address>
         <size>0x1f</size>
         <input_file_ref idref="fl-6"/>
      </object_component>
      <object_component id="oc-20e">
         <name>.text:FW_BuImageRx_isrOnData</name>
         <load_address>0x863ae</load_address>
         <run_address>0x863ae</run_address>
         <size>0x1f</size>
         <input_file_ref idref="fl-16"/>
      </object_component>
      <object_component id="oc-202">
         <name>.text:FW_ImageRx_isrOnData</name>
         <load_address>0x863cd</load_address>
         <run_address>0x863cd</run_address>
         <size>0x1f</size>
         <input_file_ref idref="fl-18"/>
      </object_component>
      <object_component id="oc-5ec">
         <name>.text:GPIO_togglePin</name>
         <load_address>0x863ec</load_address>
         <run_address>0x863ec</run_address>
         <size>0x1f</size>
         <input_file_ref idref="fl-2"/>
      </object_component>
      <object_component id="oc-226">
         <name>.text:MCAN_clearNewDataStatus</name>
         <load_address>0x8640b</load_address>
         <run_address>0x8640b</run_address>
         <size>0x1f</size>
         <input_file_ref idref="fl-41"/>
      </object_component>
      <object_component id="oc-795">
         <name>.text:MCAN_isMemInitDone</name>
         <load_address>0x8642a</load_address>
         <run_address>0x8642a</run_address>
         <size>0x1f</size>
         <input_file_ref idref="fl-41"/>
      </object_component>
      <object_component id="oc-175">
         <name>.text:configurePinMux</name>
         <load_address>0x86449</load_address>
         <run_address>0x86449</run_address>
         <size>0x1f</size>
         <input_file_ref idref="fl-9"/>
      </object_component>
      <object_component id="oc-1ea">
         <name>.text:processReceivedFrame</name>
         <load_address>0x86468</load_address>
         <run_address>0x86468</run_address>
         <size>0x1f</size>
         <input_file_ref idref="fl-6"/>
      </object_component>
      <object_component id="oc-9bb">
         <name>.text:DCC_setCounter0ClkSource</name>
         <load_address>0x86487</load_address>
         <run_address>0x86487</run_address>
         <size>0x1e</size>
         <input_file_ref idref="fl-43"/>
      </object_component>
      <object_component id="oc-9c1">
         <name>.text:DCC_setCounter1ClkSource</name>
         <load_address>0x864a5</load_address>
         <run_address>0x864a5</run_address>
         <size>0x1e</size>
         <input_file_ref idref="fl-43"/>
      </object_component>
      <object_component id="oc-a7">
         <name>.text:Interrupt_initVectorTable</name>
         <load_address>0x864c3</load_address>
         <run_address>0x864c3</run_address>
         <size>0x1e</size>
         <input_file_ref idref="fl-40"/>
      </object_component>
      <object_component id="oc-21a">
         <name>.text:FW_BuMaster_isrOnResponse</name>
         <load_address>0x864e1</load_address>
         <run_address>0x864e1</run_address>
         <size>0x1d</size>
         <input_file_ref idref="fl-17"/>
      </object_component>
      <object_component id="oc-1f0">
         <name>.text:MCAN_getNewDataStatus</name>
         <load_address>0x864fe</load_address>
         <run_address>0x864fe</run_address>
         <size>0x1d</size>
         <input_file_ref idref="fl-41"/>
      </object_component>
      <object_component id="oc-bd">
         <name>.text</name>
         <load_address>0x8651b</load_address>
         <run_address>0x8651b</run_address>
         <size>0x1d</size>
         <input_file_ref idref="fl-67"/>
      </object_component>
      <object_component id="oc-2ba">
         <name>.text:EPWM_enableADCTrigger</name>
         <load_address>0x86538</load_address>
         <run_address>0x86538</run_address>
         <size>0x1c</size>
         <input_file_ref idref="fl-1a"/>
      </object_component>
      <object_component id="oc-193">
         <name>.text:I2C_setOwnAddress</name>
         <load_address>0x86554</load_address>
         <run_address>0x86554</run_address>
         <size>0x1b</size>
         <input_file_ref idref="fl-9"/>
      </object_component>
      <object_component id="oc-959">
         <name>.text:CPUTimer_startTimer</name>
         <load_address>0x8656f</load_address>
         <run_address>0x8656f</run_address>
         <size>0x1a</size>
         <input_file_ref idref="fl-6"/>
      </object_component>
      <object_component id="oc-2ab">
         <name>.text:CPUTimer_startTimer</name>
         <load_address>0x86589</load_address>
         <run_address>0x86589</run_address>
         <size>0x1a</size>
         <input_file_ref idref="fl-15"/>
      </object_component>
      <object_component id="oc-613">
         <name>.text:Device_initGPIO</name>
         <load_address>0x865a3</load_address>
         <run_address>0x865a3</run_address>
         <size>0x1a</size>
         <input_file_ref idref="fl-1d"/>
      </object_component>
      <object_component id="oc-19f">
         <name>.text:I2C_setAddressMode</name>
         <load_address>0x865bd</load_address>
         <run_address>0x865bd</run_address>
         <size>0x1a</size>
         <input_file_ref idref="fl-9"/>
      </object_component>
      <object_component id="oc-199">
         <name>.text:I2C_setBitCount</name>
         <load_address>0x865d7</load_address>
         <run_address>0x865d7</run_address>
         <size>0x1a</size>
         <input_file_ref idref="fl-9"/>
      </object_component>
      <object_component id="oc-18d">
         <name>.text:I2C_setConfig</name>
         <load_address>0x865f1</load_address>
         <run_address>0x865f1</run_address>
         <size>0x1a</size>
         <input_file_ref idref="fl-9"/>
      </object_component>
      <object_component id="oc-1b1">
         <name>.text:I2C_setEmulationMode</name>
         <load_address>0x8660b</load_address>
         <run_address>0x8660b</run_address>
         <size>0x1a</size>
         <input_file_ref idref="fl-9"/>
      </object_component>
      <object_component id="oc-1cc">
         <name>.text:MCAN_clearInterrupt</name>
         <load_address>0x86625</load_address>
         <run_address>0x86625</run_address>
         <size>0x1a</size>
         <input_file_ref idref="fl-41"/>
      </object_component>
      <object_component id="oc-753">
         <name>.text:SysCtl_getLowSpeedClock</name>
         <load_address>0x8663f</load_address>
         <run_address>0x8663f</run_address>
         <size>0x1a</size>
         <input_file_ref idref="fl-43"/>
      </object_component>
      <object_component id="oc-97">
         <name>.text:THD_ADC_start</name>
         <load_address>0x86659</load_address>
         <run_address>0x86659</run_address>
         <size>0x1a</size>
         <input_file_ref idref="fl-1a"/>
      </object_component>
      <object_component id="oc-4e">
         <name>.text:INTERRUPT_init</name>
         <load_address>0x86673</load_address>
         <run_address>0x86673</run_address>
         <size>0x19</size>
         <input_file_ref idref="fl-3"/>
      </object_component>
      <object_component id="oc-73">
         <name>.text:MCANIntrConfig</name>
         <load_address>0x8668c</load_address>
         <run_address>0x8668c</run_address>
         <size>0x19</size>
         <input_file_ref idref="fl-6"/>
      </object_component>
      <object_component id="oc-79b">
         <name>.text:MCAN_setOpMode</name>
         <load_address>0x866a5</load_address>
         <run_address>0x866a5</run_address>
         <size>0x19</size>
         <input_file_ref idref="fl-41"/>
      </object_component>
      <object_component id="oc-4e6">
         <name>.text:MCAN_writeProtectedRegAccessLock</name>
         <load_address>0x866be</load_address>
         <run_address>0x866be</run_address>
         <size>0x19</size>
         <input_file_ref idref="fl-41"/>
      </object_component>
      <object_component id="oc-8ef">
         <name>.text:MCAN_writeProtectedRegAccessUnlock</name>
         <load_address>0x866d7</load_address>
         <run_address>0x866d7</run_address>
         <size>0x19</size>
         <input_file_ref idref="fl-41"/>
      </object_component>
      <object_component id="oc-8b3">
         <name>.text:SysCtl_setPLLSysClk</name>
         <load_address>0x866f0</load_address>
         <run_address>0x866f0</run_address>
         <size>0x19</size>
         <input_file_ref idref="fl-43"/>
      </object_component>
      <object_component id="oc-31f">
         <name>.text</name>
         <load_address>0x86709</load_address>
         <run_address>0x86709</run_address>
         <size>0x19</size>
         <input_file_ref idref="fl-4f"/>
      </object_component>
      <object_component id="oc-413">
         <name>.text:setBitInMask</name>
         <load_address>0x86722</load_address>
         <run_address>0x86722</run_address>
         <size>0x19</size>
         <input_file_ref idref="fl-10"/>
      </object_component>
      <object_component id="oc-6fb">
         <name>.text:FW_BuM_streamBurst</name>
         <load_address>0x8673b</load_address>
         <run_address>0x8673b</run_address>
         <size>0x18</size>
         <input_file_ref idref="fl-17"/>
      </object_component>
      <object_component id="oc-1a5">
         <name>.text:I2C_disableFIFO</name>
         <load_address>0x86753</load_address>
         <run_address>0x86753</run_address>
         <size>0x18</size>
         <input_file_ref idref="fl-9"/>
      </object_component>
      <object_component id="oc-11d">
         <name>.text:ADC_clearInterruptOverflowStatus</name>
         <load_address>0x8676b</load_address>
         <run_address>0x8676b</run_address>
         <size>0x17</size>
         <input_file_ref idref="fl-2"/>
      </object_component>
      <object_component id="oc-111">
         <name>.text:ADC_clearInterruptStatus</name>
         <load_address>0x86782</load_address>
         <run_address>0x86782</run_address>
         <size>0x17</size>
         <input_file_ref idref="fl-2"/>
      </object_component>
      <object_component id="oc-a14">
         <name>.text:CPUTimer_isBaseValid</name>
         <load_address>0x86799</load_address>
         <run_address>0x86799</run_address>
         <size>0x17</size>
         <input_file_ref idref="fl-6"/>
      </object_component>
      <object_component id="oc-45f">
         <name>.text:CPUTimer_isBaseValid</name>
         <load_address>0x867b0</load_address>
         <run_address>0x867b0</run_address>
         <size>0x17</size>
         <input_file_ref idref="fl-3a"/>
      </object_component>
      <object_component id="oc-456">
         <name>.text:CPUTimer_isBaseValid</name>
         <load_address>0x867c7</load_address>
         <run_address>0x867c7</run_address>
         <size>0x17</size>
         <input_file_ref idref="fl-14"/>
      </object_component>
      <object_component id="oc-470">
         <name>.text:CPUTimer_isBaseValid</name>
         <load_address>0x867de</load_address>
         <run_address>0x867de</run_address>
         <size>0x17</size>
         <input_file_ref idref="fl-15"/>
      </object_component>
      <object_component id="oc-947">
         <name>.text:CPUTimer_setPreScaler</name>
         <load_address>0x867f5</load_address>
         <run_address>0x867f5</run_address>
         <size>0x17</size>
         <input_file_ref idref="fl-6"/>
      </object_component>
      <object_component id="oc-265">
         <name>.text:CPUTimer_setPreScaler</name>
         <load_address>0x8680c</load_address>
         <run_address>0x8680c</run_address>
         <size>0x17</size>
         <input_file_ref idref="fl-14"/>
      </object_component>
      <object_component id="oc-293">
         <name>.text:CPUTimer_setPreScaler</name>
         <load_address>0x86823</load_address>
         <run_address>0x86823</run_address>
         <size>0x17</size>
         <input_file_ref idref="fl-15"/>
      </object_component>
      <object_component id="oc-3dd">
         <name>.text:HW_WR_FIELD32_RAW</name>
         <load_address>0x8683a</load_address>
         <run_address>0x8683a</run_address>
         <size>0x17</size>
         <input_file_ref idref="fl-41"/>
      </object_component>
      <object_component id="oc-7a1">
         <name>.text:MCAN_getOpMode</name>
         <load_address>0x86851</load_address>
         <run_address>0x86851</run_address>
         <size>0x17</size>
         <input_file_ref idref="fl-41"/>
      </object_component>
      <object_component id="oc-8cb">
         <name>.text:PGA_isBaseValid</name>
         <load_address>0x86868</load_address>
         <run_address>0x86868</run_address>
         <size>0x17</size>
         <input_file_ref idref="fl-42"/>
      </object_component>
      <object_component id="oc-8c4">
         <name>.text:SysCtl_enablePeripheral</name>
         <load_address>0x8687f</load_address>
         <run_address>0x8687f</run_address>
         <size>0x17</size>
         <input_file_ref idref="fl-1d"/>
      </object_component>
      <object_component id="oc-997">
         <name>.text:SysCtl_enablePeripheral</name>
         <load_address>0x86896</load_address>
         <run_address>0x86896</run_address>
         <size>0x17</size>
         <input_file_ref idref="fl-43"/>
      </object_component>
      <object_component id="oc-2df">
         <name>.text</name>
         <load_address>0x868ad</load_address>
         <run_address>0x868ad</run_address>
         <size>0x17</size>
         <input_file_ref idref="fl-60"/>
      </object_component>
      <object_component id="oc-9b5">
         <name>.text:DCC_disableDoneSignal</name>
         <load_address>0x868c4</load_address>
         <run_address>0x868c4</run_address>
         <size>0x16</size>
         <input_file_ref idref="fl-43"/>
      </object_component>
      <object_component id="oc-67b">
         <name>.text:FW_handleResetDevice</name>
         <load_address>0x868da</load_address>
         <run_address>0x868da</run_address>
         <size>0x16</size>
         <input_file_ref idref="fl-18"/>
      </object_component>
      <object_component id="oc-a2">
         <name>.text:Interrupt_defaultHandler</name>
         <load_address>0x868f0</load_address>
         <run_address>0x868f0</run_address>
         <size>0x16</size>
         <input_file_ref idref="fl-40"/>
      </object_component>
      <object_component id="oc-277">
         <name>.text:CPUTimer_enableInterrupt</name>
         <load_address>0x86906</load_address>
         <run_address>0x86906</run_address>
         <size>0x15</size>
         <input_file_ref idref="fl-14"/>
      </object_component>
      <object_component id="oc-29f">
         <name>.text:CPUTimer_enableInterrupt</name>
         <load_address>0x8691b</load_address>
         <run_address>0x8691b</run_address>
         <size>0x15</size>
         <input_file_ref idref="fl-15"/>
      </object_component>
      <object_component id="oc-9a3">
         <name>.text:DCC_clearDoneFlag</name>
         <load_address>0x86930</load_address>
         <run_address>0x86930</run_address>
         <size>0x15</size>
         <input_file_ref idref="fl-43"/>
      </object_component>
      <object_component id="oc-99d">
         <name>.text:DCC_clearErrorFlag</name>
         <load_address>0x86945</load_address>
         <run_address>0x86945</run_address>
         <size>0x15</size>
         <input_file_ref idref="fl-43"/>
      </object_component>
      <object_component id="oc-9af">
         <name>.text:DCC_disableErrorSignal</name>
         <load_address>0x8695a</load_address>
         <run_address>0x8695a</run_address>
         <size>0x15</size>
         <input_file_ref idref="fl-43"/>
      </object_component>
      <object_component id="oc-a34">
         <name>.text:DCC_isBaseValid</name>
         <load_address>0x8696f</load_address>
         <run_address>0x8696f</run_address>
         <size>0x15</size>
         <input_file_ref idref="fl-43"/>
      </object_component>
      <object_component id="oc-dd">
         <name>.text:DMA_clearTriggerFlag</name>
         <load_address>0x86984</load_address>
         <run_address>0x86984</run_address>
         <size>0x15</size>
         <input_file_ref idref="fl-2"/>
      </object_component>
      <object_component id="oc-778">
         <name>.text:GPIO_unlockPortConfig</name>
         <load_address>0x86999</load_address>
         <run_address>0x86999</run_address>
         <size>0x15</size>
         <input_file_ref idref="fl-1d"/>
      </object_component>
      <object_component id="oc-1c6">
         <name>.text:MCAN_clearIntrStatus</name>
         <load_address>0x869ae</load_address>
         <run_address>0x869ae</run_address>
         <size>0x15</size>
         <input_file_ref idref="fl-41"/>
      </object_component>
      <object_component id="oc-3c7">
         <name>.text:MCAN_isBaseValid</name>
         <load_address>0x869c3</load_address>
         <run_address>0x869c3</run_address>
         <size>0x15</size>
         <input_file_ref idref="fl-41"/>
      </object_component>
      <object_component id="oc-94d">
         <name>.text:CPUTimer_reloadTimerCounter</name>
         <load_address>0x869d8</load_address>
         <run_address>0x869d8</run_address>
         <size>0x14</size>
         <input_file_ref idref="fl-6"/>
      </object_component>
      <object_component id="oc-271">
         <name>.text:CPUTimer_reloadTimerCounter</name>
         <load_address>0x869ec</load_address>
         <run_address>0x869ec</run_address>
         <size>0x14</size>
         <input_file_ref idref="fl-14"/>
      </object_component>
      <object_component id="oc-299">
         <name>.text:CPUTimer_reloadTimerCounter</name>
         <load_address>0x86a00</load_address>
         <run_address>0x86a00</run_address>
         <size>0x14</size>
         <input_file_ref idref="fl-15"/>
      </object_component>
      <object_component id="oc-93b">
         <name>.text:CPUTimer_stopTimer</name>
         <load_address>0x86a14</load_address>
         <run_address>0x86a14</run_address>
         <size>0x14</size>
         <input_file_ref idref="fl-6"/>
      </object_component>
      <object_component id="oc-24d">
         <name>.text:CPUTimer_stopTimer</name>
         <load_address>0x86a28</load_address>
         <run_address>0x86a28</run_address>
         <size>0x14</size>
         <input_file_ref idref="fl-14"/>
      </object_component>
      <object_component id="oc-287">
         <name>.text:CPUTimer_stopTimer</name>
         <load_address>0x86a3c</load_address>
         <run_address>0x86a3c</run_address>
         <size>0x14</size>
         <input_file_ref idref="fl-15"/>
      </object_component>
      <object_component id="oc-9a9">
         <name>.text:DCC_disableModule</name>
         <load_address>0x86a50</load_address>
         <run_address>0x86a50</run_address>
         <size>0x14</size>
         <input_file_ref idref="fl-43"/>
      </object_component>
      <object_component id="oc-9d3">
         <name>.text:DCC_enableModule</name>
         <load_address>0x86a64</load_address>
         <run_address>0x86a64</run_address>
         <size>0x14</size>
         <input_file_ref idref="fl-43"/>
      </object_component>
      <object_component id="oc-2c0">
         <name>.text:EPWM_setTimeBaseCounterMode</name>
         <load_address>0x86a78</load_address>
         <run_address>0x86a78</run_address>
         <size>0x14</size>
         <input_file_ref idref="fl-1a"/>
      </object_component>
      <object_component id="oc-6c4">
         <name>.text:FW_Bu_handleAbort</name>
         <load_address>0x86a8c</load_address>
         <run_address>0x86a8c</run_address>
         <size>0x14</size>
         <input_file_ref idref="fl-16"/>
      </object_component>
      <object_component id="oc-50d">
         <name>.text:MCAN_getDataSize</name>
         <load_address>0x86aa0</load_address>
         <run_address>0x86aa0</run_address>
         <size>0x14</size>
         <input_file_ref idref="fl-41"/>
      </object_component>
      <object_component id="oc-3ed">
         <name>.text:MCAN_getMsgObjSize</name>
         <load_address>0x86ab4</load_address>
         <run_address>0x86ab4</run_address>
         <size>0x14</size>
         <input_file_ref idref="fl-41"/>
      </object_component>
      <object_component id="oc-259">
         <name>.text:CPUTimer_setEmulationMode</name>
         <load_address>0x86ac8</load_address>
         <run_address>0x86ac8</run_address>
         <size>0x13</size>
         <input_file_ref idref="fl-3a"/>
      </object_component>
      <object_component id="oc-637">
         <name>.text:FW_BuImageRx_init</name>
         <load_address>0x86adb</load_address>
         <run_address>0x86adb</run_address>
         <size>0x13</size>
         <input_file_ref idref="fl-16"/>
      </object_component>
      <object_component id="oc-181">
         <name>.text:I2C_disableModule</name>
         <load_address>0x86aee</load_address>
         <run_address>0x86aee</run_address>
         <size>0x13</size>
         <input_file_ref idref="fl-9"/>
      </object_component>
      <object_component id="oc-1b7">
         <name>.text:I2C_enableModule</name>
         <load_address>0x86b01</load_address>
         <run_address>0x86b01</run_address>
         <size>0x13</size>
         <input_file_ref idref="fl-9"/>
      </object_component>
      <object_component id="oc-37e">
         <name>.text:I2C_isBaseValid</name>
         <load_address>0x86b14</load_address>
         <run_address>0x86b14</run_address>
         <size>0x13</size>
         <input_file_ref idref="fl-3f"/>
      </object_component>
      <object_component id="oc-388">
         <name>.text:I2C_isBaseValid</name>
         <load_address>0x86b27</load_address>
         <run_address>0x86b27</run_address>
         <size>0x13</size>
         <input_file_ref idref="fl-8"/>
      </object_component>
      <object_component id="oc-3b3">
         <name>.text:I2C_isBaseValid</name>
         <load_address>0x86b3a</load_address>
         <run_address>0x86b3a</run_address>
         <size>0x13</size>
         <input_file_ref idref="fl-9"/>
      </object_component>
      <object_component id="oc-151">
         <name>.text:I2C_sendStopCondition</name>
         <load_address>0x86b4d</load_address>
         <run_address>0x86b4d</run_address>
         <size>0x13</size>
         <input_file_ref idref="fl-8"/>
      </object_component>
      <object_component id="oc-1c0">
         <name>.text:MCAN_getIntrStatus</name>
         <load_address>0x86b60</load_address>
         <run_address>0x86b60</run_address>
         <size>0x13</size>
         <input_file_ref idref="fl-41"/>
      </object_component>
      <object_component id="oc-375">
         <name>.text:MCAN_getTxBufReqPend</name>
         <load_address>0x86b73</load_address>
         <run_address>0x86b73</run_address>
         <size>0x13</size>
         <input_file_ref idref="fl-41"/>
      </object_component>
      <object_component id="oc-324">
         <name>.text:Metrology_directSin</name>
         <load_address>0x86b86</load_address>
         <run_address>0x86b86</run_address>
         <size>0x13</size>
         <input_file_ref idref="fl-20"/>
      </object_component>
      <object_component id="oc-953">
         <name>.text:CPUTimer_clearOverflowFlag</name>
         <load_address>0x86b99</load_address>
         <run_address>0x86b99</run_address>
         <size>0x12</size>
         <input_file_ref idref="fl-6"/>
      </object_component>
      <object_component id="oc-26b">
         <name>.text:CPUTimer_clearOverflowFlag</name>
         <load_address>0x86bab</load_address>
         <run_address>0x86bab</run_address>
         <size>0x12</size>
         <input_file_ref idref="fl-14"/>
      </object_component>
      <object_component id="oc-5b">
         <name>.text:INTERRUPT_init_i2c</name>
         <load_address>0x86bbd</load_address>
         <run_address>0x86bbd</run_address>
         <size>0x12</size>
         <input_file_ref idref="fl-8"/>
      </object_component>
      <object_component id="oc-8a">
         <name>.text:msTickISR</name>
         <load_address>0x86bcf</load_address>
         <run_address>0x86bcf</run_address>
         <size>0x12</size>
         <input_file_ref idref="fl-15"/>
      </object_component>
      <object_component id="oc-941">
         <name>.text:CPUTimer_setPeriod</name>
         <load_address>0x86be1</load_address>
         <run_address>0x86be1</run_address>
         <size>0x11</size>
         <input_file_ref idref="fl-6"/>
      </object_component>
      <object_component id="oc-25f">
         <name>.text:CPUTimer_setPeriod</name>
         <load_address>0x86bf2</load_address>
         <run_address>0x86bf2</run_address>
         <size>0x11</size>
         <input_file_ref idref="fl-14"/>
      </object_component>
      <object_component id="oc-28d">
         <name>.text:CPUTimer_setPeriod</name>
         <load_address>0x86c03</load_address>
         <run_address>0x86c03</run_address>
         <size>0x11</size>
         <input_file_ref idref="fl-15"/>
      </object_component>
      <object_component id="oc-970">
         <name>.text:CPUTimer_getTimerCount</name>
         <load_address>0x86c14</load_address>
         <run_address>0x86c14</run_address>
         <size>0x10</size>
         <input_file_ref idref="fl-6"/>
      </object_component>
      <object_component id="oc-214">
         <name>.text:FW_BuImageRx_isrOnCommand</name>
         <load_address>0x86c24</load_address>
         <run_address>0x86c24</run_address>
         <size>0x10</size>
         <input_file_ref idref="fl-16"/>
      </object_component>
      <object_component id="oc-208">
         <name>.text:FW_ImageRx_isrOnCommand</name>
         <load_address>0x86c34</load_address>
         <run_address>0x86c34</run_address>
         <size>0x10</size>
         <input_file_ref idref="fl-18"/>
      </object_component>
      <object_component id="oc-873">
         <name>.text:Flash_isCtrlBaseValid</name>
         <load_address>0x86c44</load_address>
         <run_address>0x86c44</run_address>
         <size>0x10</size>
         <input_file_ref idref="fl-3d"/>
      </object_component>
      <object_component id="oc-87a">
         <name>.text:Flash_isECCBaseValid</name>
         <load_address>0x86c54</load_address>
         <run_address>0x86c54</run_address>
         <size>0x10</size>
         <input_file_ref idref="fl-3d"/>
      </object_component>
      <object_component id="oc-124">
         <name>.text:Interrupt_register</name>
         <load_address>0x86c64</load_address>
         <run_address>0x86c64</run_address>
         <size>0xf</size>
         <input_file_ref idref="fl-3"/>
      </object_component>
      <object_component id="oc-23e">
         <name>.text:Interrupt_register</name>
         <load_address>0x86c73</load_address>
         <run_address>0x86c73</run_address>
         <size>0xf</size>
         <input_file_ref idref="fl-6"/>
      </object_component>
      <object_component id="oc-163">
         <name>.text:Interrupt_register</name>
         <load_address>0x86c82</load_address>
         <run_address>0x86c82</run_address>
         <size>0xf</size>
         <input_file_ref idref="fl-8"/>
      </object_component>
      <object_component id="oc-17b">
         <name>.text:Interrupt_register</name>
         <load_address>0x86c91</load_address>
         <run_address>0x86c91</run_address>
         <size>0xf</size>
         <input_file_ref idref="fl-9"/>
      </object_component>
      <object_component id="oc-2b4">
         <name>.text:Interrupt_register</name>
         <load_address>0x86ca0</load_address>
         <run_address>0x86ca0</run_address>
         <size>0xf</size>
         <input_file_ref idref="fl-1a"/>
      </object_component>
      <object_component id="oc-27d">
         <name>.text:Interrupt_register</name>
         <load_address>0x86caf</load_address>
         <run_address>0x86caf</run_address>
         <size>0xf</size>
         <input_file_ref idref="fl-14"/>
      </object_component>
      <object_component id="oc-2a5">
         <name>.text:Interrupt_register</name>
         <load_address>0x86cbe</load_address>
         <run_address>0x86cbe</run_address>
         <size>0xf</size>
         <input_file_ref idref="fl-15"/>
      </object_component>
      <object_component id="oc-3e7">
         <name>.text:HW_RD_FIELD32_RAW</name>
         <load_address>0x86ccd</load_address>
         <run_address>0x86ccd</run_address>
         <size>0xd</size>
         <input_file_ref idref="fl-41"/>
      </object_component>
      <object_component id="oc-353">
         <name>.text:Interrupt_disableGlobal</name>
         <load_address>0x86cda</load_address>
         <run_address>0x86cda</run_address>
         <size>0xd</size>
         <input_file_ref idref="fl-40"/>
      </object_component>
      <object_component id="oc-359">
         <name>.text:Interrupt_enableGlobal</name>
         <load_address>0x86ce7</load_address>
         <run_address>0x86ce7</run_address>
         <size>0xd</size>
         <input_file_ref idref="fl-40"/>
      </object_component>
      <object_component id="oc-969">
         <name>.text:SysCtl_resetDevice</name>
         <load_address>0x86cf4</load_address>
         <run_address>0x86cf4</run_address>
         <size>0xd</size>
         <input_file_ref idref="fl-6"/>
      </object_component>
      <object_component id="oc-7ff">
         <name>.text:SysCtl_resetDevice</name>
         <load_address>0x86d01</load_address>
         <run_address>0x86d01</run_address>
         <size>0xd</size>
         <input_file_ref idref="fl-18"/>
      </object_component>
      <object_component id="oc-746">
         <name>.text:SysCtl_setLowSpeedClock</name>
         <load_address>0x86d0e</load_address>
         <run_address>0x86d0e</run_address>
         <size>0xd</size>
         <input_file_ref idref="fl-1d"/>
      </object_component>
      <object_component id="oc-96">
         <name>.text:THD_ADC_isr</name>
         <load_address>0x86d1b</load_address>
         <run_address>0x86d1b</run_address>
         <size>0xd</size>
         <input_file_ref idref="fl-1a"/>
      </object_component>
      <object_component id="oc-868">
         <name>.text:canTxIsWatchdogExpired</name>
         <load_address>0x86d28</load_address>
         <run_address>0x86d28</run_address>
         <size>0xc</size>
         <input_file_ref idref="fl-6"/>
      </object_component>
      <object_component id="oc-4a0">
         <name>.text</name>
         <load_address>0x86d34</load_address>
         <run_address>0x86d34</run_address>
         <size>0xc</size>
         <input_file_ref idref="fl-6f"/>
      </object_component>
      <object_component id="oc-734">
         <name>.text:SysCtl_disableWatchdog</name>
         <load_address>0x86d40</load_address>
         <run_address>0x86d40</run_address>
         <size>0xb</size>
         <input_file_ref idref="fl-1d"/>
      </object_component>
      <object_component id="oc-8a7">
         <name>.text:SysCtl_isMCDClockFailureDetected</name>
         <load_address>0x86d4b</load_address>
         <run_address>0x86d4b</run_address>
         <size>0xb</size>
         <input_file_ref idref="fl-43"/>
      </object_component>
      <object_component id="oc-6ef">
         <name>.text:FW_BuM_finishWith</name>
         <load_address>0x86d56</load_address>
         <run_address>0x86d56</run_address>
         <size>0xa</size>
[...]
         <name>FW_eraseFlashRange</name>
         <value>0xc2fe</value>
         <object_component_ref idref="oc-7ca"/>
      </symbol>
      <symbol id="sm-891">
         <name>THD_ADC_isr</name>
         <value>0x86d1b</value>
         <object_component_ref idref="oc-96"/>
      </symbol>
      <symbol id="sm-892">
         <name>g_adcState</name>
         <value>0x10000</value>
         <object_component_ref idref="oc-f6"/>
      </symbol>
      <symbol id="sm-893">
         <name>THD_ADC_start</name>
         <value>0x86659</value>
         <object_component_ref idref="oc-97"/>
      </symbol>
      <symbol id="sm-8ea">
         <name>Device_enableAllPeripherals</name>
         <value>0x845d4</value>
         <object_component_ref idref="oc-759"/>
      </symbol>
      <symbol id="sm-8eb">
         <name>Device_initGPIO</name>
         <value>0x865a3</value>
         <object_component_ref idref="oc-613"/>
      </symbol>
      <symbol id="sm-8ec">
         <name>Device_init</name>
         <value>0x846ac</value>
         <object_component_ref idref="oc-60d"/>
      </symbol>
      <symbol id="sm-8ed">
         <name>__error__</name>
         <value>0x86e19</value>
         <object_component_ref idref="oc-2ff"/>
      </symbol>
      <symbol id="sm-8fc">
         <name>code_start</name>
         <value>0x82000</value>
         <object_component_ref idref="oc-28"/>
      </symbol>
      <symbol id="sm-957">
         <name>g_dcFilterStartupCount</name>
         <value>0xa8f4</value>
         <object_component_ref idref="oc-316"/>
      </symbol>
      <symbol id="sm-958">
         <name>Metrology_perSampleProcessing</name>
         <value>0x83278</value>
         <object_component_ref idref="oc-105"/>
      </symbol>
      <symbol id="sm-959">
         <name>logPhaseParameters</name>
         <value>0x8482a</value>
         <object_component_ref idref="oc-32a"/>
      </symbol>
      <symbol id="sm-95a">
         <name>logNeutralParameters</name>
         <value>0x85b49</value>
         <object_component_ref idref="oc-330"/>
      </symbol>
      <symbol id="sm-95b">
         <name>Metrology_directSin</name>
         <value>0x86b86</value>
         <object_component_ref idref="oc-324"/>
      </symbol>
      <symbol id="sm-97c">
         <name>Fapi_issueAsyncCommandWithAddress</name>
         <value>0xcaa7</value>
         <object_component_ref idref="oc-7f2"/>
      </symbol>
      <symbol id="sm-97d">
         <name>Fapi_issueAsyncCommand</name>
         <value>0xcb31</value>
         <object_component_ref idref="oc-912"/>
      </symbol>
      <symbol id="sm-9a5">
         <name>Fapi_issueProgrammingCommand</name>
         <value>0xc66d</value>
         <object_component_ref idref="oc-809"/>
      </symbol>
      <symbol id="sm-9b5">
         <name>Fapi_doBlankCheck</name>
         <value>0xc9e2</value>
         <object_component_ref idref="oc-8fe"/>
      </symbol>
      <symbol id="sm-9d4">
         <name>Fapi_flushPipeline</name>
         <value>0xcb92</value>
         <object_component_ref idref="oc-9f4"/>
      </symbol>
      <symbol id="sm-9d5">
         <name>Fapi_loopRegionForValue</name>
         <value>0xc970</value>
         <object_component_ref idref="oc-9fa"/>
      </symbol>
      <symbol id="sm-a1d">
         <name>Fapi_CheckLinkPointers</name>
         <value>0xcb76</value>
         <object_component_ref idref="oc-92a"/>
      </symbol>
      <symbol id="sm-a1e">
         <name>Fapi_setActiveFlashBank</name>
         <value>0xcbd5</value>
         <object_component_ref idref="oc-78b"/>
      </symbol>
      <symbol id="sm-a1f">
         <name>Fapi_isAddressEcc</name>
         <value>0xca30</value>
         <object_component_ref idref="oc-a4a"/>
      </symbol>
      <symbol id="sm-a20">
         <name>Fapi_setupBankSectorEnable</name>
         <value>0xcb55</value>
         <object_component_ref idref="oc-7ec"/>
      </symbol>
      <symbol id="sm-a21">
         <name>Fapi_issueFsmCommand</name>
         <value>0xcba7</value>
         <object_component_ref idref="oc-920"/>
      </symbol>
      <symbol id="sm-a22">
         <name>Fapi_checkFsmForReady</name>
         <value>0xcbc8</value>
         <object_component_ref idref="oc-7f8"/>
      </symbol>
      <symbol id="sm-a23">
         <name>Fapi_getFsmStatus</name>
         <value>0xcbdb</value>
         <object_component_ref idref="oc-811"/>
      </symbol>
      <symbol id="sm-a43">
         <name>Fapi_initializeAPI</name>
         <value>0xc7f6</value>
         <object_component_ref idref="oc-77f"/>
      </symbol>
      <symbol id="sm-a6e">
         <name>Fapi_regReadback</name>
         <value>0xcbb8</value>
         <object_component_ref idref="oc-91a"/>
      </symbol>
      <symbol id="sm-a6f">
         <name>Write_32</name>
         <value>0xcb0b</value>
         <object_component_ref idref="oc-8de"/>
      </symbol>
      <symbol id="sm-a70">
         <name>Write_32bp</name>
         <value>0xcae1</value>
         <object_component_ref idref="oc-8d8"/>
      </symbol>
      <symbol id="sm-a71">
         <name>Fapi_isAddressValid</name>
         <value>0xca6c</value>
         <object_component_ref idref="oc-9ee"/>
      </symbol>
      <symbol id="sm-a8d">
         <name>CPUTimer_setEmulationMode</name>
         <value>0x86ac8</value>
         <object_component_ref idref="oc-259"/>
      </symbol>
      <symbol id="sm-aed">
         <name>Flash_initModule</name>
         <value>0xc466</value>
         <object_component_ref idref="oc-73a"/>
      </symbol>
      <symbol id="sm-b3e">
         <name>GPIO_setQualificationMode</name>
         <value>0x85e5f</value>
         <object_component_ref idref="oc-3ab"/>
      </symbol>
      <symbol id="sm-b3f">
         <name>GPIO_setPadConfig</name>
         <value>0x855b6</value>
         <object_component_ref idref="oc-3a5"/>
      </symbol>
      <symbol id="sm-b40">
         <name>GPIO_setAnalogMode</name>
         <value>0x844e9</value>
         <object_component_ref idref="oc-771"/>
      </symbol>
      <symbol id="sm-b41">
         <name>GPIO_setDirectionMode</name>
         <value>0x85f9b</value>
         <object_component_ref idref="oc-5bc"/>
      </symbol>
      <symbol id="sm-b42">
         <name>GPIO_setPinConfig</name>
         <value>0x85e28</value>
         <object_component_ref idref="oc-39f"/>
      </symbol>
      <symbol id="sm-b83">
         <name>I2C_getInterruptStatus</name>
         <value>0x862ec</value>
         <object_component_ref idref="oc-145"/>
      </symbol>
      <symbol id="sm-b84">
         <name>I2C_clearInterruptStatus</name>
         <value>0x8623b</value>
         <object_component_ref idref="oc-14b"/>
      </symbol>
      <symbol id="sm-b85">
         <name>I2C_initController</name>
         <value>0x85338</value>
         <object_component_ref idref="oc-187"/>
      </symbol>
      <symbol id="sm-b86">
         <name>I2C_enableInterrupt</name>
         <value>0x860b0</value>
         <object_component_ref idref="oc-1ab"/>
      </symbol>
      <symbol id="sm-bff">
         <name>Interrupt_defaultHandler</name>
         <value>0x868f0</value>
         <object_component_ref idref="oc-a2"/>
      </symbol>
      <symbol id="sm-c00">
         <name>Interrupt_disable</name>
         <value>0x85798</value>
         <object_component_ref idref="oc-15d"/>
      </symbol>
      <symbol id="sm-c01">
         <name>Interrupt_initModule</name>
         <value>0x85d03</value>
         <object_component_ref idref="oc-61f"/>
      </symbol>
      <symbol id="sm-c02">
         <name>Interrupt_nmiHandler</name>
         <value>0x86d6a</value>
         <object_component_ref idref="oc-b4"/>
      </symbol>
      <symbol id="sm-c03">
         <name>Interrupt_enable</name>
         <value>0x85e96</value>
         <object_component_ref idref="oc-12a"/>
      </symbol>
      <symbol id="sm-c04">
         <name>Interrupt_initVectorTable</name>
         <value>0x864c3</value>
         <object_component_ref idref="oc-a7"/>
      </symbol>
      <symbol id="sm-c05">
         <name>Interrupt_illegalOperationHandler</name>
         <value>0x86d60</value>
         <object_component_ref idref="oc-ae"/>
      </symbol>
      <symbol id="sm-d67">
         <name>MCAN_getRxFIFOStatus</name>
         <value>0x84ed9</value>
         <object_component_ref idref="oc-1d2"/>
      </symbol>
      <symbol id="sm-d68">
         <name>MCAN_enableIntrLine</name>
         <value>0x860da</value>
         <object_component_ref idref="oc-64f"/>
      </symbol>
      <symbol id="sm-d69">
         <name>MCAN_getOpMode</name>
         <value>0x86851</value>
         <object_component_ref idref="oc-7a1"/>
      </symbol>
      <symbol id="sm-d6a">
         <name>MCAN_writeMsgRam</name>
         <value>0x854b6</value>
         <object_component_ref idref="oc-369"/>
      </symbol>
      <symbol id="sm-d6b">
         <name>MCAN_clearNewDataStatus</name>
         <value>0x8640b</value>
         <object_component_ref idref="oc-226"/>
      </symbol>
      <symbol id="sm-d6c">
         <name>MCAN_getProtocolStatus</name>
         <value>0x850aa</value>
         <object_component_ref idref="oc-850"/>
      </symbol>
      <symbol id="sm-d6d">
         <name>MCAN_addStdMsgIDFilter</name>
         <value>0x85749</value>
         <object_component_ref idref="oc-7b9"/>
      </symbol>
      <symbol id="sm-d6e">
         <name>MCAN_getMsgObjSize</name>
         <value>0x86ab4</value>
         <object_component_ref idref="oc-3ed"/>
      </symbol>
      <symbol id="sm-d6f">
         <name>MCAN_isMemInitDone</name>
         <value>0x8642a</value>
         <object_component_ref idref="oc-795"/>
      </symbol>
      <symbol id="sm-d70">
         <name>MCAN_getTxBufReqPend</name>
         <value>0x86b73</value>
         <object_component_ref idref="oc-375"/>
      </symbol>
      <symbol id="sm-d71">
         <name>MCAN_enableIntr</name>
         <value>0x85f35</value>
         <object_component_ref idref="oc-643"/>
      </symbol>
      <symbol id="sm-d72">
         <name>MCAN_setOpMode</name>
         <value>0x866a5</value>
         <object_component_ref idref="oc-79b"/>
      </symbol>
      <symbol id="sm-d73">
         <name>MCAN_readMsgRam</name>
         <value>0x84a0f</value>
         <object_component_ref idref="oc-1db"/>
      </symbol>
      <symbol id="sm-d74">
         <name>MCAN_getIntrStatus</name>
         <value>0x86b60</value>
         <object_component_ref idref="oc-1c0"/>
      </symbol>
      <symbol id="sm-d75">
         <name>MCAN_clearIntrStatus</name>
         <value>0x869ae</value>
         <object_component_ref idref="oc-1c6"/>
      </symbol>
      <symbol id="sm-d76">
         <name>MCAN_selectIntrLine</name>
         <value>0x85f68</value>
         <object_component_ref idref="oc-649"/>
      </symbol>
      <symbol id="sm-d77">
         <name>MCAN_init</name>
         <value>0x843f9</value>
         <object_component_ref idref="oc-7a7"/>
      </symbol>
      <symbol id="sm-d78">
         <name>MCAN_clearInterrupt</name>
         <value>0x86625</value>
         <object_component_ref idref="oc-1cc"/>
      </symbol>
      <symbol id="sm-d79">
         <name>MCAN_txBufAddReq</name>
         <value>0x8602d</value>
         <object_component_ref idref="oc-36f"/>
      </symbol>
      <symbol id="sm-d7a">
         <name>MCAN_getNewDataStatus</name>
         <value>0x864fe</value>
         <object_component_ref idref="oc-1f0"/>
      </symbol>
      <symbol id="sm-d7b">
         <name>MCAN_txBufCancellationReq</name>
         <value>0x86059</value>
         <object_component_ref idref="oc-962"/>
      </symbol>
      <symbol id="sm-d7c">
         <name>MCAN_writeRxFIFOAck</name>
         <value>0x8545c</value>
         <object_component_ref idref="oc-1e1"/>
      </symbol>
      <symbol id="sm-d7d">
         <name>MCAN_msgRAMConfig</name>
         <value>0x838ec</value>
         <object_component_ref idref="oc-7b3"/>
      </symbol>
      <symbol id="sm-d7e">
         <name>MCAN_setBitTime</name>
         <value>0x84771</value>
         <object_component_ref idref="oc-7ad"/>
      </symbol>
      <symbol id="sm-db0">
         <name>PGA_setOffsetTrimNMOS</name>
         <value>0x85b8b</value>
         <object_component_ref idref="oc-75f"/>
      </symbol>
      <symbol id="sm-db1">
         <name>PGA_setOffsetTrimPMOS</name>
         <value>0x85b05</value>
         <object_component_ref idref="oc-765"/>
      </symbol>
      <symbol id="sm-ec3">
         <name>SysCtl_isPLLValid</name>
         <value>0x84208</value>
         <object_component_ref idref="oc-8b9"/>
      </symbol>
      <symbol id="sm-ec4">
         <name>SysCtl_delay</name>
         <value>0xc666</value>
         <object_component_ref idref="oc-65b"/>
      </symbol>
      <symbol id="sm-ec5">
         <name>SysCtl_selectXTALSingleEnded</name>
         <value>0x861f2</value>
         <object_component_ref idref="oc-98f"/>
      </symbol>
      <symbol id="sm-ec6">
         <name>SysCtl_selectXTAL</name>
         <value>0x85a34</value>
         <object_component_ref idref="oc-989"/>
      </symbol>
      <symbol id="sm-ec7">
         <name>SysCtl_selectOscSource</name>
         <value>0x859ed</value>
         <object_component_ref idref="oc-8ad"/>
      </symbol>
      <symbol id="sm-ec8">
         <name>SysCtl_getLowSpeedClock</name>
         <value>0x8663f</value>
         <object_component_ref idref="oc-753"/>
      </symbol>
      <symbol id="sm-ec9">
         <name>SysCtl_setClock</name>
         <value>0x83db0</value>
         <object_component_ref idref="oc-740"/>
      </symbol>
      <symbol id="sm-eca">
         <name>SysCtl_getClock</name>
         <value>0x852d3</value>
         <object_component_ref idref="oc-74c"/>
      </symbol>
      <symbol id="sm-ed7">
         <name>__c28xabi_divf</name>
         <value>0x86709</value>
         <object_component_ref idref="oc-31f"/>
      </symbol>
      <symbol id="sm-edf">
         <name>sinf</name>
         <value>0x85f01</value>
         <object_component_ref idref="oc-4c5"/>
      </symbol>
      <symbol id="sm-ee3">
         <name>FPU32sinTableEnd</name>
         <value>0x8400</value>
         <object_component_ref idref="oc-591"/>
      </symbol>
      <symbol id="sm-ee4">
         <name>FPUcosTable</name>
         <value>0x8100</value>
         <object_component_ref idref="oc-591"/>
      </symbol>
      <symbol id="sm-ee5">
         <name>FPU32cosTableEnd</name>
         <value>0x8502</value>
         <object_component_ref idref="oc-591"/>
      </symbol>
      <symbol id="sm-ee6">
         <name>FPU32cosTable</name>
         <value>0x8100</value>
         <object_component_ref idref="oc-591"/>
      </symbol>
      <symbol id="sm-ee7">
         <name>FPU32sinTable</name>
         <value>0x8000</value>
         <object_component_ref idref="oc-591"/>
      </symbol>
      <symbol id="sm-ee8">
         <name>FPUsinTable</name>
         <value>0x8000</value>
         <object_component_ref idref="oc-591"/>
      </symbol>
      <symbol id="sm-ee9">
         <name>FPU32atan2TableEnd</name>
         <value>0x868c</value>
         <object_component_ref idref="oc-591"/>
      </symbol>
      <symbol id="sm-eea">
         <name>FPUatan2TableEnd</name>
         <value>0x868c</value>
         <object_component_ref idref="oc-591"/>
      </symbol>
      <symbol id="sm-eeb">
         <name>FPUatan2Table</name>
         <value>0x8506</value>
         <object_component_ref idref="oc-591"/>
      </symbol>
      <symbol id="sm-eec">
         <name>FPUcosTableEnd</name>
         <value>0x8502</value>
         <object_component_ref idref="oc-591"/>
      </symbol>
      <symbol id="sm-eed">
         <name>FPUatan2HalfPITable</name>
         <value>0x8502</value>
         <object_component_ref idref="oc-591"/>
      </symbol>
      <symbol id="sm-eee">
         <name>FPU32atan2HalfPITable</name>
         <value>0x8502</value>
         <object_component_ref idref="oc-591"/>
      </symbol>
      <symbol id="sm-eef">
         <name>FPUsinTableEnd</name>
         <value>0x8400</value>
         <object_component_ref idref="oc-591"/>
      </symbol>
      <symbol id="sm-ef0">
         <name>FPU32atan2Table</name>
         <value>0x8506</value>
         <object_component_ref idref="oc-591"/>
      </symbol>
      <symbol id="sm-efc">
         <name>_c_int00</name>
         <value>0x868ad</value>
         <object_component_ref idref="oc-2df"/>
      </symbol>
      <symbol id="sm-efd">
         <name>__stack</name>
         <value>0xcbe0</value>
         <object_component_ref idref="oc-ba"/>
      </symbol>
      <symbol id="sm-f15">
         <name>memcpy</name>
         <value>0x8651b</value>
         <object_component_ref idref="oc-bd"/>
      </symbol>
      <symbol id="sm-f22">
         <name>_system_pre_init</name>
         <value>0x86e2c</value>
         <object_component_ref idref="oc-499"/>
      </symbol>
      <symbol id="sm-f31">
         <name>__TI_auto_init_nobinit_nopinit</name>
         <value>0x86085</value>
         <object_component_ref idref="oc-552"/>
      </symbol>
      <symbol id="sm-f3e">
         <name>__TI_zero_init</name>
         <value>0x86e0e</value>
         <object_component_ref idref="oc-cb"/>
      </symbol>
      <symbol id="sm-f4b">
         <name>__TI_decompress_none</name>
         <value>0x86daa</value>
         <object_component_ref idref="oc-21"/>
      </symbol>
      <symbol id="sm-f5f">
         <name>__TI_decompress_lzss</name>
         <value>0x85ffd</value>
         <object_component_ref idref="oc-1b"/>
      </symbol>
      <symbol id="sm-f75">
         <name>C$$EXIT</name>
         <value>0x8612c</value>
         <object_component_ref idref="oc-4a6"/>
      </symbol>
      <symbol id="sm-f76">
         <name>abort</name>
         <value>0x8612c</value>
         <object_component_ref idref="oc-4a6"/>
      </symbol>
      <symbol id="sm-f77">
         <name>exit</name>
         <value>0x8612e</value>
         <object_component_ref idref="oc-4a6"/>
      </symbol>
      <symbol id="sm-f78">
         <name>__TI_dtors_ptr</name>
         <value>0xa8d4</value>
         <object_component_ref idref="oc-586"/>
      </symbol>
      <symbol id="sm-f79">
         <name>__TI_cleanup_ptr</name>
         <value>0xa8d2</value>
         <object_component_ref idref="oc-586"/>
      </symbol>
      <symbol id="sm-f7a">
         <name>__TI_enable_exit_profile_output</name>
         <value>0xa8d0</value>
         <object_component_ref idref="oc-586"/>
      </symbol>
      <symbol id="sm-f91">
         <name>_nop</name>
         <value>0x86d99</value>
         <object_component_ref idref="oc-5f7"/>
      </symbol>
      <symbol id="sm-f92">
         <name>_lock</name>
         <value>0xa8f0</value>
         <object_component_ref idref="oc-589"/>
      </symbol>
      <symbol id="sm-f93">
         <name>_unlock</name>
         <value>0xa8f2</value>
         <object_component_ref idref="oc-727"/>
      </symbol>
      <symbol id="sm-f94">
         <name>_register_lock</name>
         <value>0x86d95</value>
         <object_component_ref idref="oc-5f7"/>
      </symbol>
      <symbol id="sm-f95">
         <name>_register_unlock</name>
         <value>0x86d91</value>
         <object_component_ref idref="oc-5f7"/>
      </symbol>
      <symbol id="sm-fa4">
         <name>_args_main</name>
         <value>0x86d34</value>
         <object_component_ref idref="oc-4a0"/>
      </symbol>
      <symbol id="sm-fb3">
         <name>memset</name>
         <value>0x86ddd</value>
         <object_component_ref idref="oc-2d8"/>
      </symbol>
      <symbol id="sm-fc1">
         <name>_system_post_cinit</name>
         <value>0x86e2e</value>
         <object_component_ref idref="oc-5a7"/>
      </symbol>
      <symbol id="sm-fc3">
         <name>__c_args__</name>
         <value>0x0</value>
      </symbol>
   </symbol_table>
   <title>Link successful</title>
</link_info>
