******************************************************************************
             TMS320C2000 Linker PC v22.6.1                     
******************************************************************************
>> Linked Thu Apr  2 19:23:40 2026

OUTPUT FILE NAME:   <flash_kernel_ex4_can_flash_kernel.out>
ENTRY POINT SYMBOL: "code_start"  address: 00000000


MEMORY CONFIGURATION

         name            origin    length      used     unused   attr    fill
----------------------  --------  ---------  --------  --------  ----  --------
  BEGIN                 00000000   00000002  00000002  00000000  RWIX
  BOOT_RSVD             00000002   00000126  00000000  00000126  RWIX
  RAMM0                 00000128   000002d8  0000010d  000001cb  RWIX
  RAMM1                 00000400   00000400  00000200  00000200  RWIX
  CLATOCPURAM           00001480   00000080  00000000  00000080  RWIX
  CPUTOCLARAM           00001500   00000080  00000000  00000080  RWIX
  CLATODMARAM           00001680   00000080  00000000  00000080  RWIX
  DMATOCLARAM           00001700   00000080  00000000  00000080  RWIX
  RAMLS0                00008000   00000800  00000800  00000000  RWIX
  RAMLS1                00008800   00000800  00000800  00000000  RWIX
  RAMLS2                00009000   00000800  00000800  00000000  RWIX
  RAMLS3                00009800   00000800  00000800  00000000  RWIX
  RAMLS4                0000a000   00000800  00000800  00000000  RWIX
  RAMLS5                0000a800   00000800  000004c8  00000338  RWIX
  RAMLS6                0000b000   00000800  00000000  00000800  RWIX
  RAMLS7                0000b800   00000800  00000000  00000800  RWIX
  RAMGS0                0000c000   00002000  00000000  00002000  RWIX
  RAMGS1                0000e000   00002000  00000000  00002000  RWIX
  RAMGS2                00010000   00002000  00000000  00002000  RWIX
  RAMGS3                00012000   00002000  00000000  00002000  RWIX
  RAMLS8                00014000   00002000  00000000  00002000  RWIX
  RAMLS9                00016000   00002000  00000000  00002000  RWIX
  FLASH_BANK0           00080000   00020000  00000000  00020000  RWIX
  FLASH_BANK1           000a0000   00020000  00000000  00020000  RWIX
  FLASH_BANK2           000c0000   00020000  00000000  00020000  RWIX
  FLASH_BANK3           000e0000   00020000  00000000  00020000  RWIX
  FLASH_BANK4           00100000   00020000  00000000  00020000  RWIX
  RESET                 003fffc0   00000002  00000000  00000002  RWIX


SECTION ALLOCATION MAP

 output                                  attributes/
section   page    origin      length       input sections
--------  ----  ----------  ----------   ----------------
codestart 
*          0    00000000    00000002     
                  00000000    00000002     flash_kernel_ex4_codestartbranch.obj (codestart)

.cinit     0    000001f6    00000040     
                  000001f6    0000002e     (.cinit..data.load) [load image, compression = lzss]
                  00000224    00000006     (__TI_handler_table)
                  0000022a    00000004     (.cinit..bss.load) [load image, compression = zero_init]
                  0000022e    00000008     (__TI_cinit_table)

.reset     0    003fffc0    00000000     DSECT

.stack     0    00000400    00000200     UNINITIALIZED
                  00000400    00000200     --HOLE--

.bss       0    0000a800    00000074     UNINITIALIZED
                  0000a800    0000006a     MCAN_Boot.obj (.bss)
                  0000a86a    00000004     ex_4_cpu1brom_pll.obj (.bss)
                  0000a86e    00000004     flash_kernel_ex4_boot.obj (.bss:miniBuffer)
                  0000a872    00000002     flash_kernel_ex4_boot.obj (.bss)

.init_array 
*          0    00000128    00000000     UNINITIALIZED

.data      0    0000a874    0000003a     UNINITIALIZED
                  0000a874    00000020     driverlib.lib : mcan.obj (.data:dataSize)
                  0000a894    00000010                   : mcan.obj (.data:objSize)
                  0000a8a4    00000006     rts2800_fpu32_eabi.lib : exit.c.obj (.data)
                  0000a8aa    00000002                            : _lock.c.obj (.data:_lock)
                  0000a8ac    00000002                            : _lock.c.obj (.data:_unlock)

.const     0    0000a8ec    000003dd     
                  0000a8ec    0000000a     flash_kernel_ex4_can_flash_kernel.obj (.const:$P$T0$1)
                  0000a8f6    0000000a     --HOLE-- [fill = 0]
                  0000a900    000000cc     MCAN_Boot.obj (.const)
                  0000a9cc    0000009b     driverlib.lib : flash.obj (.const:.string)
                  0000aa67    00000001     --HOLE-- [fill = 0]
                  0000aa68    0000009a                   : sysctl.obj (.const:.string)
                  0000ab02    00000098                   : gpio.obj (.const:.string)
                  0000ab9a    00000097                   : dcc.obj (.const:.string)
                  0000ac31    00000001     --HOLE-- [fill = 0]
                  0000ac32    0000004c                   : mcan.obj (.const:.string)
                  0000ac7e    0000004b                   : pga.obj (.const:.string)

.TI.ramfunc 
*          0    00000128    000000cd     
                  00000128    00000036     driverlib.lib : flash.obj (.TI.ramfunc:Flash_initModule)
                  0000015e    00000022                   : flash.obj (.TI.ramfunc:Flash_setWaitstates)
                  00000180    00000018                   : flash.obj (.TI.ramfunc:Flash_disableCache)
                  00000198    00000017                   : flash.obj (.TI.ramfunc:Flash_disablePrefetch)
                  000001af    00000016                   : flash.obj (.TI.ramfunc:Flash_enableCache)
                  000001c5    00000016                   : flash.obj (.TI.ramfunc:Flash_enableECC)
                  000001db    00000016                   : flash.obj (.TI.ramfunc:Flash_enablePrefetch)
                  000001f1    00000004                   : sysctl.obj (.TI.ramfunc)

.text.1    0    00008000    00000800     
                  00008000    000005dd     MCAN_Boot.obj (.text)
                  000085dd    000001c2     driverlib.lib : mcan.obj (.text:MCAN_msgRAMConfig)
                  0000879f    00000057                   : mcan.obj (.text:MCAN_writeMsgRam)
                  000087f6    00000009     rts2800_fpu32_eabi.lib : _lock.c.obj (.text)
                  000087ff    00000001                            : startup.c.obj (.text)

.text.2    0    00008800    00000800     
                  00008800    0000036b     flash_kernel_ex4_boot.obj (.text)
                  00008b6b    0000022b     device.obj (.text)
                  00008d96    000001ad     ex_4_cpu1brom_pll.obj (.text)
                  00008f43    000000b9     driverlib.lib : mcan.obj (.text:MCAN_setBitTime)
                  00008ffc    00000004     FAPI_F28P55x_EABI_v4.00.00.lib : FlashStateMachine.obj (.text:Fapi_getFsmStatus)

.text.3    0    00009000    00000800     
                  00009000    00000189     FAPI_F28P55x_EABI_v4.00.00.lib : Program.obj (.text:Fapi_issueProgrammingCommand)
                  00009189    0000017a                                    : Init.obj (.text:Fapi_initializeAPI)
                  00009303    00000123     driverlib.lib : sysctl.obj (.text:SysCtl_setClock)
                  00009426    00000122                   : mcan.obj (.text:MCAN_writeMsg)
                  00009548    00000107                   : mcan.obj (.text:MCAN_readMsg)
                  0000964f    000000fe                   : sysctl.obj (.text:SysCtl_isPLLValid)
                  0000974d    0000009d     FAPI_F28P55x_EABI_v4.00.00.lib : Program_512bits_AutoEcc.obj (.text:Fapi_issueAutoEcc512ProgrammingCommand)
                  000097ea    00000016     driverlib.lib : dcc.obj (.text:DCC_disableDoneSignal)

.text.4    0    00009800    00000800     
                  00009800    000000f0     driverlib.lib : mcan.obj (.text:MCAN_init)
                  000098f0    000000eb                   : gpio.obj (.text:GPIO_setAnalogMode)
                  000099db    000000cb                   : dcc.obj (.text:DCC_verifyClockFrequency)
                  00009aa6    000000be                   : mcan.obj (.text:MCAN_config)
                  00009b64    00000098                   : mcan.obj (.text:MCAN_readMsgRam)
                  00009bfc    00000088     rts2800_fpu32_eabi.lib : fs_div28.asm.obj (.text)
                  00009c84    00000073     driverlib.lib : dcc.obj (.text:DCC_setCounterSeeds)
                  00009cf7    00000073                   : sysctl.obj (.text:DCC_setCounterSeeds)
                  00009d6a    00000072     FAPI_F28P55x_EABI_v4.00.00.lib : Read.obj (.text:Fapi_loopRegionForValue)
                  00009ddc    00000052     driverlib.lib : gpio.obj (.text:GPIO_setPadConfig)
                  00009e2e    0000004f                   : mcan.obj (.text:MCAN_addStdMsgIDFilter)
                  00009e7d    0000004e     FAPI_F28P55x_EABI_v4.00.00.lib : BlankCheck.obj (.text:Fapi_doBlankCheck)
                  00009ecb    00000047     driverlib.lib : sysctl.obj (.text:SysCtl_selectOscSource)
                  00009f12    00000047     flash_kernel_ex4_can_flash_kernel.obj (.text)
                  00009f59    00000046     driverlib.lib : sysctl.obj (.text:SysCtl_selectXTAL)
                  00009f9f    00000045                   : sysctl.obj (.text:SysCtl_pollX1Counter)
                  00009fe4    0000001c                   : dcc.obj (.text:DCC_getErrorStatus)

.text.5    0    0000a000    00000800     
                  0000a000    00000044     FAPI_F28P55x_EABI_v4.00.00.lib : FlashStateMachine.obj (.text:Fapi_CheckAddressValid)
                  0000a044    00000044     driverlib.lib : pga.obj (.text:PGA_setOffsetTrimPMOS)
                  0000a088    00000042     FAPI_F28P55x_EABI_v4.00.00.lib : Async.obj (.text:Fapi_issueBankEraseCommand)
                  0000a0ca    00000041     driverlib.lib : pga.obj (.text:PGA_setOffsetTrimNMOS)
                  0000a10b    0000003c     FAPI_F28P55x_EABI_v4.00.00.lib : FlashStateMachine.obj (.text:Fapi_isAddressEcc)
                  0000a147    0000003b                                    : Utilities.obj (.text:Fapi_isAddressValid)
                  0000a182    00000038                                    : Verify.obj (.text:Fapi_doVerify)
                  0000a1ba    00000037     driverlib.lib : gpio.obj (.text:GPIO_setPinConfig)
                  0000a1f1    00000037                   : gpio.obj (.text:GPIO_setQualificationMode)
                  0000a228    00000030     rts2800_fpu32_eabi.lib : copy_decompress_lzss.c.obj (.text:decompress:lzss)
                  0000a258    0000002c     driverlib.lib : gpio.obj (.text:GPIO_isPinValid)
                  0000a284    0000002c                   : mcan.obj (.text:MCAN_txBufAddReq)
                  0000a2b0    0000002b     rts2800_fpu32_eabi.lib : autoinit.c.obj (.text:__TI_auto_init_nobinit_nopinit)
                  0000a2db    0000002a     FAPI_F28P55x_EABI_v4.00.00.lib : Utilities.obj (.text:Write_32bp)
                  0000a305    00000029     rts2800_fpu32_eabi.lib : exit.c.obj (.text)
                  0000a32e    00000026     FAPI_F28P55x_EABI_v4.00.00.lib : Utilities.obj (.text:Write_32)
                  0000a354    00000025     driverlib.lib : sysctl.obj (.text:SysCtl_selectXTALSingleEnded)
                  0000a379    00000024                   : dcc.obj (.text:DCC_enableSingleShotMode)
                  0000a39d    00000024                   : sysctl.obj (.text:DCC_enableSingleShotMode)
                  0000a3c1    00000024     FAPI_F28P55x_EABI_v4.00.00.lib : Async.obj (.text:Fapi_issueAsyncCommand)
                  0000a3e5    00000023                                    : Read.obj (.text:Fapi_checkRegionForValue)
                  0000a408    00000023     flash_kernel_ex4_codestartbranch.obj (.text)
                  0000a42b    00000021     FAPI_F28P55x_EABI_v4.00.00.lib : FlashStateMachine.obj (.text:Fapi_setupBankSectorEnable)
                  0000a44c    0000001f     driverlib.lib : mcan.obj (.text:MCAN_isMemInitDone)
                  0000a46b    0000001e                   : dcc.obj (.text:DCC_setCounter0ClkSource)
                  0000a489    0000001e                   : sysctl.obj (.text:DCC_setCounter0ClkSource)
                  0000a4a7    0000001e                   : dcc.obj (.text:DCC_setCounter1ClkSource)
                  0000a4c5    0000001e                   : sysctl.obj (.text:DCC_setCounter1ClkSource)
                  0000a4e3    0000001d     rts2800_fpu32_eabi.lib : memcpy.c.obj (.text)
                  0000a500    0000001c     driverlib.lib : dcc.obj (.text:DCC_getSingleShotStatus)
                  0000a51c    0000001c     FAPI_F28P55x_EABI_v4.00.00.lib : FlashStateMachine.obj (.text:Fapi_CheckLinkPointers)
                  0000a538    00000019     driverlib.lib : mcan.obj (.text:MCAN_setOpMode)
                  0000a551    00000019                   : mcan.obj (.text:MCAN_writeProtectedRegAccessLock)
                  0000a56a    00000019                   : mcan.obj (.text:MCAN_writeProtectedRegAccessUnlock)
                  0000a583    00000019                   : sysctl.obj (.text:SysCtl_setPLLSysClk)
                  0000a59c    00000017                   : mcan.obj (.text:HW_WR_FIELD32_RAW)
                  0000a5b3    00000017                   : mcan.obj (.text:MCAN_getOpMode)
                  0000a5ca    00000017                   : pga.obj (.text:PGA_isBaseValid)
                  0000a5e1    00000017                   : sysctl.obj (.text:SysCtl_enablePeripheral)
                  0000a5f8    00000017     rts2800_fpu32_eabi.lib : boot28.asm.obj (.text)
                  0000a60f    00000016     driverlib.lib : sysctl.obj (.text:DCC_disableDoneSignal)
                  0000a625    00000016                   : dcc.obj (.text:DCC_enableDoneSignal)
                  0000a63b    00000015                   : dcc.obj (.text:DCC_clearDoneFlag)
                  0000a650    00000015                   : sysctl.obj (.text:DCC_clearDoneFlag)
                  0000a665    00000015                   : dcc.obj (.text:DCC_clearErrorFlag)
                  0000a67a    00000015                   : sysctl.obj (.text:DCC_clearErrorFlag)
                  0000a68f    00000015                   : dcc.obj (.text:DCC_disableErrorSignal)
                  0000a6a4    00000015                   : sysctl.obj (.text:DCC_disableErrorSignal)
                  0000a6b9    00000015                   : dcc.obj (.text:DCC_isBaseValid)
                  0000a6ce    00000015                   : sysctl.obj (.text:DCC_isBaseValid)
                  0000a6e3    00000015     FAPI_F28P55x_EABI_v4.00.00.lib : Read.obj (.text:Fapi_flushPipeline)
                  0000a6f8    00000015     driverlib.lib : mcan.obj (.text:MCAN_isBaseValid)
                  0000a70d    00000014                   : dcc.obj (.text:DCC_disableModule)
                  0000a721    00000014                   : sysctl.obj (.text:DCC_disableModule)
                  0000a735    00000014                   : dcc.obj (.text:DCC_enableErrorSignal)
                  0000a749    00000014                   : dcc.obj (.text:DCC_enableModule)
                  0000a75d    00000014                   : sysctl.obj (.text:DCC_enableModule)
                  0000a771    00000014                   : mcan.obj (.text:MCAN_getDataSize)
                  0000a785    00000014                   : mcan.obj (.text:MCAN_getMsgObjSize)
                  0000a799    00000011     FAPI_F28P55x_EABI_v4.00.00.lib : FlashStateMachine.obj (.text:Fapi_issueFsmCommand)
                  0000a7aa    00000010                                    : Utilities.obj (.text:Fapi_regReadback)
                  0000a7ba    00000010     driverlib.lib : flash.obj (.text:Flash_isCtrlBaseValid)
                  0000a7ca    00000010                   : flash.obj (.text:Flash_isECCBaseValid)
                  0000a7da    0000000d     FAPI_F28P55x_EABI_v4.00.00.lib : FlashStateMachine.obj (.text:Fapi_checkFsmForReady)
                  0000a7e7    0000000d     driverlib.lib : mcan.obj (.text:HW_RD_FIELD32_RAW)
                  0000a7f4    0000000c     rts2800_fpu32_eabi.lib : args_main.c.obj (.text)

.text.6    0    0000a8ae    0000003d     
                  0000a8ae    0000000d     rts2800_fpu32_eabi.lib : copy_zero_init.c.obj (.text:decompress:ZI:__TI_zero_init_nomemset)
                  0000a8bb    0000000b     driverlib.lib : sysctl.obj (.text:SysCtl_isMCDClockFailureDetected)
                  0000a8c6    00000008     rts2800_fpu32_eabi.lib : copy_decompress_none.c.obj (.text:decompress:none)
                  0000a8ce    00000007     driverlib.lib : mcan.obj (.text:HW_RD_REG32_RAW)
                  0000a8d5    00000007                   : mcan.obj (.text:HW_WR_REG32_RAW)
                  0000a8dc    00000007                   : sysctl.obj (.text:SysCtl_resetMCD)
                  0000a8e3    00000006     FAPI_F28P55x_EABI_v4.00.00.lib : FlashStateMachine.obj (.text:Fapi_setActiveFlashBank)
                  0000a8e9    00000002     rts2800_fpu32_eabi.lib : pre_init.c.obj (.text)

MODULE SUMMARY

       Module                                  code    ro data   rw data
       ------                                  ----    -------   -------
    .\
       MCAN_Boot.obj                           1501    204       106    
       flash_kernel_ex4_boot.obj               875     0         6      
       ex_4_cpu1brom_pll.obj                   429     0         4      
       flash_kernel_ex4_can_flash_kernel.obj   71      10        0      
       flash_kernel_ex4_codestartbranch.obj    37      0         0      
    +--+---------------------------------------+-------+---------+---------+
       Total:                                  2913    214       116    
                                                                        
    .\device\
       device.obj                              555     0         0      
    +--+---------------------------------------+-------+---------+---------+
       Total:                                  555     0         0      
                                                                        
    ../FAPI_F28P55x_EABI_v4.00.00.lib
       Program.obj                             393     0         0      
       Init.obj                                378     0         0      
       FlashStateMachine.obj                   229     0         0      
       Read.obj                                170     0         0      
       Program_512bits_AutoEcc.obj             157     0         0      
       Utilities.obj                           155     0         0      
       Async.obj                               102     0         0      
       BlankCheck.obj                          78      0         0      
       Verify.obj                              56      0         0      
    +--+---------------------------------------+-------+---------+---------+
       Total:                                  1718    0         0      
                                                                        
    C:/ti/c2000/C2000Ware_6_00_01_00/driverlib/f28p55x/driverlib/ccs/Debug/driverlib.lib
       mcan.obj                                2220    76        48     
       sysctl.obj                              1219    154       0      
       dcc.obj                                 658     151       0      
       gpio.obj                                471     152       0      
       flash.obj                               233     155       0      
       pga.obj                                 156     75        0      
    +--+---------------------------------------+-------+---------+---------+
       Total:                                  4957    763       48     
                                                                        
    C:\ti\ccs1281\ccs\tools\compiler\ti-cgt-c2000_22.6.1.LTS\lib\rts2800_fpu32_eabi.lib
       fs_div28.asm.obj                        136     0         0      
       copy_decompress_lzss.c.obj              48      0         0      
       exit.c.obj                              41      0         6      
       autoinit.c.obj                          43      0         0      
       memcpy.c.obj                            29      0         0      
       boot28.asm.obj                          23      0         0      
       _lock.c.obj                             9       0         4      
       copy_zero_init.c.obj                    13      0         0      
       args_main.c.obj                         12      0         0      
       copy_decompress_none.c.obj              8       0         0      
       pre_init.c.obj                          2       0         0      
       startup.c.obj                           1       0         0      
    +--+---------------------------------------+-------+---------+---------+
       Total:                                  365     0         10     
                                                                        
       Stack:                                  0       0         512    
       Linker Generated:                       0       64        0      
    +--+---------------------------------------+-------+---------+---------+
       Grand Total:                            10508   1041      686    


LINKER GENERATED COPY TABLES

__TI_cinit_table @ 0000022e records: 2, size/record: 4, table size: 8
	.data: load addr=000001f6, load size=0000002e bytes, run addr=0000a874, run size=0000003a bytes, compression=lzss
	.bss: load addr=0000022a, load size=00000004 bytes, run addr=0000a800, run size=00000074 bytes, compression=zero_init


LINKER GENERATED HANDLER TABLE

__TI_handler_table @ 00000224 records: 3, size/record: 2, table size: 6
	index: 0, handler: __TI_zero_init
	index: 1, handler: __TI_decompress_lzss
	index: 2, handler: __TI_decompress_none


GLOBAL DATA SYMBOLS: SORTED BY DATA PAGE

address     data page           name
--------    ----------------    ----
00000400      10 (00000400)     __stack

0000a800     2a0 (0000a800)     msgBufferIndex
0000a80c     2a0 (0000a800)     statusCode

0000a86a     2a1 (0000a840)     pllMultiplier
0000a86c     2a1 (0000a840)     pllDivider
0000a86e     2a1 (0000a840)     miniBuffer
0000a872     2a1 (0000a840)     GetWordData

0000a8a4     2a2 (0000a880)     __TI_enable_exit_profile_output
0000a8a6     2a2 (0000a880)     __TI_cleanup_ptr
0000a8a8     2a2 (0000a880)     __TI_dtors_ptr
0000a8aa     2a2 (0000a880)     _lock
0000a8ac     2a2 (0000a880)     _unlock

0000a900     2a4 (0000a900)     sectSize


GLOBAL SYMBOLS: SORTED ALPHABETICALLY BY Name 

page  address   name                                  
----  -------   ----                                  
0     00008ef3  BROMDCC_verifySingleShotClock         
0     0000a305  C$$EXIT                               
0     00008ea1  CPU1BROM_switchToPLL                  
0     00008e63  CPU1BROM_triggerSysPLLLock            
0     00008af8  ClearFSMStatus                        
0     00008800  CopyApplication                       
0     000099db  DCC_verifyClockFrequency              
0     00008ab2  DCSM_OTP_Write                        
0     00008c6a  Device_enableAllPeripherals           
0     00008bda  Device_init                           
0     00008d42  Device_initGPIO                       
0     00008d5c  Device_verifyXTAL                     
0     00008b68  Example_Error                         
0     0000a413  ExitBoot                              
0     0000a000  Fapi_CheckAddressValid                
0     0000a51c  Fapi_CheckLinkPointers                
0     0000a7da  Fapi_checkFsmForReady                 
0     0000a3e5  Fapi_checkRegionForValue              
0     00009e7d  Fapi_doBlankCheck                     
0     0000a182  Fapi_doVerify                         
0     0000a6e3  Fapi_flushPipeline                    
0     00008ffc  Fapi_getFsmStatus                     
0     00009189  Fapi_initializeAPI                    
0     0000a10b  Fapi_isAddressEcc                     
0     0000a147  Fapi_isAddressValid                   
0     0000a3c1  Fapi_issueAsyncCommand                
0     0000974d  Fapi_issueAutoEcc512ProgrammingCommand
0     0000a088  Fapi_issueBankEraseCommand            
0     0000a799  Fapi_issueFsmCommand                  
0     00009000  Fapi_issueProgrammingCommand          
0     00009d6a  Fapi_loopRegionForValue               
0     0000a7aa  Fapi_regReadback                      
0     0000a8e3  Fapi_setActiveFlashBank               
0     0000a42b  Fapi_setupBankSectorEnable            
0     00000128  Flash_initModule                      
0     000098f0  GPIO_setAnalogMode                    
0     00009ddc  GPIO_setPadConfig                     
0     0000a1ba  GPIO_setPinConfig                     
0     0000a1f1  GPIO_setQualificationMode             
0     00008ad6  GetLongData                           
0     0000a872  GetWordData                           
0     0000802f  MCAN_Boot                             
0     00009e2e  MCAN_addStdMsgIDFilter                
0     00009aa6  MCAN_config                           
0     000084b6  MCAN_getDataFromBuffer                
0     0000a785  MCAN_getMsgObjSize                    
0     0000a5b3  MCAN_getOpMode                        
0     00009800  MCAN_init                             
0     0000a44c  MCAN_isMemInitDone                    
0     000085dd  MCAN_msgRAMConfig                     
0     0000841d  MCAN_readMessage                      
0     00009b64  MCAN_readMsgRam                       
0     00008f43  MCAN_setBitTime                       
0     0000a538  MCAN_setOpMode                        
0     0000a284  MCAN_txBufAddReq                      
0     0000879f  MCAN_writeMsgRam                      
0     0000a0ca  PGA_setOffsetTrimNMOS                 
0     0000a044  PGA_setOffsetTrimPMOS                 
0     00008ae8  ReadReservedFn                        
0     00008b21  SetFlashAPIError                      
0     000001f1  SysCtl_delay                          
0     0000964f  SysCtl_isPLLValid                     
0     00009ecb  SysCtl_selectOscSource                
0     00009f59  SysCtl_selectXTAL                     
0     0000a354  SysCtl_selectXTALSingleEnded          
0     00009303  SysCtl_setClock                       
0     0000a32e  Write_32                              
0     0000a2db  Write_32bp                            
0     0000022e  __TI_CINIT_Base                       
0     00000236  __TI_CINIT_Limit                      
0     00000236  __TI_CINIT_Warm                       
0     00000224  __TI_Handler_Table_Base               
0     0000022a  __TI_Handler_Table_Limit              
0     00000600  __TI_STACK_END                        
abs   00000200  __TI_STACK_SIZE                       
0     0000a2b0  __TI_auto_init_nobinit_nopinit        
0     0000a8a6  __TI_cleanup_ptr                      
0     0000a228  __TI_decompress_lzss                  
0     0000a8c6  __TI_decompress_none                  
0     0000a8a8  __TI_dtors_ptr                        
0     0000a8a4  __TI_enable_exit_profile_output       
abs   ffffffff  __TI_pprof_out_hndl                   
abs   ffffffff  __TI_prof_data_size                   
abs   ffffffff  __TI_prof_data_start                  
0     0000a8ae  __TI_zero_init_nomemset               
0     00009bfc  __c28xabi_divf                        
n/a   UNDEFED   __c_args__                            
0     00008d8f  __error__                             
0     00000400  __stack                               
0     0000a7f4  _args_main                            
0     0000a5f8  _c_int00                              
0     0000a8aa  _lock                                 
0     000087fe  _nop                                  
0     000087fa  _register_lock                        
0     000087f6  _register_unlock                      
0     000087ff  _system_post_cinit                    
0     0000a8e9  _system_pre_init                      
0     0000a8ac  _unlock                               
0     0000a305  abort                                 
0     00000000  code_start                            
0     000085da  exampleError                          
0     0000a307  exit                                  
0     00008552  fsm_clearStatus                       
0     00009f12  main                                  
0     0000a4e3  memcpy                                
0     0000a86e  miniBuffer                            
0     0000a800  msgBufferIndex                        
0     0000a86c  pllDivider                            
0     0000a86a  pllMultiplier                         
0     0000a900  sectSize                              
0     0000857c  setFlashAPIError                      
0     0000a80c  statusCode                            


GLOBAL SYMBOLS: SORTED BY Symbol Address 

page  address   name                                  
----  -------   ----                                  
0     00000000  code_start                            
0     00000128  Flash_initModule                      
0     000001f1  SysCtl_delay                          
0     00000224  __TI_Handler_Table_Base               
0     0000022a  __TI_Handler_Table_Limit              
0     0000022e  __TI_CINIT_Base                       
0     00000236  __TI_CINIT_Limit                      
0     00000236  __TI_CINIT_Warm                       
0     00000400  __stack                               
0     00000600  __TI_STACK_END                        
0     0000802f  MCAN_Boot                             
0     0000841d  MCAN_readMessage                      
0     000084b6  MCAN_getDataFromBuffer                
0     00008552  fsm_clearStatus                       
0     0000857c  setFlashAPIError                      
0     000085da  exampleError                          
0     000085dd  MCAN_msgRAMConfig                     
0     0000879f  MCAN_writeMsgRam                      
0     000087f6  _register_unlock                      
0     000087fa  _register_lock                        
0     000087fe  _nop                                  
0     000087ff  _system_post_cinit                    
0     00008800  CopyApplication                       
0     00008ab2  DCSM_OTP_Write                        
0     00008ad6  GetLongData                           
0     00008ae8  ReadReservedFn                        
0     00008af8  ClearFSMStatus                        
0     00008b21  SetFlashAPIError                      
0     00008b68  Example_Error                         
0     00008bda  Device_init                           
0     00008c6a  Device_enableAllPeripherals           
0     00008d42  Device_initGPIO                       
0     00008d5c  Device_verifyXTAL                     
0     00008d8f  __error__                             
0     00008e63  CPU1BROM_triggerSysPLLLock            
0     00008ea1  CPU1BROM_switchToPLL                  
0     00008ef3  BROMDCC_verifySingleShotClock         
0     00008f43  MCAN_setBitTime                       
0     00008ffc  Fapi_getFsmStatus                     
0     00009000  Fapi_issueProgrammingCommand          
0     00009189  Fapi_initializeAPI                    
0     00009303  SysCtl_setClock                       
0     0000964f  SysCtl_isPLLValid                     
0     0000974d  Fapi_issueAutoEcc512ProgrammingCommand
0     00009800  MCAN_init                             
0     000098f0  GPIO_setAnalogMode                    
0     000099db  DCC_verifyClockFrequency              
0     00009aa6  MCAN_config                           
0     00009b64  MCAN_readMsgRam                       
0     00009bfc  __c28xabi_divf                        
0     00009d6a  Fapi_loopRegionForValue               
0     00009ddc  GPIO_setPadConfig                     
0     00009e2e  MCAN_addStdMsgIDFilter                
0     00009e7d  Fapi_doBlankCheck                     
0     00009ecb  SysCtl_selectOscSource                
0     00009f12  main                                  
0     00009f59  SysCtl_selectXTAL                     
0     0000a000  Fapi_CheckAddressValid                
0     0000a044  PGA_setOffsetTrimPMOS                 
0     0000a088  Fapi_issueBankEraseCommand            
0     0000a0ca  PGA_setOffsetTrimNMOS                 
0     0000a10b  Fapi_isAddressEcc                     
0     0000a147  Fapi_isAddressValid                   
0     0000a182  Fapi_doVerify                         
0     0000a1ba  GPIO_setPinConfig                     
0     0000a1f1  GPIO_setQualificationMode             
0     0000a228  __TI_decompress_lzss                  
0     0000a284  MCAN_txBufAddReq                      
0     0000a2b0  __TI_auto_init_nobinit_nopinit        
0     0000a2db  Write_32bp                            
0     0000a305  C$$EXIT                               
0     0000a305  abort                                 
0     0000a307  exit                                  
0     0000a32e  Write_32                              
0     0000a354  SysCtl_selectXTALSingleEnded          
0     0000a3c1  Fapi_issueAsyncCommand                
0     0000a3e5  Fapi_checkRegionForValue              
0     0000a413  ExitBoot                              
0     0000a42b  Fapi_setupBankSectorEnable            
0     0000a44c  MCAN_isMemInitDone                    
0     0000a4e3  memcpy                                
0     0000a51c  Fapi_CheckLinkPointers                
0     0000a538  MCAN_setOpMode                        
0     0000a5b3  MCAN_getOpMode                        
0     0000a5f8  _c_int00                              
0     0000a6e3  Fapi_flushPipeline                    
0     0000a785  MCAN_getMsgObjSize                    
0     0000a799  Fapi_issueFsmCommand                  
0     0000a7aa  Fapi_regReadback                      
0     0000a7da  Fapi_checkFsmForReady                 
0     0000a7f4  _args_main                            
0     0000a800  msgBufferIndex                        
0     0000a80c  statusCode                            
0     0000a86a  pllMultiplier                         
0     0000a86c  pllDivider                            
0     0000a86e  miniBuffer                            
0     0000a872  GetWordData                           
0     0000a8a4  __TI_enable_exit_profile_output       
0     0000a8a6  __TI_cleanup_ptr                      
0     0000a8a8  __TI_dtors_ptr                        
0     0000a8aa  _lock                                 
0     0000a8ac  _unlock                               
0     0000a8ae  __TI_zero_init_nomemset               
0     0000a8c6  __TI_decompress_none                  
0     0000a8e3  Fapi_setActiveFlashBank               
0     0000a8e9  _system_pre_init                      
0     0000a900  sectSize                              
abs   00000200  __TI_STACK_SIZE                       
abs   ffffffff  __TI_pprof_out_hndl                   
abs   ffffffff  __TI_prof_data_size                   
abs   ffffffff  __TI_prof_data_start                  
n/a   UNDEFED   __c_args__                            

[112 symbols]
